
 Start         Length     Name                   Class
 0001:00401000 000089BACH _TEXT                  CODE
 0002:0048B000 0000089D0H _DATA                  DATA
 0003:004939D0 000004244H _BSS                   BSS
 0004:00000000 0000000B4H _TLS                   TLS


Detailed map of segments
 0001:00000000 0000014F C=CODE    S=_TEXT    G=(none)   M=C:\PROGRAM FILES\BORLAND\CBUILDER5\LIB\C0W32.OBJ ACBP=A9
 0001:0000014F 00000171 C=CODE    S=_TEXT    G=(none)   M=C:\PROGRAM FILES\BORLAND\CBUILDER5\LIB\OBJ\SYSINIT.OBJ ACBP=A9
 0001:000002C0 00000D3D C=CODE    S=_TEXT    G=(none)   M=D:\STASIEK\MY PROJECTS\OBSOLETE\PROGS\KOPEREK.VCL\KOP32.OBJ ACBP=A9
 0001:00000FFD 00002F83 C=CODE    S=_TEXT    G=(none)   M=D:\STASIEK\MY PROJECTS\OBSOLETE\PROGS\KOPEREK.VCL\KOPER_FRM.OBJ ACBP=A9
 0001:00003F34 0000025C C=CODE    S=_TEXT    G=(none)   M=D:\STASIEK\MY PROJECTS\OBSOLETE\PROGS\KOPEREK.VCL\BREAK_FRM.OBJ ACBP=A9
 0001:00004144 000005C0 C=CODE    S=_TEXT    G=(none)   M=D:\STASIEK\MY PROJECTS\OBSOLETE\PROGS\KOPEREK.VCL\HASLO_FRM.OBJ ACBP=A9
 0001:000046B8 00000BA0 C=CODE    S=_TEXT    G=(none)   M=D:\STASIEK\MY PROJECTS\OBSOLETE\PROGS\KOPEREK.VCL\INFOS_FRM.OBJ ACBP=A9
 0001:0000520C 000001B0 C=CODE    S=_TEXT    G=(none)   M=D:\STASIEK\MY PROJECTS\OBSOLETE\PROGS\KOPEREK.VCL\JOURNAL_FRM.OBJ ACBP=A9
 0001:000053BC 000001B4 C=CODE    S=_TEXT    G=(none)   M=D:\STASIEK\MY PROJECTS\OBSOLETE\PROGS\KOPEREK.VCL\LISTA_FRM.OBJ ACBP=A9
 0001:00005570 00001970 C=CODE    S=_TEXT    G=(none)   M=D:\STASIEK\MY PROJECTS\OBSOLETE\PROGS\KOPEREK.VCL\QUEST_FRM.OBJ ACBP=A9
 0001:00006E94 0000073C C=CODE    S=_TEXT    G=(none)   M=D:\STASIEK\MY PROJECTS\OBSOLETE\FORM_TEMPLATES\ABOUT_FRM.OBJ ACBP=A9
 0001:00007584 0000107D C=CODE    S=_TEXT    G=(none)   M=C:\PROGRAM FILES\BORLAND\CBUILDER5\PROJECTS\LIB\DCLUSR50.LIB|D:\stasiek\My Projects\OBSOLETE\PACKAGES\ADVBAR.CPP ACBP=A9
 0001:00008601 00000AB7 C=CODE    S=_TEXT    G=(none)   M=C:\PROGRAM FILES\BORLAND\CBUILDER5\PROJECTS\LIB\DCLUSR50.LIB|D:\stasiek\My Projects\OBSOLETE\PACKAGES\BROWSEDLG.cpp ACBP=A9
 0001:000090B8 00000F3C C=CODE    S=_TEXT    G=(none)   M=C:\PROGRAM FILES\BORLAND\CBUILDER5\PROJECTS\LIB\DCLUSR50.LIB|D:\stasiek\My Projects\OBSOLETE\PACKAGES\EXEDLG.CPP ACBP=A9
 0001:00009FF4 000014A8 C=CODE    S=_TEXT    G=(none)   M=C:\PROGRAM FILES\BORLAND\CBUILDER5\PROJECTS\LIB\DCLUSR50.LIB|C:\OBSOLETE\PACKAGES\EXEINFO.CPP ACBP=A9
 0001:0000B49C 00000888 C=CODE    S=_TEXT    G=(none)   M=C:\PROGRAM FILES\BORLAND\CBUILDER5\PROJECTS\LIB\DCLUSR50.LIB|D:\stasiek\My Projects\OBSOLETE\PACKAGES\EXERES.CPP ACBP=A9
 0001:0000BD24 000011E4 C=CODE    S=_TEXT    G=(none)   M=C:\PROGRAM FILES\BORLAND\CBUILDER5\PROJECTS\LIB\DCLUSR50.LIB|D:\stasiek\My Projects\OBSOLETE\PACKAGES\FRAMEPAN.CPP ACBP=A9
 0001:0000CF08 00000700 C=CODE    S=_TEXT    G=(none)   M=C:\PROGRAM FILES\BORLAND\CBUILDER5\PROJECTS\LIB\DCLUSR50.LIB|C:\Program Files\Borland\CBuilder5\Projects\OBSOLETE\PACKAGES\SYSTRAY.CPP ACBP=A9
 0001:0000D608 000016DB C=CODE    S=_TEXT    G=(none)   M=C:\PROGRAM FILES\BORLAND\CBUILDER5\LIB\DEBUG\VCLX50.LIB|CheckLst ACBP=A9
 0001:0000ECE3 00000039 C=CODE    S=_TEXT    G=(none)   M=C:\PROGRAM FILES\BORLAND\CBUILDER5\LIB\DEBUG\VCLX50.LIB|FileCtrl ACBP=A9
 0001:0000ED1C 00000240 C=CODE    S=_TEXT    G=(none)   M=C:\PROGRAM FILES\BORLAND\CBUILDER5\LIB\DEBUG\VCL50.LIB|Contnrs ACBP=A9
 0001:0000EF5C 00000038 C=CODE    S=_TEXT    G=(none)   M=C:\PROGRAM FILES\BORLAND\CBUILDER5\LIB\DEBUG\VCL50.LIB|UrlMon ACBP=A9
 0001:0000EF94 00000170 C=CODE    S=_TEXT    G=(none)   M=C:\PROGRAM FILES\BORLAND\CBUILDER5\LIB\DEBUG\VCL50.LIB|StdActns ACBP=A9
 0001:0000F104 00001DA8 C=CODE    S=_TEXT    G=(none)   M=C:\PROGRAM FILES\BORLAND\CBUILDER5\LIB\DEBUG\VCL50.LIB|ImgList ACBP=A9
 0001:00010EAC 0000137C C=CODE    S=_TEXT    G=(none)   M=C:\PROGRAM FILES\BORLAND\CBUILDER5\LIB\DEBUG\VCL50.LIB|ActnList ACBP=A9
 0001:00012228 00000C64 C=CODE    S=_TEXT    G=(none)   M=C:\PROGRAM FILES\BORLAND\CBUILDER5\LIB\DEBUG\VCL50.LIB|ToolWin ACBP=A9
 0001:00012E8C 0000060C C=CODE    S=_TEXT    G=(none)   M=C:\PROGRAM FILES\BORLAND\CBUILDER5\LIB\DEBUG\VCL50.LIB|TypInfo ACBP=A9
 0001:00013498 0000B7CC C=CODE    S=_TEXT    G=(none)   M=C:\PROGRAM FILES\BORLAND\CBUILDER5\LIB\DEBUG\VCL50.LIB|StdCtrls ACBP=A9
 0001:0001EC64 00000044 C=CODE    S=_TEXT    G=(none)   M=C:\PROGRAM FILES\BORLAND\CBUILDER5\LIB\DEBUG\VCL50.LIB|Printers ACBP=A9
 0001:0001ECA8 000074F3 C=CODE    S=_TEXT    G=(none)   M=C:\PROGRAM FILES\BORLAND\CBUILDER5\LIB\DEBUG\VCL50.LIB|Menus ACBP=A9
 0001:0002619C 0000A507 C=CODE    S=_TEXT    G=(none)   M=C:\PROGRAM FILES\BORLAND\CBUILDER5\LIB\DEBUG\VCL50.LIB|Graphics ACBP=A9
 0001:000306A4 0000F2AF C=CODE    S=_TEXT    G=(none)   M=C:\PROGRAM FILES\BORLAND\CBUILDER5\LIB\DEBUG\VCL50.LIB|Forms ACBP=A9
 0001:0003F954 00002C8C C=CODE    S=_TEXT    G=(none)   M=C:\PROGRAM FILES\BORLAND\CBUILDER5\LIB\DEBUG\VCL50.LIB|ExtCtrls ACBP=A9
 0001:000425E0 0000026D C=CODE    S=_TEXT    G=(none)   M=C:\PROGRAM FILES\BORLAND\CBUILDER5\LIB\DEBUG\VCL50.LIB|Dialogs ACBP=A9
 0001:00042850 00013488 C=CODE    S=_TEXT    G=(none)   M=C:\PROGRAM FILES\BORLAND\CBUILDER5\LIB\DEBUG\VCL50.LIB|Controls ACBP=A9
 0001:00055CD8 000003D0 C=CODE    S=_TEXT    G=(none)   M=C:\PROGRAM FILES\BORLAND\CBUILDER5\LIB\DEBUG\VCL50.LIB|Consts ACBP=A9
 0001:000560A8 00000080 C=CODE    S=_TEXT    G=(none)   M=C:\PROGRAM FILES\BORLAND\CBUILDER5\LIB\DEBUG\VCL50.LIB|ComStrs ACBP=A9
 0001:00056128 0000F8E4 C=CODE    S=_TEXT    G=(none)   M=C:\PROGRAM FILES\BORLAND\CBUILDER5\LIB\DEBUG\VCL50.LIB|ComCtrls ACBP=A9
 0001:00065A0C 00000098 C=CODE    S=_TEXT    G=(none)   M=C:\PROGRAM FILES\BORLAND\CBUILDER5\LIB\DEBUG\VCL50.LIB|ClipBrd ACBP=A9
 0001:00065AA4 00009A3B C=CODE    S=_TEXT    G=(none)   M=C:\PROGRAM FILES\BORLAND\CBUILDER5\LIB\DEBUG\VCL50.LIB|Classes ACBP=A9
 0001:0006F4DF 00002806 C=CODE    S=_TEXT    G=(none)   M=C:\PROGRAM FILES\BORLAND\CBUILDER5\LIB\DEBUG\VCL50.LIB|Buttons ACBP=A9
 0001:00071CE5 0000088E C=CODE    S=_TEXT    G=(none)   M=C:\PROGRAM FILES\BORLAND\CBUILDER5\LIB\DEBUG\VCL50.LIB|MultiMon ACBP=A9
 0001:00072573 0000036C C=CODE    S=_TEXT    G=(none)   M=C:\PROGRAM FILES\BORLAND\CBUILDER5\LIB\DEBUG\VCL50.LIB|FlatSB ACBP=A9
 0001:000728DF 00000039 C=CODE    S=_TEXT    G=(none)   M=C:\PROGRAM FILES\BORLAND\CBUILDER5\LIB\DEBUG\VCL50.LIB|Winspool ACBP=A9
 0001:00072918 00000038 C=CODE    S=_TEXT    G=(none)   M=C:\PROGRAM FILES\BORLAND\CBUILDER5\LIB\DEBUG\VCL50.LIB|Wininet ACBP=A9
 0001:00072950 000002E4 C=CODE    S=_TEXT    G=(none)   M=C:\PROGRAM FILES\BORLAND\CBUILDER5\LIB\DEBUG\VCL50.LIB|Windows ACBP=A9
 0001:00072C34 00000038 C=CODE    S=_TEXT    G=(none)   M=C:\PROGRAM FILES\BORLAND\CBUILDER5\LIB\DEBUG\VCL50.LIB|ShlObj ACBP=A9
 0001:00072C6C 00000038 C=CODE    S=_TEXT    G=(none)   M=C:\PROGRAM FILES\BORLAND\CBUILDER5\LIB\DEBUG\VCL50.LIB|ShellApi ACBP=A9
 0001:00072CA4 00000038 C=CODE    S=_TEXT    G=(none)   M=C:\PROGRAM FILES\BORLAND\CBUILDER5\LIB\DEBUG\VCL50.LIB|RichEdit ACBP=A9
 0001:00072CDC 00000038 C=CODE    S=_TEXT    G=(none)   M=C:\PROGRAM FILES\BORLAND\CBUILDER5\LIB\DEBUG\VCL50.LIB|RegStr ACBP=A9
 0001:00072D14 00000038 C=CODE    S=_TEXT    G=(none)   M=C:\PROGRAM FILES\BORLAND\CBUILDER5\LIB\DEBUG\VCL50.LIB|ActiveX ACBP=A9
 0001:00072D4C 00000038 C=CODE    S=_TEXT    G=(none)   M=C:\PROGRAM FILES\BORLAND\CBUILDER5\LIB\DEBUG\VCL50.LIB|Messages ACBP=A9
 0001:00072D84 00000038 C=CODE    S=_TEXT    G=(none)   M=C:\PROGRAM FILES\BORLAND\CBUILDER5\LIB\DEBUG\VCL50.LIB|Imm ACBP=A9
 0001:00072DBC 00000038 C=CODE    S=_TEXT    G=(none)   M=C:\PROGRAM FILES\BORLAND\CBUILDER5\LIB\DEBUG\VCL50.LIB|Dlgs ACBP=A9
 0001:00072DF4 00000038 C=CODE    S=_TEXT    G=(none)   M=C:\PROGRAM FILES\BORLAND\CBUILDER5\LIB\DEBUG\VCL50.LIB|CommDlg ACBP=A9
 0001:00072E2C 000003C0 C=CODE    S=_TEXT    G=(none)   M=C:\PROGRAM FILES\BORLAND\CBUILDER5\LIB\DEBUG\VCL50.LIB|CommCtrl ACBP=A9
 0001:000731EC 00000064 C=CODE    S=_TEXT    G=(none)   M=C:\PROGRAM FILES\BORLAND\CBUILDER5\LIB\DEBUG\VCL50.LIB|Math ACBP=A9
 0001:00073250 000002C8 C=CODE    S=_TEXT    G=(none)   M=C:\PROGRAM FILES\BORLAND\CBUILDER5\LIB\DEBUG\VCL50.LIB|SysConst ACBP=A9
 0001:00073518 00004A80 C=CODE    S=_TEXT    G=(none)   M=C:\PROGRAM FILES\BORLAND\CBUILDER5\LIB\DEBUG\VCL50.LIB|SysUtils ACBP=A9
 0001:00077F98 00005FC4 C=CODE    S=_TEXT    G=(none)   M=C:\PROGRAM FILES\BORLAND\CBUILDER5\LIB\DEBUG\VCL50.LIB|System ACBP=A9
 0001:0007DF5C 00000007 C=CODE    S=_TEXT    G=(none)   M=C:\PROGRAM FILES\BORLAND\CBUILDER5\LIB\VCL.LIB|vclstd ACBP=A9
 0001:0007DF64 0000002B C=CODE    S=_TEXT    G=(none)   M=C:\PROGRAM FILES\BORLAND\CBUILDER5\LIB\CP32MT.LIB|calloc ACBP=A9
 0001:0007DF90 0000000F C=CODE    S=_TEXT    G=(none)   M=C:\PROGRAM FILES\BORLAND\CBUILDER5\LIB\CP32MT.LIB|del ACBP=A9
 0001:0007DFA0 0000000F C=CODE    S=_TEXT    G=(none)   M=C:\PROGRAM FILES\BORLAND\CBUILDER5\LIB\CP32MT.LIB|delarray ACBP=A9
 0001:0007DFB0 000001B6 C=CODE    S=_TEXT    G=(none)   M=C:\PROGRAM FILES\BORLAND\CBUILDER5\LIB\CP32MT.LIB|new ACBP=A9
 0001:0007E168 0000000F C=CODE    S=_TEXT    G=(none)   M=C:\PROGRAM FILES\BORLAND\CBUILDER5\LIB\CP32MT.LIB|newarray ACBP=A9
 0001:0007E178 000000DB C=CODE    S=_TEXT    G=(none)   M=C:\PROGRAM FILES\BORLAND\CBUILDER5\LIB\CP32MT.LIB|setnew ACBP=A9
 0001:0007E24C 000001CD C=CODE    S=_TEXT    G=(none)   M=C:\PROGRAM FILES\BORLAND\CBUILDER5\LIB\CP32MT.LIB|hrdir_b ACBP=A9
 0001:0007E41C 0000006F C=CODE    S=_TEXT    G=(none)   M=C:\PROGRAM FILES\BORLAND\CBUILDER5\LIB\CP32MT.LIB|hrdir_bh ACBP=A9
 0001:0007E48C 00000020 C=CODE    S=_TEXT    G=(none)   M=C:\PROGRAM FILES\BORLAND\CBUILDER5\LIB\CP32MT.LIB|hrdir_mf ACBP=A9
 0001:0007E4AC 00000016 C=CODE    S=_TEXT    G=(none)   M=C:\PROGRAM FILES\BORLAND\CBUILDER5\LIB\CP32MT.LIB|hrdir_r ACBP=A9
 0001:0007E4C4 000000B8 C=CODE    S=_TEXT    G=(none)   M=C:\PROGRAM FILES\BORLAND\CBUILDER5\LIB\CP32MT.LIB|hrdir_s ACBP=A9
 0001:0007E57C 00000001 C=CODE    S=_TEXT    G=(none)   M=C:\PROGRAM FILES\BORLAND\CBUILDER5\LIB\CP32MT.LIB|hrdir_us ACBP=A9
 0001:0007E580 00000095 C=CODE    S=_TEXT    G=(none)   M=C:\PROGRAM FILES\BORLAND\CBUILDER5\LIB\CP32MT.LIB|pheap ACBP=A9
 0001:0007E615 00000042 C=CODE    S=_TEXT    G=(none)   M=C:\PROGRAM FILES\BORLAND\CBUILDER5\LIB\CP32MT.LIB|crtlvcl ACBP=A9
 0001:0007E656 0000002F C=CODE    S=_TEXT    G=(none)   M=C:\PROGRAM FILES\BORLAND\CBUILDER5\LIB\CP32MT.LIB|syshook ACBP=A9
 0001:0007E688 0000015C C=CODE    S=_TEXT    G=(none)   M=C:\PROGRAM FILES\BORLAND\CBUILDER5\LIB\CP32MT.LIB|predecl ACBP=A9
 0001:0007E7E4 00000178 C=CODE    S=_TEXT    G=(none)   M=C:\PROGRAM FILES\BORLAND\CBUILDER5\LIB\CP32MT.LIB|stdexcpt ACBP=A9
 0001:0007E8D8 00000024 C=CODE    S=_TEXT    G=(none)   M=C:\PROGRAM FILES\BORLAND\CBUILDER5\LIB\CP32MT.LIB|memcpy ACBP=A9
 0001:0007E8FC 0000004A C=CODE    S=_TEXT    G=(none)   M=C:\PROGRAM FILES\BORLAND\CBUILDER5\LIB\CP32MT.LIB|memmove ACBP=A9
 0001:0007E948 0000008A C=CODE    S=_TEXT    G=(none)   M=C:\PROGRAM FILES\BORLAND\CBUILDER5\LIB\CP32MT.LIB|memset ACBP=A9
 0001:0007E9D4 00000018 C=CODE    S=_TEXT    G=(none)   M=C:\PROGRAM FILES\BORLAND\CBUILDER5\LIB\CP32MT.LIB|wmemset ACBP=A9
 0001:0007E9EC 0000003C C=CODE    S=_TEXT    G=(none)   M=C:\PROGRAM FILES\BORLAND\CBUILDER5\LIB\CP32MT.LIB|strcat ACBP=A9
 0001:0007EA28 0000005A C=CODE    S=_TEXT    G=(none)   M=C:\PROGRAM FILES\BORLAND\CBUILDER5\LIB\CP32MT.LIB|strlen ACBP=A9
 0001:0007EA84 0000006E C=CODE    S=_TEXT    G=(none)   M=C:\PROGRAM FILES\BORLAND\CBUILDER5\LIB\CP32MT.LIB|strncat ACBP=A9
 0001:0007EAF4 00000027 C=CODE    S=_TEXT    G=(none)   M=C:\PROGRAM FILES\BORLAND\CBUILDER5\LIB\CP32MT.LIB|strncmp ACBP=A9
 0001:0007EB1C 0000000A C=CODE    S=_TEXT    G=(none)   M=C:\PROGRAM FILES\BORLAND\CBUILDER5\LIB\CP32MT.LIB|__strstr ACBP=A9
 0001:0007EB28 0000006C C=CODE    S=_TEXT    G=(none)   M=C:\PROGRAM FILES\BORLAND\CBUILDER5\LIB\CP32MT.LIB|memcmp ACBP=A9
 0001:0007EB94 00000032 C=CODE    S=_TEXT    G=(none)   M=C:\PROGRAM FILES\BORLAND\CBUILDER5\LIB\CP32MT.LIB|strdup ACBP=A9
 0001:0007EBC8 0000004F C=CODE    S=_TEXT    G=(none)   M=C:\PROGRAM FILES\BORLAND\CBUILDER5\LIB\CP32MT.LIB|strncpy ACBP=A9
 0001:0007EC18 00000054 C=CODE    S=_TEXT    G=(none)   M=C:\PROGRAM FILES\BORLAND\CBUILDER5\LIB\CP32MT.LIB|strstr ACBP=A9
 0001:0007EC6C 0000006E C=CODE    S=_TEXT    G=(none)   M=C:\PROGRAM FILES\BORLAND\CBUILDER5\LIB\CP32MT.LIB|strtok ACBP=A9
 0001:0007ECDC 00000018 C=CODE    S=_TEXT    G=(none)   M=C:\PROGRAM FILES\BORLAND\CBUILDER5\LIB\CP32MT.LIB|wcslen ACBP=A9
 0001:0007ECF4 0000003F C=CODE    S=_TEXT    G=(none)   M=C:\PROGRAM FILES\BORLAND\CBUILDER5\LIB\CP32MT.LIB|wcscpy ACBP=A9
 0001:0007ED34 00000070 C=CODE    S=_TEXT    G=(none)   M=C:\PROGRAM FILES\BORLAND\CBUILDER5\LIB\CP32MT.LIB|xxa ACBP=A9
 0001:0007EDA4 00000A42 C=CODE    S=_TEXT    G=(none)   M=C:\PROGRAM FILES\BORLAND\CBUILDER5\LIB\CP32MT.LIB|xxtype ACBP=A9
 0001:0007F7E6 000000B6 C=CODE    S=_TEXT    G=(none)   M=C:\PROGRAM FILES\BORLAND\CBUILDER5\LIB\CP32MT.LIB|xxut ACBP=A9
 0001:0007F888 0000014B C=CODE    S=_TEXT    G=(none)   M=C:\PROGRAM FILES\BORLAND\CBUILDER5\LIB\CP32MT.LIB|xxv ACBP=A9
 0001:0007F9D4 0000000A C=CODE    S=_TEXT    G=(none)   M=C:\PROGRAM FILES\BORLAND\CBUILDER5\LIB\CP32MT.LIB|defhandl ACBP=A9
 0001:0007F9E0 00000179 C=CODE    S=_TEXT    G=(none)   M=C:\PROGRAM FILES\BORLAND\CBUILDER5\LIB\CP32MT.LIB|except ACBP=A9
 0001:0007FB5C 00000046 C=CODE    S=_TEXT    G=(none)   M=C:\PROGRAM FILES\BORLAND\CBUILDER5\LIB\CP32MT.LIB|setexc ACBP=A9
 0001:0007FBA4 00000022 C=CODE    S=_TEXT    G=(none)   M=C:\PROGRAM FILES\BORLAND\CBUILDER5\LIB\CP32MT.LIB|ta ACBP=A9
 0001:0007FBC8 00000047 C=CODE    S=_TEXT    G=(none)   M=C:\PROGRAM FILES\BORLAND\CBUILDER5\LIB\CP32MT.LIB|__isatty ACBP=A9
 0001:0007FC10 00000084 C=CODE    S=_TEXT    G=(none)   M=C:\PROGRAM FILES\BORLAND\CBUILDER5\LIB\CP32MT.LIB|__lseek ACBP=A9
 0001:0007FC94 00000132 C=CODE    S=_TEXT    G=(none)   M=C:\PROGRAM FILES\BORLAND\CBUILDER5\LIB\CP32MT.LIB|__write ACBP=A9
 0001:0007FDC8 00000011 C=CODE    S=_TEXT    G=(none)   M=C:\PROGRAM FILES\BORLAND\CBUILDER5\LIB\CP32MT.LIB|_cfinfo ACBP=A9
 0001:0007FDDC 00000042 C=CODE    S=_TEXT    G=(none)   M=C:\PROGRAM FILES\BORLAND\CBUILDER5\LIB\CP32MT.LIB|_flshall ACBP=A9
 0001:0007FE20 00000061 C=CODE    S=_TEXT    G=(none)   M=C:\PROGRAM FILES\BORLAND\CBUILDER5\LIB\CP32MT.LIB|_write ACBP=A9
 0001:0007FE84 0000007D C=CODE    S=_TEXT    G=(none)   M=C:\PROGRAM FILES\BORLAND\CBUILDER5\LIB\CP32MT.LIB|allocbuf ACBP=A9
 0001:0007FF04 0000008F C=CODE    S=_TEXT    G=(none)   M=C:\PROGRAM FILES\BORLAND\CBUILDER5\LIB\CP32MT.LIB|fflush ACBP=A9
 0001:0007FF94 00000064 C=CODE    S=_TEXT    G=(none)   M=C:\PROGRAM FILES\BORLAND\CBUILDER5\LIB\CP32MT.LIB|flushout ACBP=A9
 0001:0007FFF8 00000023 C=CODE    S=_TEXT    G=(none)   M=C:\PROGRAM FILES\BORLAND\CBUILDER5\LIB\CP32MT.LIB|fmodeptr ACBP=A9
 0001:0008001C 000003EB C=CODE    S=_TEXT    G=(none)   M=C:\PROGRAM FILES\BORLAND\CBUILDER5\LIB\CP32MT.LIB|handles ACBP=A9
 0001:00080408 0000008A C=CODE    S=_TEXT    G=(none)   M=C:\PROGRAM FILES\BORLAND\CBUILDER5\LIB\CP32MT.LIB|ioerror ACBP=A9
 0001:00080492 00000083 C=CODE    S=_TEXT    G=(none)   M=C:\PROGRAM FILES\BORLAND\CBUILDER5\LIB\CP32MT.LIB|perror ACBP=A9
 0001:00080494 00000100 C=CODE    S=_TEXT    G=(none)   M=C:\PROGRAM FILES\BORLAND\CBUILDER5\LIB\CP32MT.LIB|snprntf ACBP=A9
 0001:00080594 00000078 C=CODE    S=_TEXT    G=(none)   M=C:\PROGRAM FILES\BORLAND\CBUILDER5\LIB\CP32MT.LIB|sprintf ACBP=A9
 0001:0008060C 00000270 C=CODE    S=_TEXT    G=(none)   M=C:\PROGRAM FILES\BORLAND\CBUILDER5\LIB\CP32MT.LIB|streams ACBP=A9
 0001:0008087C 000009EC C=CODE    S=_TEXT    G=(none)   M=C:\PROGRAM FILES\BORLAND\CBUILDER5\LIB\CP32MT.LIB|vprinter ACBP=A9
 0001:00081268 00000031 C=CODE    S=_TEXT    G=(none)   M=C:\PROGRAM FILES\BORLAND\CBUILDER5\LIB\CP32MT.LIB|xfflush ACBP=A9
 0001:0008129C 00000051 C=CODE    S=_TEXT    G=(none)   M=C:\PROGRAM FILES\BORLAND\CBUILDER5\LIB\CP32MT.LIB|getinfo ACBP=A9
 0001:000812F0 00000102 C=CODE    S=_TEXT    G=(none)   M=C:\PROGRAM FILES\BORLAND\CBUILDER5\LIB\CP32MT.LIB|is ACBP=A9
 0001:000813F4 00000103 C=CODE    S=_TEXT    G=(none)   M=C:\PROGRAM FILES\BORLAND\CBUILDER5\LIB\CP32MT.LIB|wis ACBP=A9
 0001:000814F8 00000043 C=CODE    S=_TEXT    G=(none)   M=C:\PROGRAM FILES\BORLAND\CBUILDER5\LIB\CP32MT.LIB|isctype ACBP=A9
 0001:0008153C 00000055 C=CODE    S=_TEXT    G=(none)   M=C:\PROGRAM FILES\BORLAND\CBUILDER5\LIB\CP32MT.LIB|iswctype ACBP=A9
 0001:00081594 00000024 C=CODE    S=_TEXT    G=(none)   M=C:\PROGRAM FILES\BORLAND\CBUILDER5\LIB\CP32MT.LIB|lstrupr ACBP=A9
 0001:000815B8 00000054 C=CODE    S=_TEXT    G=(none)   M=C:\PROGRAM FILES\BORLAND\CBUILDER5\LIB\CP32MT.LIB|ltoupper ACBP=A9
 0001:0008160C 000004D0 C=CODE    S=_TEXT    G=(none)   M=C:\PROGRAM FILES\BORLAND\CBUILDER5\LIB\CP32MT.LIB|mbyte1 ACBP=A9
 0001:00081ADC 00000200 C=CODE    S=_TEXT    G=(none)   M=C:\PROGRAM FILES\BORLAND\CBUILDER5\LIB\CP32MT.LIB|_ll ACBP=A9
 0001:00081CDC 00000188 C=CODE    S=_TEXT    G=(none)   M=C:\PROGRAM FILES\BORLAND\CBUILDER5\LIB\CP32MT.LIB|_pow10 ACBP=A9
 0001:00081E64 00000077 C=CODE    S=_TEXT    G=(none)   M=C:\PROGRAM FILES\BORLAND\CBUILDER5\LIB\CP32MT.LIB|atol ACBP=A9
 0001:00081EDC 00000013 C=CODE    S=_TEXT    G=(none)   M=C:\PROGRAM FILES\BORLAND\CBUILDER5\LIB\CP32MT.LIB|clear87 ACBP=A9
 0001:00081EF0 0000002F C=CODE    S=_TEXT    G=(none)   M=C:\PROGRAM FILES\BORLAND\CBUILDER5\LIB\CP32MT.LIB|ctrl87 ACBP=A9
 0001:00081F20 00000018 C=CODE    S=_TEXT    G=(none)   M=C:\PROGRAM FILES\BORLAND\CBUILDER5\LIB\CP32MT.LIB|cvtentry ACBP=A9
 0001:00081F38 00000018 C=CODE    S=_TEXT    G=(none)   M=C:\PROGRAM FILES\BORLAND\CBUILDER5\LIB\CP32MT.LIB|cvtfak ACBP=A9
 0001:00081F50 00000018 C=CODE    S=_TEXT    G=(none)   M=C:\PROGRAM FILES\BORLAND\CBUILDER5\LIB\CP32MT.LIB|cvtfakw ACBP=A9
 0001:00081F68 00000016 C=CODE    S=_TEXT    G=(none)   M=C:\PROGRAM FILES\BORLAND\CBUILDER5\LIB\CP32MT.LIB|fpreset ACBP=A9
 0001:00081F80 00000028 C=CODE    S=_TEXT    G=(none)   M=C:\PROGRAM FILES\BORLAND\CBUILDER5\LIB\CP32MT.LIB|ftol ACBP=A9
 0001:00081FA8 0000002D C=CODE    S=_TEXT    G=(none)   M=C:\PROGRAM FILES\BORLAND\CBUILDER5\LIB\CP32MT.LIB|fuildq ACBP=A9
 0001:00081FD8 00000021 C=CODE    S=_TEXT    G=(none)   M=C:\PROGRAM FILES\BORLAND\CBUILDER5\LIB\CP32MT.LIB|fuistq ACBP=A9
 0001:00081FFC 00000011 C=CODE    S=_TEXT    G=(none)   M=C:\PROGRAM FILES\BORLAND\CBUILDER5\LIB\CP32MT.LIB|fxam ACBP=A9
 0001:00082010 000000B1 C=CODE    S=_TEXT    G=(none)   M=C:\PROGRAM FILES\BORLAND\CBUILDER5\LIB\CP32MT.LIB|int64toa ACBP=A9
 0001:000820C4 00000118 C=CODE    S=_TEXT    G=(none)   M=C:\PROGRAM FILES\BORLAND\CBUILDER5\LIB\CP32MT.LIB|ldtrunc ACBP=A9
 0001:000821DC 0000008F C=CODE    S=_TEXT    G=(none)   M=C:\PROGRAM FILES\BORLAND\CBUILDER5\LIB\CP32MT.LIB|longtoa ACBP=A9
 0001:0008226C 0000002A C=CODE    S=_TEXT    G=(none)   M=C:\PROGRAM FILES\BORLAND\CBUILDER5\LIB\CP32MT.LIB|matherr ACBP=A9
 0001:00082298 0000002E C=CODE    S=_TEXT    G=(none)   M=C:\PROGRAM FILES\BORLAND\CBUILDER5\LIB\CP32MT.LIB|matherrl ACBP=A9
 0001:000822C8 00000016 C=CODE    S=_TEXT    G=(none)   M=C:\PROGRAM FILES\BORLAND\CBUILDER5\LIB\CP32MT.LIB|mathptr ACBP=A9
 0001:000822E0 00000025 C=CODE    S=_TEXT    G=(none)   M=C:\PROGRAM FILES\BORLAND\CBUILDER5\LIB\CP32MT.LIB|qdiv10 ACBP=A9
 0001:00082308 0000002E C=CODE    S=_TEXT    G=(none)   M=C:\PROGRAM FILES\BORLAND\CBUILDER5\LIB\CP32MT.LIB|qmul10 ACBP=A9
 0001:00082338 000002F9 C=CODE    S=_TEXT    G=(none)   M=C:\PROGRAM FILES\BORLAND\CBUILDER5\LIB\CP32MT.LIB|realcvt ACBP=A9
 0001:00082634 00000331 C=CODE    S=_TEXT    G=(none)   M=C:\PROGRAM FILES\BORLAND\CBUILDER5\LIB\CP32MT.LIB|realcvtw ACBP=A9
 0001:00082968 000004E1 C=CODE    S=_TEXT    G=(none)   M=C:\PROGRAM FILES\BORLAND\CBUILDER5\LIB\CP32MT.LIB|scantod ACBP=A9
 0001:00082E4C 000004DD C=CODE    S=_TEXT    G=(none)   M=C:\PROGRAM FILES\BORLAND\CBUILDER5\LIB\CP32MT.LIB|scanwtod ACBP=A9
 0001:0008332C 000002D2 C=CODE    S=_TEXT    G=(none)   M=C:\PROGRAM FILES\BORLAND\CBUILDER5\LIB\CP32MT.LIB|xcvt ACBP=A9
 0001:00083600 000002F1 C=CODE    S=_TEXT    G=(none)   M=C:\PROGRAM FILES\BORLAND\CBUILDER5\LIB\CP32MT.LIB|xcvtw ACBP=A9
 0001:000838F4 00000139 C=CODE    S=_TEXT    G=(none)   M=C:\PROGRAM FILES\BORLAND\CBUILDER5\LIB\CP32MT.LIB|mbctype ACBP=A9
 0001:00083A30 0000001A C=CODE    S=_TEXT    G=(none)   M=C:\PROGRAM FILES\BORLAND\CBUILDER5\LIB\CP32MT.LIB|mbisspc ACBP=A9
 0001:00083A4C 00000056 C=CODE    S=_TEXT    G=(none)   M=C:\PROGRAM FILES\BORLAND\CBUILDER5\LIB\CP32MT.LIB|mbsrchr ACBP=A9
 0001:00083AA4 000000A6 C=CODE    S=_TEXT    G=(none)   M=C:\PROGRAM FILES\BORLAND\CBUILDER5\LIB\CP32MT.LIB|assert ACBP=A9
 0001:00083B4C 000000B8 C=CODE    S=_TEXT    G=(none)   M=C:\PROGRAM FILES\BORLAND\CBUILDER5\LIB\CP32MT.LIB|ermsghlp ACBP=A9
 0001:00083C04 0000001E C=CODE    S=_TEXT    G=(none)   M=C:\PROGRAM FILES\BORLAND\CBUILDER5\LIB\CP32MT.LIB|errno ACBP=A9
 0001:00083C24 0000019B C=CODE    S=_TEXT    G=(none)   M=C:\PROGRAM FILES\BORLAND\CBUILDER5\LIB\CP32MT.LIB|errormsg ACBP=A9
 0001:00083DC0 00000022 C=CODE    S=_TEXT    G=(none)   M=C:\PROGRAM FILES\BORLAND\CBUILDER5\LIB\CP32MT.LIB|abort ACBP=A9
 0001:00083DE4 000000BF C=CODE    S=_TEXT    G=(none)   M=C:\PROGRAM FILES\BORLAND\CBUILDER5\LIB\CP32MT.LIB|exit ACBP=A9
 0001:00083EA4 0000001A C=CODE    S=_TEXT    G=(none)   M=C:\PROGRAM FILES\BORLAND\CBUILDER5\LIB\CP32MT.LIB|initwild ACBP=A9
 0001:00083EC0 00000011 C=CODE    S=_TEXT    G=(none)   M=C:\PROGRAM FILES\BORLAND\CBUILDER5\LIB\CP32MT.LIB|exparg ACBP=A9
 0001:00083ED4 00000011 C=CODE    S=_TEXT    G=(none)   M=C:\PROGRAM FILES\BORLAND\CBUILDER5\LIB\CP32MT.LIB|wexparg ACBP=A9
 0001:00083EE8 00000027 C=CODE    S=_TEXT    G=(none)   M=C:\PROGRAM FILES\BORLAND\CBUILDER5\LIB\CP32MT.LIB|initargv ACBP=A9
 0001:00083F10 0000016C C=CODE    S=_TEXT    G=(none)   M=C:\PROGRAM FILES\BORLAND\CBUILDER5\LIB\CP32MT.LIB|setargv ACBP=A9
 0001:0008407C 000001E5 C=CODE    S=_TEXT    G=(none)   M=C:\PROGRAM FILES\BORLAND\CBUILDER5\LIB\CP32MT.LIB|hsargv ACBP=A9
 0001:00084264 00000227 C=CODE    S=_TEXT    G=(none)   M=C:\PROGRAM FILES\BORLAND\CBUILDER5\LIB\CP32MT.LIB|whsargv ACBP=A9
 0001:0008448C 00000045 C=CODE    S=_TEXT    G=(none)   M=C:\PROGRAM FILES\BORLAND\CBUILDER5\LIB\CP32MT.LIB|setargv0 ACBP=A9
 0001:000844D4 000001D2 C=CODE    S=_TEXT    G=(none)   M=C:\PROGRAM FILES\BORLAND\CBUILDER5\LIB\CP32MT.LIB|setenvp ACBP=A9
 0001:000846A8 00000388 C=CODE    S=_TEXT    G=(none)   M=C:\PROGRAM FILES\BORLAND\CBUILDER5\LIB\CP32MT.LIB|signal ACBP=A9
 0001:00084A30 0000018B C=CODE    S=_TEXT    G=(none)   M=C:\PROGRAM FILES\BORLAND\CBUILDER5\LIB\CP32MT.LIB|initexit ACBP=A9
 0001:00084BBC 000001A4 C=CODE    S=_TEXT    G=(none)   M=C:\PROGRAM FILES\BORLAND\CBUILDER5\LIB\CP32MT.LIB|startup ACBP=A9
 0001:00084D60 00000067 C=CODE    S=_TEXT    G=(none)   M=C:\PROGRAM FILES\BORLAND\CBUILDER5\LIB\CP32MT.LIB|tls ACBP=A9
 0001:00084DC8 0000004F C=CODE    S=_TEXT    G=(none)   M=C:\PROGRAM FILES\BORLAND\CBUILDER5\LIB\CP32MT.LIB|tlsstat ACBP=A9
 0001:00084E18 000001C7 C=CODE    S=_TEXT    G=(none)   M=C:\PROGRAM FILES\BORLAND\CBUILDER5\LIB\CP32MT.LIB|thrddata ACBP=A9
 0001:00084FE0 000000D5 C=CODE    S=_TEXT    G=(none)   M=C:\PROGRAM FILES\BORLAND\CBUILDER5\LIB\CP32MT.LIB|_lock ACBP=A9
 0001:000850B8 00003CF0 C=CODE    S=_TEXT    G=(none)   M=C:\PROGRAM FILES\BORLAND\CBUILDER5\LIB\CP32MT.LIB|xx ACBP=A9
 0001:00088D5C 00000012 C=CODE    S=_TEXT    G=(none)   M=C:\PROGRAM FILES\BORLAND\CBUILDER5\LIB\DEBUG\VCLE50.LIB|_t_Contr ACBP=A9
 0001:00088D69 0000000D C=CODE    S=_TEXT    G=(none)   M=C:\PROGRAM FILES\BORLAND\CBUILDER5\LIB\DEBUG\VCLE50.LIB|_t_Forms ACBP=A9
 0001:00088D71 00000015 C=CODE    S=_TEXT    G=(none)   M=C:\PROGRAM FILES\BORLAND\CBUILDER5\LIB\DEBUG\VCLE50.LIB|_t_Graph ACBP=A9
 0001:00088D81 0000000D C=CODE    S=_TEXT    G=(none)   M=C:\PROGRAM FILES\BORLAND\CBUILDER5\LIB\DEBUG\VCLE50.LIB|_t_Menus ACBP=A9
 0001:00088D89 000003EF C=CODE    S=_TEXT    G=(none)   M=C:\PROGRAM FILES\BORLAND\CBUILDER5\LIB\DEBUG\VCLE50.LIB|dstring ACBP=A9
 0001:0008912C 00000156 C=CODE    S=_TEXT    G=(none)   M=C:\PROGRAM FILES\BORLAND\CBUILDER5\LIB\DEBUG\VCLE50.LIB|vclinit ACBP=A9
 0001:00089234 00000031 C=CODE    S=_TEXT    G=(none)   M=C:\PROGRAM FILES\BORLAND\CBUILDER5\LIB\DEBUG\VCLE50.LIB|classcre ACBP=A9
 0002:00000350 000000A4 C=DATA    S=_DATA    G=DGROUP   M=C:\PROGRAM FILES\BORLAND\CBUILDER5\LIB\C0W32.OBJ ACBP=A9
 0002:000003F4 0000002C C=DATA    S=_DATA    G=DGROUP   M=C:\PROGRAM FILES\BORLAND\CBUILDER5\LIB\OBJ\SYSINIT.OBJ ACBP=A9
 0002:00000410 00000185 C=DATA    S=_DATA    G=DGROUP   M=D:\STASIEK\MY PROJECTS\OBSOLETE\PROGS\KOPEREK.VCL\KOP32.OBJ ACBP=A9
 0002:00000594 00000BBD C=DATA    S=_DATA    G=DGROUP   M=D:\STASIEK\MY PROJECTS\OBSOLETE\PROGS\KOPEREK.VCL\KOPER_FRM.OBJ ACBP=A9
 0002:00001150 00000258 C=DATA    S=_DATA    G=DGROUP   M=D:\STASIEK\MY PROJECTS\OBSOLETE\PROGS\KOPEREK.VCL\BREAK_FRM.OBJ ACBP=A9
 0002:00001394 000003C9 C=DATA    S=_DATA    G=DGROUP   M=D:\STASIEK\MY PROJECTS\OBSOLETE\PROGS\KOPEREK.VCL\HASLO_FRM.OBJ ACBP=A9
 0002:0000175C 0000053D C=DATA    S=_DATA    G=DGROUP   M=D:\STASIEK\MY PROJECTS\OBSOLETE\PROGS\KOPEREK.VCL\INFOS_FRM.OBJ ACBP=A9
 0002:00001C98 000001BC C=DATA    S=_DATA    G=DGROUP   M=D:\STASIEK\MY PROJECTS\OBSOLETE\PROGS\KOPEREK.VCL\JOURNAL_FRM.OBJ ACBP=A9
 0002:00001E40 00000300 C=DATA    S=_DATA    G=DGROUP   M=D:\STASIEK\MY PROJECTS\OBSOLETE\PROGS\KOPEREK.VCL\LISTA_FRM.OBJ ACBP=A9
 0002:0000212C 00000B4D C=DATA    S=_DATA    G=DGROUP   M=D:\STASIEK\MY PROJECTS\OBSOLETE\PROGS\KOPEREK.VCL\QUEST_FRM.OBJ ACBP=A9
 0002:00002C78 0000048C C=DATA    S=_DATA    G=DGROUP   M=D:\STASIEK\MY PROJECTS\OBSOLETE\FORM_TEMPLATES\ABOUT_FRM.OBJ ACBP=A9
 0002:000030F0 0000021C C=DATA    S=_DATA    G=DGROUP   M=C:\PROGRAM FILES\BORLAND\CBUILDER5\PROJECTS\LIB\DCLUSR50.LIB|D:\stasiek\My Projects\OBSOLETE\PACKAGES\ADVBAR.CPP ACBP=A9
 0002:0000330C 0000021A C=DATA    S=_DATA    G=DGROUP   M=C:\PROGRAM FILES\BORLAND\CBUILDER5\PROJECTS\LIB\DCLUSR50.LIB|D:\stasiek\My Projects\OBSOLETE\PACKAGES\BROWSEDLG.cpp ACBP=A9
 0002:00003508 00000217 C=DATA    S=_DATA    G=DGROUP   M=C:\PROGRAM FILES\BORLAND\CBUILDER5\PROJECTS\LIB\DCLUSR50.LIB|D:\stasiek\My Projects\OBSOLETE\PACKAGES\EXEDLG.CPP ACBP=A9
 0002:00003700 00000938 C=DATA    S=_DATA    G=DGROUP   M=C:\PROGRAM FILES\BORLAND\CBUILDER5\PROJECTS\LIB\DCLUSR50.LIB|C:\OBSOLETE\PACKAGES\EXEINFO.CPP ACBP=A9
 0002:00004018 000001BD C=DATA    S=_DATA    G=DGROUP   M=C:\PROGRAM FILES\BORLAND\CBUILDER5\PROJECTS\LIB\DCLUSR50.LIB|D:\stasiek\My Projects\OBSOLETE\PACKAGES\EXERES.CPP ACBP=A9
 0002:000041B8 00000173 C=DATA    S=_DATA    G=DGROUP   M=C:\PROGRAM FILES\BORLAND\CBUILDER5\PROJECTS\LIB\DCLUSR50.LIB|D:\stasiek\My Projects\OBSOLETE\PACKAGES\FRAMEPAN.CPP ACBP=A9
 0002:0000430C 00000181 C=DATA    S=_DATA    G=DGROUP   M=C:\PROGRAM FILES\BORLAND\CBUILDER5\PROJECTS\LIB\DCLUSR50.LIB|C:\Program Files\Borland\CBuilder5\Projects\OBSOLETE\PACKAGES\SYSTRAY.CPP ACBP=A9
 0002:00004479 0000000E C=DATA    S=_DATA    G=DGROUP   M=C:\PROGRAM FILES\BORLAND\CBUILDER5\LIB\DEBUG\VCLX50.LIB|FileCtrl ACBP=A9
 0002:00004479 00000010 C=DATA    S=_DATA    G=DGROUP   M=C:\PROGRAM FILES\BORLAND\CBUILDER5\LIB\DEBUG\VCL50.LIB|UrlMon ACBP=A9
 0002:00004479 00000004 C=DATA    S=_DATA    G=DGROUP   M=C:\PROGRAM FILES\BORLAND\CBUILDER5\LIB\DEBUG\VCL50.LIB|StdActns ACBP=A9
 0002:00004479 0000002F C=DATA    S=_DATA    G=DGROUP   M=C:\PROGRAM FILES\BORLAND\CBUILDER5\LIB\DEBUG\VCL50.LIB|ImgList ACBP=A9
 0002:0000449C 00000004 C=DATA    S=_DATA    G=DGROUP   M=C:\PROGRAM FILES\BORLAND\CBUILDER5\LIB\DEBUG\VCL50.LIB|ActnList ACBP=A9
 0002:0000449C 00000020 C=DATA    S=_DATA    G=DGROUP   M=C:\PROGRAM FILES\BORLAND\CBUILDER5\LIB\DEBUG\VCL50.LIB|ToolWin ACBP=A9
 0002:000044BC 00000010 C=DATA    S=_DATA    G=DGROUP   M=C:\PROGRAM FILES\BORLAND\CBUILDER5\LIB\DEBUG\VCL50.LIB|TypInfo ACBP=A9
 0002:000044CC 00000120 C=DATA    S=_DATA    G=DGROUP   M=C:\PROGRAM FILES\BORLAND\CBUILDER5\LIB\DEBUG\VCL50.LIB|StdCtrls ACBP=A9
 0002:000045EC 0000000C C=DATA    S=_DATA    G=DGROUP   M=C:\PROGRAM FILES\BORLAND\CBUILDER5\LIB\DEBUG\VCL50.LIB|Printers ACBP=A9
 0002:000045F0 000000EC C=DATA    S=_DATA    G=DGROUP   M=C:\PROGRAM FILES\BORLAND\CBUILDER5\LIB\DEBUG\VCL50.LIB|Menus ACBP=A9
 0002:000046DC 000002B4 C=DATA    S=_DATA    G=DGROUP   M=C:\PROGRAM FILES\BORLAND\CBUILDER5\LIB\DEBUG\VCL50.LIB|Graphics ACBP=A9
 0002:00004990 0000013C C=DATA    S=_DATA    G=DGROUP   M=C:\PROGRAM FILES\BORLAND\CBUILDER5\LIB\DEBUG\VCL50.LIB|Forms ACBP=A9
 0002:00004ACC 00000024 C=DATA    S=_DATA    G=DGROUP   M=C:\PROGRAM FILES\BORLAND\CBUILDER5\LIB\DEBUG\VCL50.LIB|ExtCtrls ACBP=A9
 0002:00004AE0 0000009C C=DATA    S=_DATA    G=DGROUP   M=C:\PROGRAM FILES\BORLAND\CBUILDER5\LIB\DEBUG\VCL50.LIB|Dialogs ACBP=A9
 0002:00004B50 0000012C C=DATA    S=_DATA    G=DGROUP   M=C:\PROGRAM FILES\BORLAND\CBUILDER5\LIB\DEBUG\VCL50.LIB|Controls ACBP=A9
 0002:00004C7C 000000D9 C=DATA    S=_DATA    G=DGROUP   M=C:\PROGRAM FILES\BORLAND\CBUILDER5\LIB\DEBUG\VCL50.LIB|ComCtrls ACBP=A9
 0002:00004D50 00000088 C=DATA    S=_DATA    G=DGROUP   M=C:\PROGRAM FILES\BORLAND\CBUILDER5\LIB\DEBUG\VCL50.LIB|Classes ACBP=A9
 0002:00004DBC 00000046 C=DATA    S=_DATA    G=DGROUP   M=C:\PROGRAM FILES\BORLAND\CBUILDER5\LIB\DEBUG\VCL50.LIB|Buttons ACBP=A9
 0002:00004E02 00000010 C=DATA    S=_DATA    G=DGROUP   M=C:\PROGRAM FILES\BORLAND\CBUILDER5\LIB\DEBUG\VCL50.LIB|Windows ACBP=A9
 0002:00004E02 00000010 C=DATA    S=_DATA    G=DGROUP   M=C:\PROGRAM FILES\BORLAND\CBUILDER5\LIB\DEBUG\VCL50.LIB|ShlObj ACBP=A9
 0002:00004E02 00000010 C=DATA    S=_DATA    G=DGROUP   M=C:\PROGRAM FILES\BORLAND\CBUILDER5\LIB\DEBUG\VCL50.LIB|ActiveX ACBP=A9
 0002:00004E02 00000008 C=DATA    S=_DATA    G=DGROUP   M=C:\PROGRAM FILES\BORLAND\CBUILDER5\LIB\DEBUG\VCL50.LIB|Math ACBP=A9
 0002:00004E04 000001F8 C=DATA    S=_DATA    G=DGROUP   M=C:\PROGRAM FILES\BORLAND\CBUILDER5\LIB\DEBUG\VCL50.LIB|SysUtils ACBP=A9
 0002:00004FF0 000000A8 C=DATA    S=_DATA    G=DGROUP   M=C:\PROGRAM FILES\BORLAND\CBUILDER5\LIB\DEBUG\VCL50.LIB|System ACBP=A9
 0002:00005094 00000070 C=DATA    S=_DATA    G=DGROUP   M=C:\PROGRAM FILES\BORLAND\CBUILDER5\LIB\CP32MT.LIB|new ACBP=A9
 0002:00005104 00000088 C=DATA    S=_DATA    G=DGROUP   M=C:\PROGRAM FILES\BORLAND\CBUILDER5\LIB\CP32MT.LIB|setnew ACBP=A9
 0002:00005178 00000160 C=DATA    S=_DATA    G=DGROUP   M=C:\PROGRAM FILES\BORLAND\CBUILDER5\LIB\CP32MT.LIB|hrdir_b ACBP=A9
 0002:000052D8 00000020 C=DATA    S=_DATA    G=DGROUP   M=C:\PROGRAM FILES\BORLAND\CBUILDER5\LIB\CP32MT.LIB|hrdir_s ACBP=A9
 0002:000052F8 00000038 C=DATA    S=_DATA    G=DGROUP   M=C:\PROGRAM FILES\BORLAND\CBUILDER5\LIB\CP32MT.LIB|predecl ACBP=A9
 0002:00005330 000000CD C=DATA    S=_DATA    G=DGROUP   M=C:\PROGRAM FILES\BORLAND\CBUILDER5\LIB\CP32MT.LIB|stdexcpt ACBP=A9
 0002:000053FC 00000004 C=DATA    S=_DATA    G=DGROUP   M=C:\PROGRAM FILES\BORLAND\CBUILDER5\LIB\CP32MT.LIB|xx_xpf ACBP=A9
 0002:00005400 00000340 C=DATA    S=_DATA    G=DGROUP   M=C:\PROGRAM FILES\BORLAND\CBUILDER5\LIB\CP32MT.LIB|xxtype ACBP=A9
 0002:00005740 0000003C C=DATA    S=_DATA    G=DGROUP   M=C:\PROGRAM FILES\BORLAND\CBUILDER5\LIB\CP32MT.LIB|xxut ACBP=A9
 0002:0000577C 000000E4 C=DATA    S=_DATA    G=DGROUP   M=C:\PROGRAM FILES\BORLAND\CBUILDER5\LIB\CP32MT.LIB|xxv ACBP=A9
 0002:00005860 00000014 C=DATA    S=_DATA    G=DGROUP   M=C:\PROGRAM FILES\BORLAND\CBUILDER5\LIB\CP32MT.LIB|except ACBP=A9
 0002:00005874 00000004 C=DATA    S=_DATA    G=DGROUP   M=C:\PROGRAM FILES\BORLAND\CBUILDER5\LIB\CP32MT.LIB|_cfinfo ACBP=A9
 0002:00005878 00000004 C=DATA    S=_DATA    G=DGROUP   M=C:\PROGRAM FILES\BORLAND\CBUILDER5\LIB\CP32MT.LIB|cfinfo ACBP=A9
 0002:0000587C 000004B0 C=DATA    S=_DATA    G=DGROUP   M=C:\PROGRAM FILES\BORLAND\CBUILDER5\LIB\CP32MT.LIB|files ACBP=A9
 0002:00005D2C 000000CC C=DATA    S=_DATA    G=DGROUP   M=C:\PROGRAM FILES\BORLAND\CBUILDER5\LIB\CP32MT.LIB|files2 ACBP=A9
 0002:00005DF8 00000004 C=DATA    S=_DATA    G=DGROUP   M=C:\PROGRAM FILES\BORLAND\CBUILDER5\LIB\CP32MT.LIB|fmode ACBP=A9
 0002:00005DFC 00000004 C=DATA    S=_DATA    G=DGROUP   M=C:\PROGRAM FILES\BORLAND\CBUILDER5\LIB\CP32MT.LIB|fmodeptr ACBP=A9
 0002:00005E00 00000064 C=DATA    S=_DATA    G=DGROUP   M=C:\PROGRAM FILES\BORLAND\CBUILDER5\LIB\CP32MT.LIB|handles ACBP=A9
 0002:00005E64 0000012B C=DATA    S=_DATA    G=DGROUP   M=C:\PROGRAM FILES\BORLAND\CBUILDER5\LIB\CP32MT.LIB|ioerror ACBP=A9
 0002:00005F90 0000047C C=DATA    S=_DATA    G=DGROUP   M=C:\PROGRAM FILES\BORLAND\CBUILDER5\LIB\CP32MT.LIB|perror ACBP=A9
 0002:0000640C 00000068 C=DATA    S=_DATA    G=DGROUP   M=C:\PROGRAM FILES\BORLAND\CBUILDER5\LIB\CP32MT.LIB|streams ACBP=A9
 0002:00006474 00000076 C=DATA    S=_DATA    G=DGROUP   M=C:\PROGRAM FILES\BORLAND\CBUILDER5\LIB\CP32MT.LIB|vprinter ACBP=A9
 0002:000064EC 00000202 C=DATA    S=_DATA    G=DGROUP   M=C:\PROGRAM FILES\BORLAND\CBUILDER5\LIB\CP32MT.LIB|bigctype ACBP=A9
 0002:000066F0 00000100 C=DATA    S=_DATA    G=DGROUP   M=C:\PROGRAM FILES\BORLAND\CBUILDER5\LIB\CP32MT.LIB|cupper ACBP=A9
 0002:000067F0 00000260 C=DATA    S=_DATA    G=DGROUP   M=C:\PROGRAM FILES\BORLAND\CBUILDER5\LIB\CP32MT.LIB|clocale ACBP=A9
 0002:00006A50 000000C0 C=DATA    S=_DATA    G=DGROUP   M=C:\PROGRAM FILES\BORLAND\CBUILDER5\LIB\CP32MT.LIB|_pow10 ACBP=A9
 0002:00006B10 00000068 C=DATA    S=_DATA    G=DGROUP   M=C:\PROGRAM FILES\BORLAND\CBUILDER5\LIB\CP32MT.LIB|cvtfak ACBP=A9
 0002:00006B78 00000068 C=DATA    S=_DATA    G=DGROUP   M=C:\PROGRAM FILES\BORLAND\CBUILDER5\LIB\CP32MT.LIB|cvtfakw ACBP=A9
 0002:00006BE0 00000004 C=DATA    S=_DATA    G=DGROUP   M=C:\PROGRAM FILES\BORLAND\CBUILDER5\LIB\CP32MT.LIB|deflt87 ACBP=A9
 0002:00006BE4 0000007C C=DATA    S=_DATA    G=DGROUP   M=C:\PROGRAM FILES\BORLAND\CBUILDER5\LIB\CP32MT.LIB|hugeval ACBP=A9
 0002:00006C60 00000008 C=DATA    S=_DATA    G=DGROUP   M=C:\PROGRAM FILES\BORLAND\CBUILDER5\LIB\CP32MT.LIB|initcvt ACBP=A9
 0002:00006C68 00000008 C=DATA    S=_DATA    G=DGROUP   M=C:\PROGRAM FILES\BORLAND\CBUILDER5\LIB\CP32MT.LIB|mathptr ACBP=A9
 0002:00006C70 00000014 C=DATA    S=_DATA    G=DGROUP   M=C:\PROGRAM FILES\BORLAND\CBUILDER5\LIB\CP32MT.LIB|realcvt ACBP=A9
 0002:00006C84 00000028 C=DATA    S=_DATA    G=DGROUP   M=C:\PROGRAM FILES\BORLAND\CBUILDER5\LIB\CP32MT.LIB|realcvtw ACBP=A9
 0002:00006CAC 00000028 C=DATA    S=_DATA    G=DGROUP   M=C:\PROGRAM FILES\BORLAND\CBUILDER5\LIB\CP32MT.LIB|scantod ACBP=A9
 0002:00006CD4 00000028 C=DATA    S=_DATA    G=DGROUP   M=C:\PROGRAM FILES\BORLAND\CBUILDER5\LIB\CP32MT.LIB|scanwtod ACBP=A9
 0002:00006CFC 00000048 C=DATA    S=_DATA    G=DGROUP   M=C:\PROGRAM FILES\BORLAND\CBUILDER5\LIB\CP32MT.LIB|mbctype ACBP=A9
 0002:00006D44 00000024 C=DATA    S=_DATA    G=DGROUP   M=C:\PROGRAM FILES\BORLAND\CBUILDER5\LIB\CP32MT.LIB|assert ACBP=A9
 0002:00006D68 00000024 C=DATA    S=_DATA    G=DGROUP   M=C:\PROGRAM FILES\BORLAND\CBUILDER5\LIB\CP32MT.LIB|ermsghlp ACBP=A9
 0002:00006D8C 00000010 C=DATA    S=_DATA    G=DGROUP   M=C:\PROGRAM FILES\BORLAND\CBUILDER5\LIB\CP32MT.LIB|errormsg ACBP=A9
 0002:00006D9C 00000020 C=DATA    S=_DATA    G=DGROUP   M=C:\PROGRAM FILES\BORLAND\CBUILDER5\LIB\CP32MT.LIB|abort ACBP=A9
 0002:00006DBC 00000004 C=DATA    S=_DATA    G=DGROUP   M=C:\PROGRAM FILES\BORLAND\CBUILDER5\LIB\CP32MT.LIB|patexit ACBP=A9
 0002:00006DC0 0000000C C=DATA    S=_DATA    G=DGROUP   M=C:\PROGRAM FILES\BORLAND\CBUILDER5\LIB\CP32MT.LIB|exit ACBP=A9
 0002:00006DCC 00000008 C=DATA    S=_DATA    G=DGROUP   M=C:\PROGRAM FILES\BORLAND\CBUILDER5\LIB\CP32MT.LIB|saptr ACBP=A9
 0002:00006DD4 00000008 C=DATA    S=_DATA    G=DGROUP   M=C:\PROGRAM FILES\BORLAND\CBUILDER5\LIB\CP32MT.LIB|wsaptr ACBP=A9
 0002:00006DDC 00000054 C=DATA    S=_DATA    G=DGROUP   M=C:\PROGRAM FILES\BORLAND\CBUILDER5\LIB\CP32MT.LIB|setargv ACBP=A9
 0002:00006E30 00000028 C=DATA    S=_DATA    G=DGROUP   M=C:\PROGRAM FILES\BORLAND\CBUILDER5\LIB\CP32MT.LIB|hsargv ACBP=A9
 0002:00006E58 00000024 C=DATA    S=_DATA    G=DGROUP   M=C:\PROGRAM FILES\BORLAND\CBUILDER5\LIB\CP32MT.LIB|whsargv ACBP=A9
 0002:00006E7C 00000004 C=DATA    S=_DATA    G=DGROUP   M=C:\PROGRAM FILES\BORLAND\CBUILDER5\LIB\CP32MT.LIB|wildptr ACBP=A9
 0002:00006E80 00000004 C=DATA    S=_DATA    G=DGROUP   M=C:\PROGRAM FILES\BORLAND\CBUILDER5\LIB\CP32MT.LIB|wwildptr ACBP=A9
 0002:00006E84 00000020 C=DATA    S=_DATA    G=DGROUP   M=C:\PROGRAM FILES\BORLAND\CBUILDER5\LIB\CP32MT.LIB|setargv0 ACBP=A9
 0002:00006EA4 0000006C C=DATA    S=_DATA    G=DGROUP   M=C:\PROGRAM FILES\BORLAND\CBUILDER5\LIB\CP32MT.LIB|setenvp ACBP=A9
 0002:00006F10 0000005E C=DATA    S=_DATA    G=DGROUP   M=C:\PROGRAM FILES\BORLAND\CBUILDER5\LIB\CP32MT.LIB|signal ACBP=A9
 0002:00006F70 00000004 C=DATA    S=_DATA    G=DGROUP   M=C:\PROGRAM FILES\BORLAND\CBUILDER5\LIB\CP32MT.LIB|globals ACBP=A9
 0002:00006F74 0000001C C=DATA    S=_DATA    G=DGROUP   M=C:\PROGRAM FILES\BORLAND\CBUILDER5\LIB\CP32MT.LIB|initexit ACBP=A9
 0002:00006F90 0000001C C=DATA    S=_DATA    G=DGROUP   M=C:\PROGRAM FILES\BORLAND\CBUILDER5\LIB\CP32MT.LIB|thrddata ACBP=A9
 0002:00006FAC 00000014 C=DATA    S=_DATA    G=DGROUP   M=C:\PROGRAM FILES\BORLAND\CBUILDER5\LIB\CP32MT.LIB|_lock ACBP=A9
 0002:00006FC0 000013E8 C=DATA    S=_DATA    G=DGROUP   M=C:\PROGRAM FILES\BORLAND\CBUILDER5\LIB\CP32MT.LIB|xx ACBP=A9
 0002:000083A8 000001DC C=DATA    S=_DATA    G=DGROUP   M=C:\PROGRAM FILES\BORLAND\CBUILDER5\LIB\DEBUG\VCLE50.LIB|dstring ACBP=A9
 0002:00008570 0000006C C=DATA    S=_DATA    G=DGROUP   M=C:\PROGRAM FILES\BORLAND\CBUILDER5\LIB\DEBUG\VCLE50.LIB|vclinit ACBP=A9
 0002:000085DC 000003F8 C=DATA    S=_DATA    G=DGROUP   M=<internal> ACBP=A9
 0003:00000000 0000001C C=BSS     S=_BSS     G=DGROUP   M=C:\PROGRAM FILES\BORLAND\CBUILDER5\LIB\OBJ\SYSINIT.OBJ ACBP=A9
 0003:0000001C 0000002C C=BSS     S=_BSS     G=DGROUP   M=D:\STASIEK\MY PROJECTS\OBSOLETE\PROGS\KOPEREK.VCL\KOPER_FRM.OBJ ACBP=A9
 0003:00000048 00000004 C=BSS     S=_BSS     G=DGROUP   M=D:\STASIEK\MY PROJECTS\OBSOLETE\PROGS\KOPEREK.VCL\BREAK_FRM.OBJ ACBP=A9
 0003:0000004C 00000004 C=BSS     S=_BSS     G=DGROUP   M=D:\STASIEK\MY PROJECTS\OBSOLETE\PROGS\KOPEREK.VCL\HASLO_FRM.OBJ ACBP=A9
 0003:00000050 00000004 C=BSS     S=_BSS     G=DGROUP   M=D:\STASIEK\MY PROJECTS\OBSOLETE\PROGS\KOPEREK.VCL\INFOS_FRM.OBJ ACBP=A9
 0003:00000054 00000008 C=BSS     S=_BSS     G=DGROUP   M=D:\STASIEK\MY PROJECTS\OBSOLETE\PROGS\KOPEREK.VCL\JOURNAL_FRM.OBJ ACBP=A9
 0003:0000005C 00000008 C=BSS     S=_BSS     G=DGROUP   M=D:\STASIEK\MY PROJECTS\OBSOLETE\PROGS\KOPEREK.VCL\LISTA_FRM.OBJ ACBP=A9
 0003:00000064 00000004 C=BSS     S=_BSS     G=DGROUP   M=D:\STASIEK\MY PROJECTS\OBSOLETE\PROGS\KOPEREK.VCL\QUEST_FRM.OBJ ACBP=A9
 0003:00000068 00000004 C=BSS     S=_BSS     G=DGROUP   M=D:\STASIEK\MY PROJECTS\OBSOLETE\FORM_TEMPLATES\ABOUT_FRM.OBJ ACBP=A9
 0003:0000006C 00000008 C=BSS     S=_BSS     G=DGROUP   M=C:\PROGRAM FILES\BORLAND\CBUILDER5\PROJECTS\LIB\DCLUSR50.LIB|D:\stasiek\My Projects\OBSOLETE\PACKAGES\ADVBAR.CPP ACBP=A9
 0003:00000074 00000004 C=BSS     S=_BSS     G=DGROUP   M=C:\PROGRAM FILES\BORLAND\CBUILDER5\PROJECTS\LIB\DCLUSR50.LIB|D:\stasiek\My Projects\OBSOLETE\PACKAGES\BROWSEDLG.cpp ACBP=A9
 0003:00000078 00000008 C=BSS     S=_BSS     G=DGROUP   M=C:\PROGRAM FILES\BORLAND\CBUILDER5\PROJECTS\LIB\DCLUSR50.LIB|D:\stasiek\My Projects\OBSOLETE\PACKAGES\EXEDLG.CPP ACBP=A9
 0003:00000080 00000004 C=BSS     S=_BSS     G=DGROUP   M=C:\PROGRAM FILES\BORLAND\CBUILDER5\PROJECTS\LIB\DCLUSR50.LIB|C:\OBSOLETE\PACKAGES\EXEINFO.CPP ACBP=A9
 0003:00000084 00000004 C=BSS     S=_BSS     G=DGROUP   M=C:\PROGRAM FILES\BORLAND\CBUILDER5\PROJECTS\LIB\DCLUSR50.LIB|D:\stasiek\My Projects\OBSOLETE\PACKAGES\EXERES.CPP ACBP=A9
 0003:00000088 0000001C C=BSS     S=_BSS     G=DGROUP   M=C:\PROGRAM FILES\BORLAND\CBUILDER5\PROJECTS\LIB\DCLUSR50.LIB|D:\stasiek\My Projects\OBSOLETE\PACKAGES\FRAMEPAN.CPP ACBP=A9
 0003:000000A4 00000004 C=BSS     S=_BSS     G=DGROUP   M=C:\PROGRAM FILES\BORLAND\CBUILDER5\PROJECTS\LIB\DCLUSR50.LIB|C:\Program Files\Borland\CBuilder5\Projects\OBSOLETE\PACKAGES\SYSTRAY.CPP ACBP=A9
 0003:000000A8 0000000C C=BSS     S=_BSS     G=DGROUP   M=C:\PROGRAM FILES\BORLAND\CBUILDER5\LIB\DEBUG\VCLX50.LIB|CheckLst ACBP=A9
 0003:000000B4 00000004 C=BSS     S=_BSS     G=DGROUP   M=C:\PROGRAM FILES\BORLAND\CBUILDER5\LIB\DEBUG\VCLX50.LIB|FileCtrl ACBP=A9
 0003:000000B8 00000004 C=BSS     S=_BSS     G=DGROUP   M=C:\PROGRAM FILES\BORLAND\CBUILDER5\LIB\DEBUG\VCL50.LIB|Contnrs ACBP=A9
 0003:000000BC 00000004 C=BSS     S=_BSS     G=DGROUP   M=C:\PROGRAM FILES\BORLAND\CBUILDER5\LIB\DEBUG\VCL50.LIB|UrlMon ACBP=A9
 0003:000000C0 00000004 C=BSS     S=_BSS     G=DGROUP   M=C:\PROGRAM FILES\BORLAND\CBUILDER5\LIB\DEBUG\VCL50.LIB|StdActns ACBP=A9
 0003:000000C4 00000004 C=BSS     S=_BSS     G=DGROUP   M=C:\PROGRAM FILES\BORLAND\CBUILDER5\LIB\DEBUG\VCL50.LIB|ImgList ACBP=A9
 0003:000000C8 00000004 C=BSS     S=_BSS     G=DGROUP   M=C:\PROGRAM FILES\BORLAND\CBUILDER5\LIB\DEBUG\VCL50.LIB|ActnList ACBP=A9
 0003:000000CC 00000004 C=BSS     S=_BSS     G=DGROUP   M=C:\PROGRAM FILES\BORLAND\CBUILDER5\LIB\DEBUG\VCL50.LIB|ToolWin ACBP=A9
 0003:000000D0 00000004 C=BSS     S=_BSS     G=DGROUP   M=C:\PROGRAM FILES\BORLAND\CBUILDER5\LIB\DEBUG\VCL50.LIB|TypInfo ACBP=A9
 0003:000000D4 00000004 C=BSS     S=_BSS     G=DGROUP   M=C:\PROGRAM FILES\BORLAND\CBUILDER5\LIB\DEBUG\VCL50.LIB|StdCtrls ACBP=A9
 0003:000000D8 00000004 C=BSS     S=_BSS     G=DGROUP   M=C:\PROGRAM FILES\BORLAND\CBUILDER5\LIB\DEBUG\VCL50.LIB|Printers ACBP=A9
 0003:000000DC 00000010 C=BSS     S=_BSS     G=DGROUP   M=C:\PROGRAM FILES\BORLAND\CBUILDER5\LIB\DEBUG\VCL50.LIB|Menus ACBP=A9
 0003:000000EC 00000060 C=BSS     S=_BSS     G=DGROUP   M=C:\PROGRAM FILES\BORLAND\CBUILDER5\LIB\DEBUG\VCL50.LIB|Graphics ACBP=A9
 0003:0000014C 00000024 C=BSS     S=_BSS     G=DGROUP   M=C:\PROGRAM FILES\BORLAND\CBUILDER5\LIB\DEBUG\VCL50.LIB|Forms ACBP=A9
 0003:00000170 00000004 C=BSS     S=_BSS     G=DGROUP   M=C:\PROGRAM FILES\BORLAND\CBUILDER5\LIB\DEBUG\VCL50.LIB|ExtCtrls ACBP=A9
 0003:00000174 0000003C C=BSS     S=_BSS     G=DGROUP   M=C:\PROGRAM FILES\BORLAND\CBUILDER5\LIB\DEBUG\VCL50.LIB|Dialogs ACBP=A9
 0003:000001B0 00000070 C=BSS     S=_BSS     G=DGROUP   M=C:\PROGRAM FILES\BORLAND\CBUILDER5\LIB\DEBUG\VCL50.LIB|Controls ACBP=A9
 0003:00000220 00000004 C=BSS     S=_BSS     G=DGROUP   M=C:\PROGRAM FILES\BORLAND\CBUILDER5\LIB\DEBUG\VCL50.LIB|Consts ACBP=A9
 0003:00000224 00000004 C=BSS     S=_BSS     G=DGROUP   M=C:\PROGRAM FILES\BORLAND\CBUILDER5\LIB\DEBUG\VCL50.LIB|ComStrs ACBP=A9
 0003:00000228 00000034 C=BSS     S=_BSS     G=DGROUP   M=C:\PROGRAM FILES\BORLAND\CBUILDER5\LIB\DEBUG\VCL50.LIB|ComCtrls ACBP=A9
 0003:0000025C 0000000C C=BSS     S=_BSS     G=DGROUP   M=C:\PROGRAM FILES\BORLAND\CBUILDER5\LIB\DEBUG\VCL50.LIB|ClipBrd ACBP=A9
 0003:00000268 0000003C C=BSS     S=_BSS     G=DGROUP   M=C:\PROGRAM FILES\BORLAND\CBUILDER5\LIB\DEBUG\VCL50.LIB|Classes ACBP=A9
 0003:000002A4 00000030 C=BSS     S=_BSS     G=DGROUP   M=C:\PROGRAM FILES\BORLAND\CBUILDER5\LIB\DEBUG\VCL50.LIB|Buttons ACBP=A9
 0003:000002D4 00000031 C=BSS     S=_BSS     G=DGROUP   M=C:\PROGRAM FILES\BORLAND\CBUILDER5\LIB\DEBUG\VCL50.LIB|MultiMon ACBP=A9
 0003:00000308 00000034 C=BSS     S=_BSS     G=DGROUP   M=C:\PROGRAM FILES\BORLAND\CBUILDER5\LIB\DEBUG\VCL50.LIB|FlatSB ACBP=A9
 0003:0000033C 00000004 C=BSS     S=_BSS     G=DGROUP   M=C:\PROGRAM FILES\BORLAND\CBUILDER5\LIB\DEBUG\VCL50.LIB|Winspool ACBP=A9
 0003:00000340 00000004 C=BSS     S=_BSS     G=DGROUP   M=C:\PROGRAM FILES\BORLAND\CBUILDER5\LIB\DEBUG\VCL50.LIB|Wininet ACBP=A9
 0003:00000344 00000004 C=BSS     S=_BSS     G=DGROUP   M=C:\PROGRAM FILES\BORLAND\CBUILDER5\LIB\DEBUG\VCL50.LIB|Windows ACBP=A9
 0003:00000348 00000004 C=BSS     S=_BSS     G=DGROUP   M=C:\PROGRAM FILES\BORLAND\CBUILDER5\LIB\DEBUG\VCL50.LIB|ShlObj ACBP=A9
 0003:0000034C 00000004 C=BSS     S=_BSS     G=DGROUP   M=C:\PROGRAM FILES\BORLAND\CBUILDER5\LIB\DEBUG\VCL50.LIB|ShellApi ACBP=A9
 0003:00000350 00000004 C=BSS     S=_BSS     G=DGROUP   M=C:\PROGRAM FILES\BORLAND\CBUILDER5\LIB\DEBUG\VCL50.LIB|RichEdit ACBP=A9
 0003:00000354 00000004 C=BSS     S=_BSS     G=DGROUP   M=C:\PROGRAM FILES\BORLAND\CBUILDER5\LIB\DEBUG\VCL50.LIB|RegStr ACBP=A9
 0003:00000358 00000004 C=BSS     S=_BSS     G=DGROUP   M=C:\PROGRAM FILES\BORLAND\CBUILDER5\LIB\DEBUG\VCL50.LIB|ActiveX ACBP=A9
 0003:0000035C 00000004 C=BSS     S=_BSS     G=DGROUP   M=C:\PROGRAM FILES\BORLAND\CBUILDER5\LIB\DEBUG\VCL50.LIB|Messages ACBP=A9
 0003:00000360 00000004 C=BSS     S=_BSS     G=DGROUP   M=C:\PROGRAM FILES\BORLAND\CBUILDER5\LIB\DEBUG\VCL50.LIB|Imm ACBP=A9
 0003:00000364 00000004 C=BSS     S=_BSS     G=DGROUP   M=C:\PROGRAM FILES\BORLAND\CBUILDER5\LIB\DEBUG\VCL50.LIB|Dlgs ACBP=A9
 0003:00000368 00000004 C=BSS     S=_BSS     G=DGROUP   M=C:\PROGRAM FILES\BORLAND\CBUILDER5\LIB\DEBUG\VCL50.LIB|CommDlg ACBP=A9
 0003:0000036C 0000000C C=BSS     S=_BSS     G=DGROUP   M=C:\PROGRAM FILES\BORLAND\CBUILDER5\LIB\DEBUG\VCL50.LIB|CommCtrl ACBP=A9
 0003:00000378 00000004 C=BSS     S=_BSS     G=DGROUP   M=C:\PROGRAM FILES\BORLAND\CBUILDER5\LIB\DEBUG\VCL50.LIB|Math ACBP=A9
 0003:0000037C 00000004 C=BSS     S=_BSS     G=DGROUP   M=C:\PROGRAM FILES\BORLAND\CBUILDER5\LIB\DEBUG\VCL50.LIB|SysConst ACBP=A9
 0003:00000380 0000011C C=BSS     S=_BSS     G=DGROUP   M=C:\PROGRAM FILES\BORLAND\CBUILDER5\LIB\DEBUG\VCL50.LIB|SysUtils ACBP=A9
 0003:0000049C 000004D4 C=BSS     S=_BSS     G=DGROUP   M=C:\PROGRAM FILES\BORLAND\CBUILDER5\LIB\DEBUG\VCL50.LIB|System ACBP=A9
 0003:00000970 00000008 C=BSS     S=_BSS     G=DGROUP   M=C:\PROGRAM FILES\BORLAND\CBUILDER5\LIB\CP32MT.LIB|setnew ACBP=A9
 0003:00000978 00000018 C=BSS     S=_BSS     G=DGROUP   M=C:\PROGRAM FILES\BORLAND\CBUILDER5\LIB\CP32MT.LIB|hrdir_b ACBP=A9
 0003:00000990 00000001 C=BSS     S=_BSS     G=DGROUP   M=C:\PROGRAM FILES\BORLAND\CBUILDER5\LIB\CP32MT.LIB|need_vcl ACBP=A9
 0003:00000994 0000002C C=BSS     S=_BSS     G=DGROUP   M=C:\PROGRAM FILES\BORLAND\CBUILDER5\LIB\CP32MT.LIB|predecl ACBP=A9
 0003:000009C0 0000001C C=BSS     S=_BSS     G=DGROUP   M=C:\PROGRAM FILES\BORLAND\CBUILDER5\LIB\CP32MT.LIB|stdexcpt ACBP=A9
 0003:000009DC 00000410 C=BSS     S=_BSS     G=DGROUP   M=C:\PROGRAM FILES\BORLAND\CBUILDER5\LIB\CP32MT.LIB|xxtype ACBP=A9
 0003:00000DEC 00000008 C=BSS     S=_BSS     G=DGROUP   M=C:\PROGRAM FILES\BORLAND\CBUILDER5\LIB\CP32MT.LIB|xxv ACBP=A9
 0003:00000DF4 00000008 C=BSS     S=_BSS     G=DGROUP   M=C:\PROGRAM FILES\BORLAND\CBUILDER5\LIB\CP32MT.LIB|except ACBP=A9
 0003:00000DFC 00000190 C=BSS     S=_BSS     G=DGROUP   M=C:\PROGRAM FILES\BORLAND\CBUILDER5\LIB\CP32MT.LIB|files2 ACBP=A9
 0003:00000F8C 00000008 C=BSS     S=_BSS     G=DGROUP   M=C:\PROGRAM FILES\BORLAND\CBUILDER5\LIB\CP32MT.LIB|handles ACBP=A9
 0003:00000F94 00000008 C=BSS     S=_BSS     G=DGROUP   M=C:\PROGRAM FILES\BORLAND\CBUILDER5\LIB\CP32MT.LIB|streams ACBP=A9
 0003:00000F9C 00000108 C=BSS     S=_BSS     G=DGROUP   M=C:\PROGRAM FILES\BORLAND\CBUILDER5\LIB\CP32MT.LIB|mbctype ACBP=A9
 0003:000010A4 00000100 C=BSS     S=_BSS     G=DGROUP   M=C:\PROGRAM FILES\BORLAND\CBUILDER5\LIB\CP32MT.LIB|assert ACBP=A9
 0003:000011A4 00000019 C=BSS     S=_BSS     G=DGROUP   M=C:\PROGRAM FILES\BORLAND\CBUILDER5\LIB\CP32MT.LIB|ermsghlp ACBP=A9
 0003:000011C0 0000000C C=BSS     S=_BSS     G=DGROUP   M=C:\PROGRAM FILES\BORLAND\CBUILDER5\LIB\CP32MT.LIB|setargv ACBP=A9
 0003:000011CC 00000004 C=BSS     S=_BSS     G=DGROUP   M=C:\PROGRAM FILES\BORLAND\CBUILDER5\LIB\CP32MT.LIB|hsargv ACBP=A9
 0003:000011D0 00000004 C=BSS     S=_BSS     G=DGROUP   M=C:\PROGRAM FILES\BORLAND\CBUILDER5\LIB\CP32MT.LIB|whsargv ACBP=A9
 0003:000011D4 00000010 C=BSS     S=_BSS     G=DGROUP   M=C:\PROGRAM FILES\BORLAND\CBUILDER5\LIB\CP32MT.LIB|setenvp ACBP=A9
 0003:000011E4 00000044 C=BSS     S=_BSS     G=DGROUP   M=C:\PROGRAM FILES\BORLAND\CBUILDER5\LIB\CP32MT.LIB|globals ACBP=A9
 0003:00001228 00000008 C=BSS     S=_BSS     G=DGROUP   M=C:\PROGRAM FILES\BORLAND\CBUILDER5\LIB\CP32MT.LIB|thrddata ACBP=A9
 0003:00001230 00003004 C=BSS     S=_BSS     G=DGROUP   M=C:\PROGRAM FILES\BORLAND\CBUILDER5\LIB\CP32MT.LIB|_lock ACBP=A9
 0003:00004234 00000010 C=BSS     S=_BSS     G=DGROUP   M=C:\PROGRAM FILES\BORLAND\CBUILDER5\LIB\CP32MT.LIB|xx ACBP=A9
 0004:00000000 00000008 C=TLS     S=_TLS     G=DGROUP   M=C:\PROGRAM FILES\BORLAND\CBUILDER5\LIB\DEBUG\VCL50.LIB|Classes ACBP=A9
 0004:00000008 00000008 C=TLS     S=_TLS     G=DGROUP   M=C:\PROGRAM FILES\BORLAND\CBUILDER5\LIB\DEBUG\VCL50.LIB|System ACBP=A9
 0004:00000010 0000009C C=TLS     S=_TLS     G=DGROUP   M=C:\PROGRAM FILES\BORLAND\CBUILDER5\LIB\CP32MT.LIB|xxv ACBP=A9
 0004:000000AC 00000008 C=TLS     S=_TLS     G=DGROUP   M=C:\PROGRAM FILES\BORLAND\CBUILDER5\LIB\CP32MT.LIB|tls ACBP=A9

  Address         Publics by Name

 0001:0007DF90      @$bdele$qpv
 0001:0007DFA0      @$bdla$qpv
 0001:0007DFC4      @$bnew$qui
 0001:0007E168      @$bnwa$qui
 0001:0000901C      @$xp$10BrowseFlag
 0001:00008F40      @$xp$10BrowseRoot
 0001:000074F0      @$xp$10TAboutForm
 0001:000040B0      @$xp$10TBreakForm
 0001:00009C78      @$xp$10TExeDialog
 0001:00004624      @$xp$10THasloForm
 0001:00005178      @$xp$10TInfosForm
 0001:0000387C      @$xp$10TKoperForm
 0001:000054BC      @$xp$10TListaForm
 0001:00006E00      @$xp$10TQuestForm
 0001:000306EC      @$xp$11Forms@TForm
 0001:0001F478      @$xp$11Menus@TMenu
 0001:0007906C      @$xp$11System@Byte
 0001:00079028      @$xp$11System@Char
 0001:00077FE1      @$xp$11System@Text
 0001:00079080      @$xp$11System@Word
 0001:00077FE1      @$xp$11System@file
 0001:00008370      @$xp$11TBorderKind
 0001:000083AC      @$xp$11TBorderSize
 0001:00032278      @$xp$12Forms@TFrame
 0001:00077FE1      @$xp$12System@PChar
 0001:00078006      @$xp$12System@PGUID
 0001:00078006      @$xp$12System@TGUID
 0001:00008110      @$xp$12TAdvancedBar
 0001:0000BBF8      @$xp$12TExeResource
 0001:00005304      @$xp$12TJournalForm
 0001:0003330C      @$xp$13Forms@TScreen
 0001:000267E4      @$xp$13Graphics@TPen
 0001:00078032      @$xp$13System@PInt64
 0001:00077FCD      @$xp$13System@Real48
 0001:00077FC0      @$xp$13System@Single
 0001:00077FE4      @$xp$13System@String
 0001:00008E14      @$xp$13TBrowseDialog
 0001:000329A0      @$xp$14Forms@IOleForm
 0001:00031250      @$xp$14Forms@TMonitor
 0001:00026680      @$xp$14Graphics@TFont
 0001:0002704C      @$xp$14Graphics@TIcon
 0001:00014840      @$xp$14Stdctrls@TEdit
 0001:00015250      @$xp$14Stdctrls@TMemo
 0001:00079000      @$xp$14System@Boolean
 0001:00079054      @$xp$14System@Integer
 0001:00078044      @$xp$14System@PVarRec
 0001:00077FA7      @$xp$14System@Pointer
 0001:000790E8      @$xp$14System@TObject
 0001:00078044      @$xp$14System@TVarRec
 0001:00008328      @$xp$15Controls@TAlign
 0001:000400A4      @$xp$15Extctrls@TBevel
 0001:0003FAC8      @$xp$15Extctrls@TImage
 0001:000404DC      @$xp$15Extctrls@TPanel
 0001:0003F954      @$xp$15Extctrls@TTimer
 0001:00032974      @$xp$15Forms@IDesigner
 0001:0003129B      @$xp$15Forms@PHintInfo
 0001:0003129C      @$xp$15Forms@THintInfo
 0001:00032A74      @$xp$15Forms@TPosition
 0001:000268E4      @$xp$15Graphics@TBrush
 0001:00008400      @$xp$15Graphics@TColor
 0001:0001ECA8      @$xp$15Menus@PMenuItem
 0001:0001F54C      @$xp$15Menus@TMainMenu
 0001:0001F0A8      @$xp$15Menus@TMenuItem
 0001:00013FD4      @$xp$15Stdctrls@TLabel
 0001:00077FA8      @$xp$15System@Cardinal
 0001:00077F98      @$xp$15System@Extended
 0001:00078032      @$xp$15System@PVarData
 0001:00078032      @$xp$15System@PVariant
 0001:0007903C      @$xp$15System@Smallint
 0001:00078032      @$xp$15System@TVarData
 0001:0000B1E8      @$xp$15TExeInformation
 0001:0006664C      @$xp$16Classes@TStrings
 0001:000428B7      @$xp$16Controls@TCMDrag
 0001:0000CC60      @$xp$16Controls@TCursor
 0001:00031270      @$xp$16Forms@PCursorRec
 0001:00031270      @$xp$16Forms@TCursorRec
 0001:0003124E      @$xp$16Forms@TFormClass
 0001:000329CC      @$xp$16Forms@TFormStyle
 0001:0003191C      @$xp$16Forms@TScrollBox
 0001:00031270      @$xp$16Forms@TTimerMode
 0001:00026F18      @$xp$16Graphics@TBitmap
 0001:000269B4      @$xp$16Graphics@TCanvas
 0001:0001ED00      @$xp$16Menus@TMenuBreak
 0001:0001F82C      @$xp$16Menus@TPopupMenu
 0001:0001676C      @$xp$16Stdctrls@TButton
 0001:00078032      @$xp$16System@PCurrency
 0001:00078044      @$xp$16System@PDateTime
 0001:00078032      @$xp$16System@PExtended
 0001:00078032      @$xp$16System@PVarArray
 0001:00077FE1      @$xp$16System@PWideChar
 0001:00078034      @$xp$16System@TDateTime
 0001:00078032      @$xp$16System@TVarArray
 0001:0007352E      @$xp$16Sysutils@LongRec
 0001:0007352E      @$xp$16Sysutils@TMethod
 0001:0007352E      @$xp$16Sysutils@WordRec
 0001:00065C6C      @$xp$17Classes@TBiDiMode
 0001:00065CF0      @$xp$17Classes@TShortCut
 0001:00056128      @$xp$17Comctrls@TAddMode
 0001:00059374      @$xp$17Comctrls@TToolBar
 0001:000428B7      @$xp$17Controls@PDragRec
 0001:00042E9C      @$xp$17Controls@TAnchors
 0001:000428B7      @$xp$17Controls@TCMFloat
 0001:00042E50      @$xp$17Controls@TCaption
 0001:000428E8      @$xp$17Controls@TControl
 0001:000428B7      @$xp$17Controls@TDragRec
 0001:000439A0      @$xp$17Controls@TImeMode
 0001:00043A28      @$xp$17Controls@TImeName
 0001:00032A14      @$xp$17Forms@TBorderIcon
 0001:00032BBC      @$xp$17Forms@TCloseEvent
 0001:000306C8      @$xp$17Forms@TCustomForm
 0001:00032B5C      @$xp$17Forms@TPrintScale
 0001:00026B90      @$xp$17Graphics@TGraphic
 0001:0002629D      @$xp$17Graphics@TPenData
 0001:000261EC      @$xp$17Graphics@TPenMode
 0001:00026C38      @$xp$17Graphics@TPicture
 0001:000261CF      @$xp$17Graphics@TResData
 0001:000178CC      @$xp$17Stdctrls@TListBox
 0001:00008F30      @$xp$17System@AnsiString
 0001:00077FD0      @$xp$17System@Openstring
 0001:0007352E      @$xp$17Sysutils@Int64Rec
 0001:00073550      @$xp$17Sysutils@PTextBuf
 0001:00073550      @$xp$17Sysutils@TFileRec
 0001:00073550      @$xp$17Sysutils@TTextBuf
 0001:00073550      @$xp$17Sysutils@TTextRec
 0001:0006F534      @$xp$18Buttons@TNumGlyphs
 0001:00065C08      @$xp$18Classes@TAlignment
 0001:00066DC8      @$xp$18Classes@TComponent
 0001:00065D2C      @$xp$18Classes@THelpEvent
 0001:00065C4C      @$xp$18Classes@TLeftRight
 0001:0005615D      @$xp$18Comctrls@PNodeInfo
 0001:0005615D      @$xp$18Comctrls@TNodeInfo
 0001:00056D38      @$xp$18Comctrls@TTabSheet
 0001:00056998      @$xp$18Comctrls@TTabStyle
 0001:000585E4      @$xp$18Comctrls@TTickMark
 0001:00056184      @$xp$18Comctrls@TTrackBar
 0001:00056160      @$xp$18Comctrls@TTreeNode
 0001:00043A54      @$xp$18Controls@TBevelCut
 0001:00042E0C      @$xp$18Controls@TDragKind
 0001:0000CC78      @$xp$18Controls@TDragMode
 0001:000430B8      @$xp$18Controls@TKeyEvent
 0001:00042E38      @$xp$18Controls@TTabOrder
 0001:000333E8      @$xp$18Forms@TApplication
 0001:00032A5C      @$xp$18Forms@TBorderIcons
 0001:000317D4      @$xp$18Forms@TBorderStyle
 0001:000306A4      @$xp$18Forms@TCustomFrame
 0001:00032BA0      @$xp$18Forms@TModalResult
 0001:0003156C      @$xp$18Forms@TWindowState
 0001:00026312      @$xp$18Graphics@PResource
 0001:00026314      @$xp$18Graphics@TFillMode
 0001:000261EA      @$xp$18Graphics@TFontData
 0001:00026448      @$xp$18Graphics@TFontName
 0001:00026DD4      @$xp$18Graphics@TMetafile
 0001:000264D4      @$xp$18Graphics@TPenStyle
 0001:00026312      @$xp$18Graphics@TResource
 0001:0000F1B0      @$xp$18Imglist@TImageType
 0001:0001F6D4      @$xp$18Menus@TTrackButton
 0001:00016FA8      @$xp$18Stdctrls@TCheckBox
 0001:00015D60      @$xp$18Stdctrls@TComboBox
 0001:0001379C      @$xp$18Stdctrls@TGroupBox
 0001:00078032      @$xp$18System@PAnsiString
 0001:00078032      @$xp$18System@POleVariant
 0001:00078032      @$xp$18System@PWideString
 0001:00078044      @$xp$18System@PackageInfo
 0001:00078044      @$xp$18System@THeapStatus
 0001:000735E4      @$xp$18Sysutils@Exception
 0001:00073F10      @$xp$18Sysutils@TFileName
 0001:000735A0      @$xp$18Sysutils@TFloatRec
 0001:00073608      @$xp$18Sysutils@TNameType
 0001:0000BCC8      @$xp$18TExeResource@TKind
 0001:0001227C      @$xp$18Toolwin@TEdgeStyle
 0001:00066518      @$xp$19Classes@TCollection
 0001:00065AA4      @$xp$19Classes@TDuplicates
 0001:00065BF4      @$xp$19Classes@TIdentToInt
 0001:00065BF4      @$xp$19Classes@TIntToIdent
 0001:00065AE0      @$xp$19Classes@TPersistent
 0001:00065B34      @$xp$19Classes@TStringItem
 0001:0006674C      @$xp$19Classes@TStringList
 0001:00056184      @$xp$19Comctrls@PNodeCache
 0001:00056184      @$xp$19Comctrls@TNodeCache
 0001:00057F04      @$xp$19Comctrls@TStatusBar
 0001:00058620      @$xp$19Comctrls@TTickStyle
 0001:000443D4      @$xp$19Controls@TImageList
 0001:000312BC      @$xp$19Forms@TScrollBarInc
 0001:00026312      @$xp$19Graphics@TBrushData
 0001:0002640C      @$xp$19Graphics@TFontPitch
 0001:00026474      @$xp$19Graphics@TFontStyle
 0001:0000F1DC      @$xp$19Imglist@TImageIndex
 0001:0001EEEC      @$xp$19Menus@TMenuAutoFlag
 0001:00078032      @$xp$19System@PShortString
 0001:0007352E      @$xp$19Sysutils@PByteArray
 0001:0007352E      @$xp$19Sysutils@PWordArray
 0001:0007352E      @$xp$19Sysutils@TByteArray
 0001:0007352E      @$xp$19Sysutils@TProcedure
 0001:00073530      @$xp$19Sysutils@TSearchRec
 0001:000735E4      @$xp$19Sysutils@TSysLocale
 0001:000735A0      @$xp$19Sysutils@TTimeStamp
 0001:0007352E      @$xp$19Sysutils@TWordArray
 0001:00012228      @$xp$19Toolwin@TEdgeBorder
 0001:000123DC      @$xp$19Toolwin@TToolWindow
 0001:00010EFC      @$xp$20Actnlist@TActionLink
 0001:0006F690      @$xp$20Buttons@TSpeedButton
 0001:00065ADF      @$xp$20Classes@PPointerList
 0001:00065BA8      @$xp$20Classes@TBasicAction
 0001:00065CD4      @$xp$20Classes@THelpContext
 0001:00065D08      @$xp$20Classes@TNotifyEvent
 0001:00065ADF      @$xp$20Classes@TPointerList
 0001:00056784      @$xp$20Comctrls@TConversion
 0001:00058ACC      @$xp$20Comctrls@TToolButton
 0001:0000CE38      @$xp$20Controls@Controls__7
 0001:0000CD24      @$xp$20Controls@Controls__8
 0001:0000CCE0      @$xp$20Controls@Controls__9
 0001:00042E60      @$xp$20Controls@TAnchorKind
 0001:00043A94      @$xp$20Controls@TBevelWidth
 0001:000429FC      @$xp$20Controls@THintWindow
 0001:00043004      @$xp$20Controls@TMouseEvent
 0001:00043E9C      @$xp$20Controls@TWinControl
 0001:0003FF64      @$xp$20Extctrls@TBevelShape
 0001:0003FF30      @$xp$20Extctrls@TBevelStyle
 0001:00032C30      @$xp$20Forms@TShortCutEvent
 0001:000262A0      @$xp$20Graphics@TBrushStyle
 0001:000264BC      @$xp$20Graphics@TFontStyles
 0001:0001F774      @$xp$20Menus@TMenuAnimation
 0001:0000F034      @$xp$20Stdactns@THintAction
 0001:000146D0      @$xp$20Stdctrls@TCustomEdit
 0001:000150FC      @$xp$20Stdctrls@TCustomMemo
 0001:000182E4      @$xp$20Stdctrls@TStaticText
 0001:00013D84      @$xp$20Stdctrls@TTextLayout
 0001:00073608      @$xp$20Sysutils@ExceptClass
 0001:0007352E      @$xp$20Sysutils@TIntegerSet
 0001:00073518      @$xp$20Sysutils@TSysCharSet
 0001:00012264      @$xp$20Toolwin@TEdgeBorders
 0001:0006F4E0      @$xp$21Buttons@TButtonLayout
 0001:000567D4      @$xp$21Comctrls@TIconOptions
 0001:00057340      @$xp$21Comctrls@TPageControl
 0001:00057B7C      @$xp$21Comctrls@TStatusPanel
 0001:00056958      @$xp$21Comctrls@TTabPosition
 0001:00043AB0      @$xp$21Controls@IDockManager
 0001:00043A38      @$xp$21Controls@TBorderWidth
 0001:00042850      @$xp$21Controls@TDragMessage
 0001:0004333C      @$xp$21Controls@TUnDockEvent
 0001:000403A8      @$xp$21Extctrls@TCustomPanel
 0001:000331CC      @$xp$21Forms@TCustomDockForm
 0001:00032B0C      @$xp$21Forms@TDefaultMonitor
 0001:000312D8      @$xp$21Forms@TScrollBarStyle
 0001:00026458      @$xp$21Graphics@TFontCharset
 0001:0000F164      @$xp$21Imglist@TDrawingStyle
 0001:0001F710      @$xp$21Menus@TMenuAnimations
 0001:0001F698      @$xp$21Menus@TPopupAlignment
 0001:00013EC8      @$xp$21Stdctrls@TCustomLabel
 0001:00014F68      @$xp$21Stdctrls@TScrollStyle
 0001:00078044      @$xp$21System@PMemoryManager
 0001:00078044      @$xp$21System@TMemoryManager
 0001:00078032      @$xp$21System@TVarArrayBound
 0001:00078044      @$xp$21System@UnitEntryTable
 0001:00073550      @$xp$21Sysutils@TFloatFormat
 0001:00012564      @$xp$21Toolwin@TToolDockForm
 0001:0001119C      @$xp$22Actnlist@TCustomAction
 0001:0000D768      @$xp$22Checklst@TCheckListBox
 0001:00066C88      @$xp$22Classes@TComponentName
 0001:00065BD0      @$xp$22Classes@TIdentMapEntry
 0001:000569D4      @$xp$22Comctrls@TDrawTabEvent
 0001:00057D14      @$xp$22Comctrls@TStatusPanels
 0001:000428B7      @$xp$22Controls@TCMDockClient
 0001:000429C9      @$xp$22Controls@TControlClass
 0001:000429C9      @$xp$22Controls@TCreateParams
 0001:00043224      @$xp$22Controls@TEndDragEvent
 0001:00032BF4      @$xp$22Forms@TCloseQueryEvent
 0001:000306EB      @$xp$22Forms@TCustomFormClass
 0001:00031770      @$xp$22Forms@TFormBorderStyle
 0001:0001ED38      @$xp$22Menus@TMenuChangeEvent
 0001:00014534      @$xp$22Stdctrls@TEditCharCase
 0001:000175AC      @$xp$22Stdctrls@TListBoxStyle
 0001:00078006      @$xp$22System@PInterfaceEntry
 0001:00078006      @$xp$22System@PInterfaceTable
 0001:00078044      @$xp$22System@PUnitEntryTable
 0001:00078006      @$xp$22System@TInterfaceEntry
 0001:00078006      @$xp$22System@TInterfaceTable
 0001:000735A0      @$xp$22Sysutils@TMbcsByteType
 0001:00066C9C      @$xp$23Classes@IDesignerNotify
 0001:00066540      @$xp$23Classes@IStringsAdapter
 0001:00065B55      @$xp$23Classes@PStringItemList
 0001:00065B08      @$xp$23Classes@TCollectionItem
 0001:00065B58      @$xp$23Classes@TStringItemList
 0001:000428B7      @$xp$23Controls@PDockNotifyRec
 0001:00042D1C      @$xp$23Controls@TControlCanvas
 0001:0004411C      @$xp$23Controls@TCustomControl
 0001:00043270      @$xp$23Controls@TDockDropEvent
 0001:000428B7      @$xp$23Controls@TDockNotifyRec
 0001:000432C4      @$xp$23Controls@TDockOverEvent
 0001:00042A4C      @$xp$23Controls@TDockTreeClass
 0001:00043198      @$xp$23Controls@TDragDropEvent
 0001:00044314      @$xp$23Controls@TDragImageList
 0001:00043128      @$xp$23Controls@TDragOverEvent
 0001:000430F8      @$xp$23Controls@TKeyPressEvent
 0001:00031384      @$xp$23Forms@TControlScrollBar
 0001:000306C8      @$xp$23Forms@TCustomFrameClass
 0001:00026A58      @$xp$23Graphics@TProgressEvent
 0001:0001EEA8      @$xp$23Menus@TMenuItemAutoFlag
 0001:00016600      @$xp$23Stdctrls@TButtonControl
 0001:00016CC0      @$xp$23Stdctrls@TCheckBoxState
 0001:00013498      @$xp$23Stdctrls@TComboBoxStyle
 0001:0001776C      @$xp$23Stdctrls@TCustomListBox
 0001:000159BC      @$xp$23Stdctrls@TDrawItemEvent
 0001:00078044      @$xp$23System@PackageInfoTable
 0001:00078044      @$xp$23System@PackageUnitEntry
 0001:00078032      @$xp$23System@TInterfacedClass
 0001:00073645      @$xp$23Sysutils@TTerminateProc
 0001:00065B7C      @$xp$24Classes@TBasicActionLink
 0001:00065ADF      @$xp$24Classes@TListSortCompare
 0001:00065B05      @$xp$24Classes@TPersistentClass
 0001:00057D3C      @$xp$24Comctrls@TDrawPanelEvent
 0001:000428B7      @$xp$24Controls@TCMUnDockClient
 0001:00043454      @$xp$24Controls@TCanResizeEvent
 0001:00042EB0      @$xp$24Controls@TConstraintSize
 0001:00043FD4      @$xp$24Controls@TGraphicControl
 0001:00043068      @$xp$24Controls@TMouseMoveEvent
 0001:00043398      @$xp$24Controls@TStartDockEvent
 0001:000431E4      @$xp$24Controls@TStartDragEvent
 0001:000265D0      @$xp$24Graphics@IChangeNotifier
 0001:000261D0      @$xp$24Graphics@TFontStylesBase
 0001:000265A4      @$xp$24Graphics@TGraphicsObject
 0001:0000F29C      @$xp$24Imglist@TCustomImageList
 0001:0001ED84      @$xp$24Menus@TMenuDrawItemEvent
 0001:00016E44      @$xp$24Stdctrls@TCustomCheckBox
 0001:00015BF4      @$xp$24Stdctrls@TCustomComboBox
 0001:00013660      @$xp$24Stdctrls@TCustomGroupBox
 0001:00078008      @$xp$24System@TInterfacedObject
 0001:00010F24      @$xp$25Actnlist@TActionLinkClass
 0001:00010EAC      @$xp$25Actnlist@TContainedAction
 0001:00065BCE      @$xp$25Classes@TBasicActionClass
 0001:000567AA      @$xp$25Comctrls@TConversionClass
 0001:000587D4      @$xp$25Comctrls@TIconArrangement
 0001:0005886C      @$xp$25Comctrls@TToolButtonStyle
 0001:00042A24      @$xp$25Controls@TForEachZoneProc
 0001:00042A22      @$xp$25Controls@THintWindowClass
 0001:0004352C      @$xp$25Controls@TMouseWheelEvent
 0001:00042F48      @$xp$25Controls@TSizeConstraints
 0001:00073645      @$xp$25Sysutils@TPackageInfoProc
 0001:000110A4      @$xp$26Actnlist@TCustomActionList
 0001:000567AA      @$xp$26Comctrls@PConversionFormat
 0001:000567AC      @$xp$26Comctrls@TConversionFormat
 0001:00056BE8      @$xp$26Comctrls@TCustomTabControl
 0001:00057AB4      @$xp$26Comctrls@TStatusPanelBevel
 0001:00057A7C      @$xp$26Comctrls@TStatusPanelStyle
 0001:00056918      @$xp$26Comctrls@TTabChangingEvent
 0001:00056A34      @$xp$26Comctrls@TTabGetImageEvent
 0001:000433DC      @$xp$26Controls@TGetSiteInfoEvent
 0001:000316F4      @$xp$26Forms@TScrollingWinControl
 0001:00013504      @$xp$26Stdctrls@TButtonActionLink
 0001:000181AC      @$xp$26Stdctrls@TCustomStaticText
 0001:00015A1C      @$xp$26Stdctrls@TMeasureItemEvent
 0001:00078044      @$xp$26System@GetPackageInfoTable
 0001:0005689C      @$xp$27Comctrls@TDTParseInputEvent
 0001:00058FB0      @$xp$27Comctrls@TTBCustomDrawEvent
 0001:00043604      @$xp$27Controls@TContextPopupEvent
 0001:000428B8      @$xp$27Controls@TControlActionLink
 0001:0001EE48      @$xp$27Menus@TMenuMeasureItemEvent
 0001:00018040      @$xp$27Stdctrls@TStaticBorderStyle
 0001:00074978      @$xp$27Sysutils@TActiveThreadArray
 0001:00065B31      @$xp$28Classes@TCollectionItemClass
 0001:00065BF4      @$xp$28Classes@TFindGlobalComponent
 0001:000567D3      @$xp$28Comctrls@PRichEditStreamInfo
 0001:000567D3      @$xp$28Comctrls@TRichEditStreamInfo
 0001:000428B7      @$xp$28Controls@TCMDockNotification
 0001:00065BA6      @$xp$29Classes@TBasicActionLinkClass
 0001:000585A4      @$xp$29Comctrls@TTrackBarOrientation
 0001:00010EFA      @$xp$30Actnlist@TContainedActionClass
 0001:00065B79      @$xp$30Classes@TStringListSortCompare
 0001:00059000      @$xp$30Comctrls@TTBCustomDrawBtnEvent
 0001:0005686C      @$xp$30Comctrls@TToolButtonActionLink
 0001:000429CC      @$xp$30Controls@TWinControlActionLink
 0001:000435A0      @$xp$31Controls@TMouseWheelUpDownEvent
 0001:00013530      @$xp$31Stdctrls@TButtonActionLinkClass
 0001:000434B0      @$xp$32Controls@TConstrainedResizeEvent
 0001:000428E5      @$xp$32Controls@TControlActionLinkClass
 0001:0001EDE0      @$xp$32Menus@TAdvancedMenuDrawItemEvent
 0001:0002619C      @$xp$33Graphics@EInvalidGraphicOperation
 0001:00059070      @$xp$35Comctrls@TTBAdvancedCustomDrawEvent
 0001:0005689C      @$xp$35Comctrls@TToolButtonActionLinkClass
 0001:000429FC      @$xp$35Controls@TWinControlActionLinkClass
 0001:000590E0      @$xp$38Comctrls@TTBAdvancedCustomDrawBtnEvent
 0001:0000900C      @$xp$38System@%Set$t10BrowseFlag$iuc$0$iuc$4%
 0001:0000CCAC      @$xp$48System@%Set$t20Controls@Controls__9$iuc$0$iuc$4%
 0001:0000CC40      @$xp$49System@%Set$t20Controls@Controls__7$iuc$0$iuc$10%
 0001:0000CC50      @$xp$49System@%Set$t20Controls@Controls__8$iuc$0$iuc$16%
 0001:0000C650      @$xp$6TRamka
 0001:00077FF0      @$xp$7HRESULT
 0001:00079108      @$xp$8IUnknown
 0001:0000D4E8      @$xp$8TSysTray
 0001:00008418      @$xp$i
 0001:000083DC      @$xp$o
 0001:0000CC20      @$xp$ynpqqrp14System@TObject$v
 0001:0000CB74      @$xp$ynpqqrp14System@TObject21Controls@TMouseButton46System@%Set$t18Classes@Classes__1$iuc$0$iuc$6%ii$v
 0001:0000CBD4      @$xp$ynpqqrp14System@TObject46System@%Set$t18Classes@Classes__1$iuc$0$iuc$6%ii$v
 0001:0000CCBC      @$xp$ynpqqrr17Messages@TMessage$v
 0001:00009F9C      @$xp$ynpqqruiuil$i
 0001:0000749C      @$xt$10TAboutForm
 0001:0000405C      @$xt$10TBreakForm
 0001:00009C14      @$xt$10TExeDialog
 0001:000045D0      @$xt$10THasloForm
 0001:00005124      @$xt$10TInfosForm
 0001:00003828      @$xt$10TKoperForm
 0001:00005468      @$xt$10TListaForm
 0001:00006DAC      @$xt$10TQuestForm
 0001:000037D0      @$xt$11Forms@TForm
 0001:00000B64      @$xt$11THandleList
 0001:00000A9C      @$xt$11TSoft@Kop32
 0001:0007E770      @$xt$11_RWSTDMutex
 0001:000080B8      @$xt$12TAdvancedBar
 0001:0000BB90      @$xt$12TExeResource
 0001:000052AC      @$xt$12TJournalForm
 0001:0007E730      @$xt$12std@bad_cast
 0001:00008D9C      @$xt$13TBrowseDialog
 0001:0007E054      @$xt$13std@bad_alloc
 0001:0007E104      @$xt$13std@exception
 0001:0007F71C      @$xt$13std@type_info
 0001:0000D590      @$xt$14Graphics@TIcon
 0001:00000C3C      @$xt$14System@TObject
 0001:00000F40      @$xt$14TSoft@Database
 0001:0007E750      @$xt$14std@bad_typeid
 0001:0007F768      @$xt$14type_info_hash
 0001:0000B190      @$xt$15TExeInformation
 0001:00008490      @$xt$16Graphics@TBitmap
 0001:00003D70      @$xt$17Controls@TControl
 0001:00003AF8      @$xt$17Forms@TCustomForm
 0001:000084EC      @$xt$17Graphics@TGraphic
 0001:00000A4C      @$xt$17System@AnsiString
 0001:00003E40      @$xt$18Classes@TComponent
 0001:000886EC      @$xt$18Sysutils@EControlC
 0001:00088868      @$xt$18Sysutils@EExternal
 0001:000887AC      @$xt$18Sysutils@EIntError
 0001:0008856C      @$xt$18Sysutils@EOverflow
 0001:00000B00      @$xt$18Sysutils@Exception
 0001:00000D38      @$xt$18TSoft@Kop32@__list
 0001:00003ED4      @$xt$19Classes@TPersistent
 0001:0008838C      @$xt$19Sysutils@EDivByZero
 0001:000884AC      @$xt$19Sysutils@EInvalidOp
 0001:00088808      @$xt$19Sysutils@EMathError
 0001:0008868C      @$xt$19Sysutils@EPrivilege
 0001:000885C8      @$xt$19Sysutils@EUnderflow
 0001:00003CA0      @$xt$20Controls@TWinControl
 0001:000883EC      @$xt$20Sysutils@ERangeError
 0001:0008850C      @$xt$20Sysutils@EZeroDivide
 0001:0008844C      @$xt$21Sysutils@EIntOverflow
 0001:00000CCC      @$xt$21TSoft@Kop32@__options
 0001:00088748      @$xt$23Sysutils@EStackOverflow
 0001:0000842C      @$xt$24Controls@TGraphicControl
 0001:00088628      @$xt$25Sysutils@EAccessViolation
 0001:00003B6C      @$xt$26Forms@TScrollingWinControl
 0001:00000E4C      @$xt$32TSoft@Kop32@__list@__destination
 0001:00003C38      @$xt$42System@%DelphiInterface$t14Forms@IOleForm%
 0001:00003BD0      @$xt$43System@%DelphiInterface$t15Forms@IDesigner%
 0001:00003DD4      @$xt$49System@%DelphiInterface$t21Controls@IDockManager%
 0001:0000C600      @$xt$6TRamka
 0001:00000C88      @$xt$7__stack
 0001:0000D48C      @$xt$8TSysTray
 0001:0000D1E0      @$xt$a2$p14Graphics@TIcon
 0001:00008080      @$xt$a2$p16Graphics@TBitmap
 0001:00088238      @$xt$a2$p18Sysutils@Exception
 0001:00006F0C      @$xt$p10TAboutForm
 0001:00003FAC      @$xt$p10TBreakForm
 0001:00009360      @$xt$p10TExeDialog
 0001:000041CC      @$xt$p10THasloForm
 0001:00004740      @$xt$p10TInfosForm
 0001:000011EC      @$xt$p10TKoperForm
 0001:00005434      @$xt$p10TListaForm
 0001:00005628      @$xt$p10TQuestForm
 0001:000037A0      @$xt$p11Forms@TForm
 0001:00000338      @$xt$p11THandleList
 0001:00000A30      @$xt$p11TSoft@Kop32
 0001:00007834      @$xt$p12TAdvancedBar
 0001:0000B618      @$xt$p12TExeResource
 0001:00005284      @$xt$p12TJournalForm
 0001:000087C0      @$xt$p13TBrowseDialog
 0001:0007E0EC      @$xt$p13std@bad_alloc
 0001:0000D478      @$xt$p14Graphics@TIcon
 0001:0000A0B0      @$xt$p15TExeInformation
 0001:000080A0      @$xt$p16Graphics@TBitmap
 0001:000085C4      @$xt$p17Graphics@TGraphic
 0001:000037B4      @$xt$p17System@AnsiString
 0001:00088124      @$xt$p18Sysutils@EControlC
 0001:000880B8      @$xt$p18Sysutils@EExternal
 0001:000880EC      @$xt$p18Sysutils@EIntError
 0001:00088194      @$xt$p18Sysutils@EOverflow
 0001:00000D9C      @$xt$p18Sysutils@Exception
 0001:0008821C      @$xt$p19Sysutils@EDivByZero
 0001:000881C8      @$xt$p19Sysutils@EInvalidOp
 0001:000880D0      @$xt$p19Sysutils@EMathError
 0001:0008813C      @$xt$p19Sysutils@EPrivilege
 0001:00088178      @$xt$p19Sysutils@EUnderflow
 0001:00088200      @$xt$p20Sysutils@ERangeError
 0001:000881AC      @$xt$p20Sysutils@EZeroDivide
 0001:000881E4      @$xt$p21Sysutils@EIntOverflow
 0001:00088104      @$xt$p23Sysutils@EStackOverflow
 0001:00088158      @$xt$p25Sysutils@EAccessViolation
 0001:0000BEB0      @$xt$p6TRamka
 0001:0000D0E4      @$xt$p8TSysTray
 0001:00088278      @$xt$r18Sysutils@EControlC
 0001:000882E8      @$xt$r18Sysutils@EOverflow
 0001:00000A18      @$xt$r18Sysutils@Exception
 0001:00088370      @$xt$r19Sysutils@EDivByZero
 0001:0008831C      @$xt$r19Sysutils@EInvalidOp
 0001:00088290      @$xt$r19Sysutils@EPrivilege
 0001:000882CC      @$xt$r19Sysutils@EUnderflow
 0001:00088354      @$xt$r20Sysutils@ERangeError
 0001:00088300      @$xt$r20Sysutils@EZeroDivide
 0001:00088338      @$xt$r21Sysutils@EIntOverflow
 0001:00088258      @$xt$r23Sysutils@EStackOverflow
 0001:000882AC      @$xt$r25Sysutils@EAccessViolation
 0001:000085EC      @@Advbar@Finalize
 0001:000085DC      @@Advbar@Initialize
 0001:000090A8      @@Browsedlg@Finalize
 0001:00009098      @@Browsedlg@Initialize
 0001:00009FE4      @@Exedlg@Finalize
 0001:00009FD4      @@Exedlg@Initialize
 0001:0000B48C      @@Exeinfo@Finalize
 0001:0000B47C      @@Exeinfo@Initialize
 0001:0000BD14      @@Exeres@Finalize
 0001:0000BD04      @@Exeres@Initialize
 0001:0000CEF8      @@Framepan@Finalize
 0001:0000CEE8      @@Framepan@Initialize
 0001:000053AC      @@Journal_frm@Finalize
 0001:0000539C      @@Journal_frm@Initialize
 0001:00005560      @@Lista_frm@Finalize
 0001:00005550      @@Lista_frm@Initialize
 0001:0000D5F8      @@Systray@Finalize
 0001:0000D5E8      @@Systray@Initialize
 0003:00000358      @Activex@B279_2
 0001:00072D14      @Activex@Finalization$qqrv
 0001:00072D44      @Activex@initialization$qqrv
 0003:000000C8      @Actnlist@B144_2
 0001:00010EAC      @Actnlist@C144_0
 0001:000121F0      @Actnlist@Finalization$qqrv
 0001:000111C4      @Actnlist@TActionLink@
 0001:00011A04      @Actnlist@TActionLink@IsCaptionLinked$qqrv
 0001:00011A28      @Actnlist@TActionLink@IsCheckedLinked$qqrv
 0001:00011A4C      @Actnlist@TActionLink@IsEnabledLinked$qqrv
 0001:00011A70      @Actnlist@TActionLink@IsHelpContextLinked$qqrv
 0001:00011A94      @Actnlist@TActionLink@IsHintLinked$qqrv
 0001:00011AB8      @Actnlist@TActionLink@IsImageIndexLinked$qqrv
 0001:00011ADC      @Actnlist@TActionLink@IsShortCutLinked$qqrv
 0001:00011B00      @Actnlist@TActionLink@IsVisibleLinked$qqrv
 0001:00011B24      @Actnlist@TActionLink@SetCaption$qqrx17System@AnsiString
 0001:00011B34      @Actnlist@TActionLink@SetChecked$qqro
 0001:00011B44      @Actnlist@TActionLink@SetEnabled$qqro
 0001:00011B54      @Actnlist@TActionLink@SetHelpContext$qqri
 0001:00011B64      @Actnlist@TActionLink@SetHint$qqrx17System@AnsiString
 0001:00011B74      @Actnlist@TActionLink@SetImageIndex$qqri
 0001:00011B84      @Actnlist@TActionLink@SetShortCut$qqrus
 0001:00011B98      @Actnlist@TActionLink@SetVisible$qqro
 0001:00010F24      @Actnlist@TContainedAction@
 0001:0001127C      @Actnlist@TContainedAction@$bdtr$qqrv
 0001:000114E4      @Actnlist@TContainedAction@Execute$qqrv
 0001:000112C4      @Actnlist@TContainedAction@GetIndex$qqrv
 0001:00011310      @Actnlist@TContainedAction@GetParentComponent$qqrv
 0001:00011340      @Actnlist@TContainedAction@HasParent$qqrv
 0001:000112FC      @Actnlist@TContainedAction@IsCategoryStored$qqrv
 0001:0001136C      @Actnlist@TContainedAction@ReadState$qqrp15Classes@TReader
 0001:00011468      @Actnlist@TContainedAction@SetActionList$qqrp26Actnlist@TCustomActionList
 0001:00011424      @Actnlist@TContainedAction@SetCategory$qqrx17System@AnsiString
 0001:000113AC      @Actnlist@TContainedAction@SetIndex$qqri
 0001:000114AC      @Actnlist@TContainedAction@SetParentComponent$qqrp18Classes@TComponent
 0001:00011550      @Actnlist@TContainedAction@Update$qqrv
 0001:000110D0      @Actnlist@TCustomAction@
 0001:00011BA8      @Actnlist@TCustomAction@$bctr$qqrp18Classes@TComponent
 0001:00011C10      @Actnlist@TCustomAction@$bdtr$qqrv
 0001:00011C58      @Actnlist@TCustomAction@AssignTo$qqrp19Classes@TPersistent
 0001:00012184      @Actnlist@TCustomAction@DoHint$qqrr17System@AnsiString
 0001:000121B8      @Actnlist@TCustomAction@Execute$qqrv
 0001:00011CF8      @Actnlist@TCustomAction@SetCaption$qqrx17System@AnsiString
 0001:00011D84      @Actnlist@TCustomAction@SetChecked$qqro
 0001:00011E04      @Actnlist@TCustomAction@SetEnabled$qqro
 0001:00011E84      @Actnlist@TCustomAction@SetHelpContext$qqri
 0001:00011F04      @Actnlist@TCustomAction@SetHint$qqrx17System@AnsiString
 0001:00011F90      @Actnlist@TCustomAction@SetImageIndex$qqri
 0001:00012118      @Actnlist@TCustomAction@SetName$qqrx17System@AnsiString
 0001:00012010      @Actnlist@TCustomAction@SetShortCut$qqrus
 0001:00012098      @Actnlist@TCustomAction@SetVisible$qqro
 0001:00010FF8      @Actnlist@TCustomActionList@
 0001:000115BC      @Actnlist@TCustomActionList@$bctr$qqrp18Classes@TComponent
 0001:0001163C      @Actnlist@TCustomActionList@$bdtr$qqrv
 0001:00011814      @Actnlist@TCustomActionList@AddAction$qqrp25Actnlist@TContainedAction
 0001:00011874      @Actnlist@TCustomActionList@Change$qqrv
 0001:0001199C      @Actnlist@TCustomActionList@ExecuteAction$qqrp20Classes@TBasicAction
 0001:000116A4      @Actnlist@TCustomActionList@GetChildren$qqrynpqqrp18Classes@TComponent$vp18Classes@TComponent
 0001:00011794      @Actnlist@TCustomActionList@ImageListChange$qqrp14System@TObject
 0001:0001190C      @Actnlist@TCustomActionList@IsShortCut$qqrr15Messages@TWMKey
 0001:000117B8      @Actnlist@TCustomActionList@Notification$qqrp18Classes@TComponent18Classes@TOperation
 0001:00011848      @Actnlist@TCustomActionList@RemoveAction$qqrp25Actnlist@TContainedAction
 0001:000116FC      @Actnlist@TCustomActionList@SetChildOrder$qqrp18Classes@TComponenti
 0001:00011738      @Actnlist@TCustomActionList@SetImages$qqrp24Imglist@TCustomImageList
 0001:000119D0      @Actnlist@TCustomActionList@UpdateAction$qqrp20Classes@TBasicAction
 0001:00012220      @Actnlist@initialization$qqrv
 0003:0000006C      @Advbar@B66_2
 0003:00000070      @Advbar@B66_3
 0001:00007584      @Advbar@C66_0
 0002:000030F0      @Advbar@D66_1
 0001:000075E8      @Advbar@Register$qqrv
 0003:00000DFC      @B1020_1
 0003:00000F8C      @B1094_2
 0003:00000064      @B10_2
 0003:00000F94      @B1196_2
 0003:00000068      @B11_2
 0003:00000F9C      @B1734_2
 0003:000010A4      @B1870_2
 0003:000011A4      @B1886_2
 0003:000011C0      @B1980_2
 0003:000011CC      @B1982_2
 0003:000011D0      @B1984_2
 0003:000011D4      @B2056_2
 0003:000011E4      @B2077_1
 0003:00001228      @B2101_2
 0003:00001230      @B2107_2
 0003:00004234      @B2185_2
 0003:0000001C      @B4_2
 0003:00000970      @B501_2
 0003:00000978      @B523_2
 0003:00000990      @B541_0
 0003:00000994      @B551_2
 0003:00000048      @B5_2
 0003:000009C0      @B612_2
 0003:0000004C      @B6_2
 0003:00000050      @B7_2
 0003:000009DC      @B820_2
 0003:00000DEC      @B824_2
 0003:00000DF4      @B830_2
 0003:00000074      @Browsedlg@B69_3
 0002:0000330C      @Browsedlg@D69_1
 0001:00008604      @Browsedlg@Register$qqrv
 0003:000002A4      @Buttons@B246_2
 0001:00071C88      @Buttons@Finalization$qqrv
[...]
 0002:00006DC0      __exitbuf
 0002:00006DC0      @D1956_1
 0002:00006DC4      __exitfopen
 0002:00006DC8      __exitopen
 0002:00006DCC      __setargv_ptr
 0002:00006DCC      @D1976_0
 0002:00006DD0      __exitargv_ptr
 0002:00006DD4      @D1978_0
 0002:00006DD4      __wsetargv_ptr
 0002:00006DD8      __wexitargv_ptr
 0002:00006DDC      @D1980_1
 0002:00006DDC      __setargv__
 0002:00006E30      @D1982_1
 0002:00006E30      __cmdline_escapes
 0002:00006E58      @D1984_1
 0002:00006E7C      @D2038_0
 0002:00006E7C      __argv_expand_ptr
 0002:00006E80      __wargv_expand_ptr
 0002:00006E80      @D2040_0
 0002:00006E84      __argv0
 0002:00006E84      @D2042_1
 0002:00006EA4      __setenvp__
 0002:00006EA4      @D2056_1
 0002:00006F10      @D2060_1
 0002:00006F70      @D2077_0
 0002:00006F70      __isWindows
 0002:00006F74      @D2079_1
 0002:00006F90      @D2101_1
 0002:00006FAC      @D2107_1
 0002:00006FC0      ___debuggerDisableTerminateCallback
 0002:00006FC0      @D2185_1
 0002:000083A8      @D2270_1
 0002:000083CC      @_$DCZC$@System@AnsiString@$bctr$qqrpxc
 0002:000083DC      @_$ECTAD$@System@AnsiString@$bctr$qqrpxc
 0002:000083F0      @_$DCBD$@System@AnsiString@$bctr$qqrrx17System@AnsiString
 0002:00008400      @_$ECTCD$@System@AnsiString@$bctr$qqrrx17System@AnsiString
 0002:00008414      @_$DCRD$@System@AnsiString@$bctr$qqrui
 0002:00008424      @_$ECTSD$@System@AnsiString@$bctr$qqrui
 0002:00008438      @_$DCTD$@System@AnsiString@$bctr$qqrl
 0002:00008448      @_$ECTUD$@System@AnsiString@$bctr$qqrl
 0002:0000845C      @_$DCDE$@System@AnsiString@$badd$xqqrrx17System@AnsiString
 0002:0000849C      @_$ECTEE$@System@AnsiString@$badd$xqqrrx17System@AnsiString
 0002:000084D4      @_$DCRF$@System@AnsiString@ToIntDef$xqqri
 0002:000084E4      @_$ECTSF$@System@AnsiString@ToIntDef$xqqri
 0002:000084F8      @_$DCHG$@System@$badd$qqrpxcrx17System@AnsiString
 0002:00008538      @_$ECTIG$@System@$badd$qqrpxcrx17System@AnsiString
 0002:00008570      @D2276_1
 0002:00008580      @_$DCWC$@__LateVCLInit$qqsv
 0002:000085B0      @_$ECTXC$@__LateVCLInit$qqsv
 0002:000085DC      __indStub:147
 0002:000085E0      __indStub:99
 0002:000085E4      __indStub:148
 0002:000085E8      __indStub:149
 0002:000085EC      __indStub:150
 0002:000085F0      __indStub:151
 0002:000085F4      __indStub:152
 0002:000085F8      __indStub:153
 0002:000085FC      __indStub:154
 0002:00008600      __indStub:166
 0002:00008604      __indStub:2209
 0002:00008608      __indStub:7908
 0002:0000860C      __indStub:5230
 0002:00008610      __indStub:7842
 0002:00008614      __indStub:1592
 0002:00008618      __indStub:7256
 0002:0000861C      __indStub:7257
 0002:00008620      __indStub:7258
 0002:00008624      __indStub:7268
 0002:00008628      __indStub:7265
 0002:0000862C      __indStub:6253
 0002:00008630      __indStub:7255
 0002:00008634      __indStub:8989
 0002:00008638      __indStub:7849
 0002:0000863C      __indStub:7846
 0002:00008640      __indStub:7841
 0002:00008644      __indStub:7843
 0002:00008648      __indStub:7847
 0002:0000864C      __indStub:7848
 0002:00008650      __indStub:6254
 0002:00008654      __indStub:6255
 0002:00008658      __indStub:6256
 0002:0000865C      __indStub:8280
 0002:00008660      __indStub:6252
 0002:00008664      __indStub:7845
 0002:00008668      __indStub:8279
 0002:0000866C      __indStub:8987
 0002:00008670      __indStub:2165
 0002:00008674      __indStub:2166
 0002:00008678      __indStub:2167
 0002:0000867C      __indStub:8988
 0002:00008680      __indStub:7259
 0002:00008684      __indStub:7260
 0002:00008688      __indStub:7261
 0002:0000868C      __indStub:7262
 0002:00008690      __indStub:8479
 0002:00008694      __indStub:8480
 0002:00008698      __indStub:8481
 0002:0000869C      __indStub:8482
 0002:000086A0      __indStub:8483
 0002:000086A4      __indStub:8484
 0002:000086A8      __indStub:8485
 0002:000086AC      __indStub:8486
 0002:000086B0      __indStub:8493
 0002:000086B4      __indStub:8487
 0002:000086B8      __indStub:8488
 0002:000086BC      __indStub:8489
 0002:000086C0      __indStub:8490
 0002:000086C4      __indStub:8491
 0002:000086C8      __indStub:8492
 0002:000086CC      __indStub:6234
 0002:000086D0      __indStub:6235
 0002:000086D4      __indStub:6236
 0002:000086D8      __indStub:6237
 0002:000086DC      __indStub:6238
 0002:000086E0      __indStub:6239
 0002:000086E4      __indStub:6240
 0002:000086E8      __indStub:6241
 0002:000086EC      __indStub:6242
 0002:000086F0      __indStub:6243
 0002:000086F4      __indStub:6244
 0002:000086F8      __indStub:6245
 0002:000086FC      __indStub:6246
 0002:00008700      __indStub:6247
 0002:00008704      __indStub:6248
 0002:00008708      __indStub:6249
 0002:0000870C      __indStub:6250
 0002:00008710      __indStub:6251
 0002:00008714      __indStub:5176
 0002:00008718      __indStub:7269
 0002:0000871C      __indStub:5175
 0002:00008720      __indStub:7844
 0002:00008724      __indStub:8990
 0002:00008728      __indStub:8991
 0002:0000872C      __indStub:8992
 0002:00008730      __indStub:8993
 0002:00008734      __indStub:9088
 0002:00008738      __indStub:9160
 0002:0000873C      __indStub:9086
 0002:00008740      __indStub:9052
 0002:00008744      __indStub:7920
 0002:00008748      __indStub:7929
 0002:0000874C      __indStub:9068
 0002:00008750      __indStub:9094
 0002:00008754      __indStub:9180
 0002:00008758      __indStub:9076
 0002:0000875C      __indStub:9078
 0002:00008760      __indStub:9497
 0002:00008764      __indStub:9370
 0002:00008768      __indStub:9256
 0002:0000876C      __indStub:9082
 0002:00008770      __indStub:9080
 0002:00008774      __indStub:9058
 0002:00008778      __indStub:9060
 0002:0000877C      __indStub:9070
 0002:00008780      __indStub:9054
 0002:00008784      __indStub:9056
 0002:00008788      __indStub:9062
 0002:0000878C      __indStub:9064
 0002:00008790      __indStub:9102
 0002:00008794      __indStub:9110
 0002:00008798      __indStub:9114
 0002:0000879C      __indStub:9104
 0002:000087A0      __indStub:9112
 0002:000087A4      __indStub:9116
 0002:000087A8      __indStub:9090
 0002:000087AC      __indStub:9092
 0002:000087B0      __indStub:9199
 0002:000087B4      __indStub:9193
 0002:000087B8      __indStub:9195
 0002:000087BC      __indStub:9197
 0002:000087C0      __indStub:9191
 0002:000087C4      __indStub:9188
 0002:000087C8      __indStub:9186
 0002:000087CC      __indStub:7852
 0002:000087D0      __indStub:7853
 0002:000087D4      __indStub:7855
 0002:000087D8      __indStub:7854
 0002:000087DC      __indStub:7835
 0002:000087E0      __indStub:7836
 0002:000087E4      __indStub:7837
 0002:000087E8      __indStub:7839
 0002:000087EC      __indStub:13360
 0002:000087F0      __indStub:5298
 0002:000087F4      __indStub:6296
 0002:000087F8      __indStub:6297
 0002:000087FC      __indStub:2257
 0002:00008800      __indStub:5297
 0002:00008804      __indStub:13578
 0002:00008808      __indStub:13637
 0002:0000880C      __indStub:13639
 0002:00008810      __indStub:13594
 0002:00008814      __indStub:13667
 0002:00008818      __indStub:13673
 0002:0000881C      __indStub:13675
 0002:00008820      __indStub:13651
 0002:00008824      __indStub:13653
 0002:00008828      __indStub:13677
 0002:0000882C      __indStub:13627
 0002:00008830      __indStub:13665
 0002:00008834      __indStub:13592
 0002:00008838      __indStub:13623
 0002:0000883C      __indStub:13689
 0002:00008840      __indStub:13691
 0002:00008844      __indStub:13671
 0002:00008848      __indStub:13669
 0002:0000884C      __indStub:13663
 0002:00008850      __indStub:13661
 0002:00008854      __indStub:13659
 0002:00008858      __indStub:13649
 0002:0000885C      __indStub:13647
 0002:00008860      __indStub:13645
 0002:00008864      __indStub:13629
 0002:00008868      __indStub:13631
 0002:0000886C      __indStub:13633
 0002:00008870      __indStub:13625
 0002:00008874      __indStub:13621
 0002:00008878      __indStub:13619
 0002:0000887C      __indStub:13617
 0002:00008880      __indStub:13615
 0002:00008884      __indStub:13612
 0002:00008888      __indStub:13610
 0002:0000888C      __indStub:13608
 0002:00008890      __indStub:13606
 0002:00008894      __indStub:13604
 0002:00008898      __indStub:13602
 0002:0000889C      __indStub:13600
 0002:000088A0      __indStub:13598
 0002:000088A4      __indStub:13596
 0002:000088A8      __indStub:13769
 0002:000088AC      __indStub:13767
 0002:000088B0      __indStub:13765
 0002:000088B4      __indStub:13763
 0002:000088B8      __indStub:13761
 0002:000088BC      __indStub:13759
 0002:000088C0      __indStub:13757
 0002:000088C4      __indStub:13755
 0002:000088C8      __indStub:13753
 0002:000088CC      __indStub:13751
 0002:000088D0      __indStub:13749
 0002:000088D4      __indStub:13747
 0002:000088D8      __indStub:13745
 0002:000088DC      __indStub:13743
 0002:000088E0      __indStub:13741
 0002:000088E4      __indStub:13739
 0002:000088E8      __indStub:13737
 0002:000088EC      __indStub:13735
 0002:000088F0      __indStub:13733
 0002:000088F4      __indStub:13731
 0002:000088F8      __indStub:13729
 0002:000088FC      __indStub:13727
 0002:00008900      __indStub:13725
 0002:00008904      __indStub:13723
 0002:00008908      __indStub:13721
 0002:0000890C      __indStub:13719
 0002:00008910      __indStub:13717
 0002:00008914      __indStub:13715
 0002:00008918      __indStub:13713
 0002:0000891C      __indStub:13711
 0002:00008920      __indStub:13709
 0002:00008924      __indStub:13707
 0002:00008928      __indStub:13705
 0002:0000892C      __indStub:13703
 0002:00008930      __indStub:13701
 0002:00008934      __indStub:13699
 0002:00008938      __indStub:13697
 0002:0000893C      __indStub:13695
 0002:00008940      __indStub:13643
 0002:00008944      __indStub:13641
 0002:00008948      __indStub:12040
 0002:0000894C      __indStub:14167
 0002:00008950      __indStub:14166
 0002:00008954      __indStub:14169
 0002:00008958      __indStub:14170
 0002:0000895C      __indStub:14168
 0002:00008960      __indStub:14171
 0002:00008964      __indStub:14172
 0002:00008968      __indStub:8018
 0002:0000896C      __indStub:77
 0002:00008970      __indStub:79
 0002:00008974      __indStub:8019
 0002:00008978      __indStub:81
 0002:0000897C      __indStub:80
 0002:00008980      __indStub:14161
 0002:00008984      __indStub:12044
 0002:00008988      __indStub:14678
 0002:0000898C      __indStub:9132
 0002:00008990      __indStub:9138
 0002:00008994      __indStub:9140
 0002:00008998      __indStub:9142
 0002:0000899C      __indStub:9144
 0002:000089A0      __indStub:9146
 0002:000089A4      __indStub:4792
 0002:000089A8      __indStub:4794
 0002:000089AC      __indStub:9656
 0002:000089B0      __indStub:9658
 0002:000089B4      __indStub:9660
 0002:000089B8      __indStub:9662
 0002:000089BC      __indStub:9664
 0002:000089C0      __indStub:9666
 0002:000089C4      __indStub:9668
 0002:000089C8      __indStub:9676
 0002:000089CC      __indStub:9702
 0002:000089D4      __TLS_index
 0003:00000000      @Sysinit@B2_2
 0003:00000000      @Sysinit@ModuleIsLib
 0003:00000001      @Sysinit@ModuleIsPackage
 0003:00000002      @Sysinit@ModuleIsCpp
 0003:00000004      @Sysinit@TlsIndex
 0003:00000008      @Sysinit@TlsLast
 0003:0000000C      @Sysinit@HInstance
 0003:00000010      @Sysinit@DllProc
 0003:0000001C      @B4_2
 0003:0000001C      _KoperForm
 0003:00000048      @B5_2
 0003:00000048      _BreakForm
 0003:0000004C      @B6_2
 0003:0000004C      _HasloForm
 0003:00000050      _InfosForm
 0003:00000050      @B7_2
 0003:00000054      @Journal_frm@B8_2
 0003:00000054      _JournalForm
 0003:00000058      @Journal_frm@B8_3
 0003:0000005C      _ListaForm
 0003:0000005C      @Lista_frm@B9_2
 0003:00000060      @Lista_frm@B9_3
 0003:00000064      _QuestForm
 0003:00000064      @B10_2
 0003:00000068      _AboutForm
 0003:00000068      @B11_2
 0003:0000006C      @Advbar@B66_2
 0003:00000070      @Advbar@B66_3
 0003:00000074      @Browsedlg@B69_3
 0003:00000078      @Exedlg@B71_2
 0003:0000007C      @Exedlg@B71_3
 0003:00000080      @Exeinfo@B72_3
 0003:00000084      @Exeres@B73_3
 0003:00000088      @Framepan@B74_2
 0003:000000A0      @Framepan@B74_3
 0003:000000A4      @Systray@B78_3
 0003:000000A8      @Checklst@B80_1
 0003:000000B4      @Filectrl@B111_2
 0003:000000B8      @Contnrs@B130_1
 0003:000000BC      @Urlmon@B136_2
 0003:000000C0      @Stdactns@B140_2
 0003:000000C4      @Imglist@B142_2
 0003:000000C8      @Actnlist@B144_2
 0003:000000CC      @Toolwin@B178_2
 0003:000000D0      @Typinfo@B184_2
 0003:000000D4      @Stdctrls@B185_2
 0003:000000D8      @Printers@B190_2
 0003:000000DC      @Menus@B199_2
 0003:000000DC      @Menus@PopupList
 0003:000000E0      @Menus@ShortCutItems
 0003:000000EC      @Graphics@SystemPalette16
 0003:000000EC      @Graphics@B208_2
 0003:0000014C      @Forms@B209_2
 0003:0000014C      @Forms@Application
 0003:00000150      @Forms@Screen
 0003:00000170      @Extctrls@B223_2
 0003:00000174      @Dialogs@B225_2
 0003:000001B0      @Controls@Mouse
 0003:000001B0      @Controls@B230_2
 0003:000001B4      @Controls@NewStyleControls
 0003:00000220      @Consts@B232_1
 0003:00000224      @Comstrs@B234_1
 0003:00000228      @Comctrls@B236_2
 0003:0000025C      @Clipbrd@CF_PICTURE
 0003:0000025C      @Clipbrd@B243_1
 0003:0000025E      @Clipbrd@CF_COMPONENT
 0003:00000268      @Classes@GlobalNameSpace
 0003:00000268      @Classes@B244_2
 0003:0000026C      @Classes@FindGlobalComponent
 0003:000002A4      @Buttons@B246_2
 0003:000002D4      @Multimon@B252_1
 0003:000002D4      @Multimon@GetSystemMetrics
 0003:000002D8      @Multimon@MonitorFromWindow
 0003:000002DC      @Multimon@MonitorFromRect
 0003:000002E0      @Multimon@MonitorFromPoint
 0003:000002E4      @Multimon@GetMonitorInfoA
 0003:000002E8      @Multimon@GetMonitorInfoW
 0003:000002EC      @Multimon@GetMonitorInfo
 0003:000002F0      @Multimon@EnumDisplayMonitors
 0003:00000308      @Flatsb@FlatSB_EnableScrollBar
 0003:00000308      @Flatsb@B253_1
 0003:0000030C      @Flatsb@FlatSB_ShowScrollBar
 0003:00000310      @Flatsb@FlatSB_GetScrollRange
 0003:00000314      @Flatsb@FlatSB_GetScrollInfo
 0003:00000318      @Flatsb@FlatSB_GetScrollPos
 0003:0000031C      @Flatsb@FlatSB_SetScrollPos
 0003:00000320      @Flatsb@FlatSB_SetScrollInfo
 0003:00000324      @Flatsb@FlatSB_SetScrollRange
 0003:0000033C      @Winspool@B257_1
 0003:00000340      @Wininet@B261_1
 0003:00000344      @Windows@B262_2
 0003:00000348      @Shlobj@B265_2
 0003:0000034C      @Shellapi@B272_1
 0003:00000350      @Richedit@B273_1
 0003:00000354      @Regstr@B274_1
 0003:00000358      @Activex@B279_2
 0003:0000035C      @Messages@B284_1
 0003:00000360      @Imm@B293_1
 0003:00000364      @Dlgs@B294_1
 0003:00000368      @Commdlg@B297_1
 0003:0000036C      @Commctrl@B298_1
 0003:00000378      @Math@B299_2
 0003:0000037C      @Sysconst@B306_1
 0003:00000380      @Sysutils@B307_2
 0003:00000380      @Sysutils@CurrencyString
 0003:00000384      @Sysutils@CurrencyFormat
 0003:00000385      @Sysutils@NegCurrFormat
 0003:00000386      @Sysutils@ThousandSeparator
 0003:00000387      @Sysutils@DecimalSeparator
 0003:00000388      @Sysutils@CurrencyDecimals
 0003:00000389      @Sysutils@DateSeparator
 0003:0000038C      @Sysutils@ShortDateFormat
 0003:00000390      @Sysutils@LongDateFormat
 0003:00000394      @Sysutils@TimeSeparator
 0003:00000398      @Sysutils@TimeAMString
 0003:0000039C      @Sysutils@TimePMString
 0003:000003A0      @Sysutils@ShortTimeFormat
 0003:000003A4      @Sysutils@LongTimeFormat
 0003:000003A8      @Sysutils@ShortMonthNames
 0003:000003D8      @Sysutils@LongMonthNames
 0003:00000408      @Sysutils@ShortDayNames
 0003:00000424      @Sysutils@LongDayNames
 0003:00000440      @Sysutils@SysLocale
 0003:0000044C      @Sysutils@EraNames
 0003:00000468      @Sysutils@EraYearOffsets
 0003:00000484      @Sysutils@ListSeparator
 0003:0000049C      @System@ExceptProc
 0003:0000049C      @System@B309_2
 0003:000004A0      @System@ErrorProc
 0003:000004A4      @System@ExceptClsProc
 0003:000004A8      @System@ExceptObjProc
 0003:000004AC      @System@ExceptionClass
 0003:000004B0      @System@SafeCallErrorProc
 0003:000004B4      @System@AssertErrorProc
 0003:000004B8      @System@AbstractErrorProc
 0003:000004BC      @System@HPrevInst
 0003:000004C0      @System@MainInstance
 0003:000004C4      @System@MainThreadID
 0003:000004C8      @System@IsLibrary
 0003:000004CC      @System@CmdShow
 0003:000004D0      @System@CmdLine
 0003:000004D4      @System@InitProc
 0003:000004D8      @System@ExitCode
 0003:000004DC      @System@ExitProc
 0003:000004E0      @System@ErrorAddr
 0003:000004E4      @System@RandSeed
 0003:000004E8      @System@IsConsole
 0003:000004E9      @System@IsMultiThread
 0003:000004EA      @System@FileMode
 0003:000004EB      @System@Test8086
 0003:000004EC      @System@Test8087
 0003:000004ED      @System@TestFDIV
 0003:000004F0      @System@Input
 0003:000006BC      @System@Output
 0003:00000888      @System@ClearAnyProc
 0003:0000088C      @System@ChangeAnyProc
 0003:00000890      @System@RefAnyProc
 0003:00000894      @System@Unassigned
 0003:000008A4      @System@Null
 0003:000008B4      @System@EmptyParam
 0003:000008C4      @System@AllocMemCount
 0003:000008C8      @System@AllocMemSize
 0003:00000970      @B501_2
 0003:00000970      __new_handler
 0003:00000974      ___bad_alloc
 0003:00000978      @B523_2
 0003:00000978      __bormm_pfn_FreeMem
 0003:0000097C      __bormm_pfn_GetMem
 0003:00000980      __bormm_pfn_ReallocMem
 0003:00000984      __bormm_pfn_HeapAddRef
 0003:00000988      __bormm_pfn_HeapRelease
 0003:00000990      @B541_0
 0003:00000990      ___Must_Link_VCL_Apps_With_The_CP32MT_Or_CP32MTI_RTL
 0003:00000994      @B551_2
 0003:000009C0      @B612_2
 0003:000009C0      @__rwstd@__rw_error_msg_mutex
 0003:000009DC      @B820_2
 0003:00000DEC      __DestructorCountPtr
 0003:00000DEC      @B824_2
 0003:00000DF4      __HandlerPtr
 0003:00000DF4      @B830_2
 0003:00000DF8      __UserHandlerPtr
 0003:00000DFC      @B1020_1
 0003:00000DFC      __pidtab
 0003:00000EC4      __handles
 0003:00000F8C      @B1094_2
 0003:00000F94      @B1196_2
 0003:00000F9C      @B1734_2
 0003:00000F9C      __mbctype
 0003:000010A0      __mbcsCodePage
 0003:000010A4      @B1870_2
 0003:000011A4      @B1886_2
 0003:000011C0      @B1980_2
 0003:000011C0      __argv
 0003:000011CC      @B1982_2
 0003:000011D0      @B1984_2
 0003:000011D4      __environ
 0003:000011D4      @B2056_2
 0003:000011DC      __envsize
 0003:000011E0      __env_lock
 0003:000011E4      __C0argc
 0003:000011E4      @B2077_1
 0003:000011E8      __C0argv
 0003:000011EC      __C0environ
 0003:000011F0      __oscmd
 0003:000011F4      __osenv
 0003:000011F8      __argc
 0003:000011FC      __dll_table
 0003:00001204      __ExcRegPtr
 0003:00001208      __wosenv
 0003:0000120C      __woscmd
 0003:00001210      ___exit_lock
 0003:00001214      __wC0argv
 0003:00001218      __wC0environ
 0003:0000121C      __exe_table
 0003:00001224      __stkbase
 0003:00001228      @B2101_2
 0003:00001230      @B2107_2
 0003:00004234      @B2185_2
 0003:00004238      ___pCPPdebugHook
 0004:00000000      @Classes@T244_3
 0004:00000008      @System@T309_3
 0004:00000010      @T824_3
 0004:00000010      ___xxInfo
 0004:000000AC      __stkindex
 0004:000000AC      @T2093_1
 0004:000000B0      __tlsindex
