
 Start         Length     Name                   Class
 0001:00401000 0000095ACH _TEXT                  CODE
 0002:0040B000 0000029E4H _DATA                  DATA
 0003:0040D9E4 00000392CH _BSS                   BSS
 0004:00000000 0000000A4H _TLS                   TLS


Detailed map of segments
 0001:00000000 00000236 C=CODE    S=_TEXT    G=(none)   M=C:\PROGRAM FILES\BORLAND\CBUILDER5\LIB\C0D32.OBJ ACBP=A9
 0001:00000236 0000000E C=CODE    S=_TEXT    G=(none)   M=D:\STASIEK\MY PROJECTS\OBSOLETE\PROGS\KOPEREK.VCL\LIB\DLLDATABASE\DLLDATABASE.OBJ ACBP=A9
 0001:00000244 000012D5 C=CODE    S=_TEXT    G=(none)   M=D:\STASIEK\MY PROJECTS\OBSOLETE\PROGS\KOPEREK.VCL\LIB\DLLDATABASE\TSOFT_DATABASE.OBJ ACBP=A9
 0001:0000151C 0000000F C=CODE    S=_TEXT    G=(none)   M=C:\PROGRAM FILES\BORLAND\CBUILDER5\LIB\CW32MT.LIB|del ACBP=A9
 0001:0000152C 0000000F C=CODE    S=_TEXT    G=(none)   M=C:\PROGRAM FILES\BORLAND\CBUILDER5\LIB\CW32MT.LIB|delarray ACBP=A9
 0001:0000153C 000001B6 C=CODE    S=_TEXT    G=(none)   M=C:\PROGRAM FILES\BORLAND\CBUILDER5\LIB\CW32MT.LIB|new ACBP=A9
 0001:000016F4 0000000F C=CODE    S=_TEXT    G=(none)   M=C:\PROGRAM FILES\BORLAND\CBUILDER5\LIB\CW32MT.LIB|newarray ACBP=A9
 0001:00001704 000000DB C=CODE    S=_TEXT    G=(none)   M=C:\PROGRAM FILES\BORLAND\CBUILDER5\LIB\CW32MT.LIB|setnew ACBP=A9
 0001:000017D8 00000111 C=CODE    S=_TEXT    G=(none)   M=C:\PROGRAM FILES\BORLAND\CBUILDER5\LIB\CW32MT.LIB|virtmem ACBP=A9
 0001:000018EC 0000009F C=CODE    S=_TEXT    G=(none)   M=C:\PROGRAM FILES\BORLAND\CBUILDER5\LIB\CW32MT.LIB|hrdir_b ACBP=A9
 0001:0000198C 00000020 C=CODE    S=_TEXT    G=(none)   M=C:\PROGRAM FILES\BORLAND\CBUILDER5\LIB\CW32MT.LIB|hrdir_mf ACBP=A9
 0001:000019AC 000000B8 C=CODE    S=_TEXT    G=(none)   M=C:\PROGRAM FILES\BORLAND\CBUILDER5\LIB\CW32MT.LIB|hrdir_s ACBP=A9
 0001:00001A64 00000001 C=CODE    S=_TEXT    G=(none)   M=C:\PROGRAM FILES\BORLAND\CBUILDER5\LIB\CW32MT.LIB|hrdir_us ACBP=A9
 0001:00001A68 00000A30 C=CODE    S=_TEXT    G=(none)   M=C:\PROGRAM FILES\BORLAND\CBUILDER5\LIB\CW32MT.LIB|heap ACBP=A9
 0001:00002498 000002C2 C=CODE    S=_TEXT    G=(none)   M=C:\PROGRAM FILES\BORLAND\CBUILDER5\LIB\CW32MT.LIB|realloc ACBP=A9
 0001:0000275C 00000001 C=CODE    S=_TEXT    G=(none)   M=C:\PROGRAM FILES\BORLAND\CBUILDER5\LIB\CW32MT.LIB|crtlst_i ACBP=A9
 0001:00002760 00000001 C=CODE    S=_TEXT    G=(none)   M=C:\PROGRAM FILES\BORLAND\CBUILDER5\LIB\CW32MT.LIB|crtlst_e ACBP=A9
 0001:00002764 00000001 C=CODE    S=_TEXT    G=(none)   M=C:\PROGRAM FILES\BORLAND\CBUILDER5\LIB\CW32MT.LIB|crtlst_l ACBP=A9
 0001:00002768 0000015C C=CODE    S=_TEXT    G=(none)   M=C:\PROGRAM FILES\BORLAND\CBUILDER5\LIB\CW32MT.LIB|predecl ACBP=A9
 0001:000028C4 00000178 C=CODE    S=_TEXT    G=(none)   M=C:\PROGRAM FILES\BORLAND\CBUILDER5\LIB\CW32MT.LIB|stdexcpt ACBP=A9
 0001:000029B8 00000024 C=CODE    S=_TEXT    G=(none)   M=C:\PROGRAM FILES\BORLAND\CBUILDER5\LIB\CW32MT.LIB|memcpy ACBP=A9
 0001:000029DC 0000004A C=CODE    S=_TEXT    G=(none)   M=C:\PROGRAM FILES\BORLAND\CBUILDER5\LIB\CW32MT.LIB|memmove ACBP=A9
 0001:00002A28 0000008A C=CODE    S=_TEXT    G=(none)   M=C:\PROGRAM FILES\BORLAND\CBUILDER5\LIB\CW32MT.LIB|memset ACBP=A9
 0001:00002AB4 00000018 C=CODE    S=_TEXT    G=(none)   M=C:\PROGRAM FILES\BORLAND\CBUILDER5\LIB\CW32MT.LIB|wmemset ACBP=A9
 0001:00002ACC 0000003C C=CODE    S=_TEXT    G=(none)   M=C:\PROGRAM FILES\BORLAND\CBUILDER5\LIB\CW32MT.LIB|strcat ACBP=A9
 0001:00002B08 0000005A C=CODE    S=_TEXT    G=(none)   M=C:\PROGRAM FILES\BORLAND\CBUILDER5\LIB\CW32MT.LIB|strlen ACBP=A9
 0001:00002B64 0000006E C=CODE    S=_TEXT    G=(none)   M=C:\PROGRAM FILES\BORLAND\CBUILDER5\LIB\CW32MT.LIB|strncat ACBP=A9
 0001:00002BD4 0000006C C=CODE    S=_TEXT    G=(none)   M=C:\PROGRAM FILES\BORLAND\CBUILDER5\LIB\CW32MT.LIB|memcmp ACBP=A9
 0001:00002C40 00000018 C=CODE    S=_TEXT    G=(none)   M=C:\PROGRAM FILES\BORLAND\CBUILDER5\LIB\CW32MT.LIB|wcslen ACBP=A9
 0001:00002C58 0000003F C=CODE    S=_TEXT    G=(none)   M=C:\PROGRAM FILES\BORLAND\CBUILDER5\LIB\CW32MT.LIB|wcscpy ACBP=A9
 0001:00002C98 00000070 C=CODE    S=_TEXT    G=(none)   M=C:\PROGRAM FILES\BORLAND\CBUILDER5\LIB\CW32MT.LIB|xxa ACBP=A9
 0001:00002D08 00000A2A C=CODE    S=_TEXT    G=(none)   M=C:\PROGRAM FILES\BORLAND\CBUILDER5\LIB\CW32MT.LIB|xxtype ACBP=A9
 0001:00003732 000000B6 C=CODE    S=_TEXT    G=(none)   M=C:\PROGRAM FILES\BORLAND\CBUILDER5\LIB\CW32MT.LIB|xxut ACBP=A9
 0001:000037D4 0000014B C=CODE    S=_TEXT    G=(none)   M=C:\PROGRAM FILES\BORLAND\CBUILDER5\LIB\CW32MT.LIB|xxv ACBP=A9
 0001:00003920 0000000A C=CODE    S=_TEXT    G=(none)   M=C:\PROGRAM FILES\BORLAND\CBUILDER5\LIB\CW32MT.LIB|defhandl ACBP=A9
 0001:0000392C 00000179 C=CODE    S=_TEXT    G=(none)   M=C:\PROGRAM FILES\BORLAND\CBUILDER5\LIB\CW32MT.LIB|except ACBP=A9
 0001:00003AA8 00000046 C=CODE    S=_TEXT    G=(none)   M=C:\PROGRAM FILES\BORLAND\CBUILDER5\LIB\CW32MT.LIB|setexc ACBP=A9
 0001:00003AF0 00000022 C=CODE    S=_TEXT    G=(none)   M=C:\PROGRAM FILES\BORLAND\CBUILDER5\LIB\CW32MT.LIB|ta ACBP=A9
 0001:00003B14 00000047 C=CODE    S=_TEXT    G=(none)   M=C:\PROGRAM FILES\BORLAND\CBUILDER5\LIB\CW32MT.LIB|__isatty ACBP=A9
 0001:00003B5C 00000084 C=CODE    S=_TEXT    G=(none)   M=C:\PROGRAM FILES\BORLAND\CBUILDER5\LIB\CW32MT.LIB|__lseek ACBP=A9
 0001:00003BE0 00000132 C=CODE    S=_TEXT    G=(none)   M=C:\PROGRAM FILES\BORLAND\CBUILDER5\LIB\CW32MT.LIB|__write ACBP=A9
 0001:00003D14 00000011 C=CODE    S=_TEXT    G=(none)   M=C:\PROGRAM FILES\BORLAND\CBUILDER5\LIB\CW32MT.LIB|_cfinfo ACBP=A9
 0001:00003D28 00000042 C=CODE    S=_TEXT    G=(none)   M=C:\PROGRAM FILES\BORLAND\CBUILDER5\LIB\CW32MT.LIB|_flshall ACBP=A9
 0001:00003D6C 00000061 C=CODE    S=_TEXT    G=(none)   M=C:\PROGRAM FILES\BORLAND\CBUILDER5\LIB\CW32MT.LIB|_write ACBP=A9
 0001:00003DD0 0000007D C=CODE    S=_TEXT    G=(none)   M=C:\PROGRAM FILES\BORLAND\CBUILDER5\LIB\CW32MT.LIB|allocbuf ACBP=A9
 0001:00003E50 0000008F C=CODE    S=_TEXT    G=(none)   M=C:\PROGRAM FILES\BORLAND\CBUILDER5\LIB\CW32MT.LIB|fflush ACBP=A9
 0001:00003EE0 00000064 C=CODE    S=_TEXT    G=(none)   M=C:\PROGRAM FILES\BORLAND\CBUILDER5\LIB\CW32MT.LIB|flushout ACBP=A9
 0001:00003F44 00000023 C=CODE    S=_TEXT    G=(none)   M=C:\PROGRAM FILES\BORLAND\CBUILDER5\LIB\CW32MT.LIB|fmodeptr ACBP=A9
 0001:00003F68 000003EB C=CODE    S=_TEXT    G=(none)   M=C:\PROGRAM FILES\BORLAND\CBUILDER5\LIB\CW32MT.LIB|handles ACBP=A9
 0001:00004354 0000008A C=CODE    S=_TEXT    G=(none)   M=C:\PROGRAM FILES\BORLAND\CBUILDER5\LIB\CW32MT.LIB|ioerror ACBP=A9
 0001:000043DE 00000083 C=CODE    S=_TEXT    G=(none)   M=C:\PROGRAM FILES\BORLAND\CBUILDER5\LIB\CW32MT.LIB|perror ACBP=A9
 0001:000043E0 00000270 C=CODE    S=_TEXT    G=(none)   M=C:\PROGRAM FILES\BORLAND\CBUILDER5\LIB\CW32MT.LIB|streams ACBP=A9
 0001:00004650 00000031 C=CODE    S=_TEXT    G=(none)   M=C:\PROGRAM FILES\BORLAND\CBUILDER5\LIB\CW32MT.LIB|xfflush ACBP=A9
 0001:00004684 00000051 C=CODE    S=_TEXT    G=(none)   M=C:\PROGRAM FILES\BORLAND\CBUILDER5\LIB\CW32MT.LIB|getinfo ACBP=A9
 0001:000046D8 00000102 C=CODE    S=_TEXT    G=(none)   M=C:\PROGRAM FILES\BORLAND\CBUILDER5\LIB\CW32MT.LIB|is ACBP=A9
 0001:000047DC 00000103 C=CODE    S=_TEXT    G=(none)   M=C:\PROGRAM FILES\BORLAND\CBUILDER5\LIB\CW32MT.LIB|wis ACBP=A9
 0001:000048E0 00000043 C=CODE    S=_TEXT    G=(none)   M=C:\PROGRAM FILES\BORLAND\CBUILDER5\LIB\CW32MT.LIB|isctype ACBP=A9
 0001:00004924 00000055 C=CODE    S=_TEXT    G=(none)   M=C:\PROGRAM FILES\BORLAND\CBUILDER5\LIB\CW32MT.LIB|iswctype ACBP=A9
 0001:0000497C 00000188 C=CODE    S=_TEXT    G=(none)   M=C:\PROGRAM FILES\BORLAND\CBUILDER5\LIB\CW32MT.LIB|_pow10 ACBP=A9
 0001:00004B04 00000013 C=CODE    S=_TEXT    G=(none)   M=C:\PROGRAM FILES\BORLAND\CBUILDER5\LIB\CW32MT.LIB|clear87 ACBP=A9
 0001:00004B18 0000002F C=CODE    S=_TEXT    G=(none)   M=C:\PROGRAM FILES\BORLAND\CBUILDER5\LIB\CW32MT.LIB|ctrl87 ACBP=A9
 0001:00004B48 00000018 C=CODE    S=_TEXT    G=(none)   M=C:\PROGRAM FILES\BORLAND\CBUILDER5\LIB\CW32MT.LIB|cvtfak ACBP=A9
 0001:00004B60 00000018 C=CODE    S=_TEXT    G=(none)   M=C:\PROGRAM FILES\BORLAND\CBUILDER5\LIB\CW32MT.LIB|cvtfakw ACBP=A9
 0001:00004B78 00000016 C=CODE    S=_TEXT    G=(none)   M=C:\PROGRAM FILES\BORLAND\CBUILDER5\LIB\CW32MT.LIB|fpreset ACBP=A9
 0001:00004B90 0000002D C=CODE    S=_TEXT    G=(none)   M=C:\PROGRAM FILES\BORLAND\CBUILDER5\LIB\CW32MT.LIB|fuildq ACBP=A9
 0001:00004BC0 00000021 C=CODE    S=_TEXT    G=(none)   M=C:\PROGRAM FILES\BORLAND\CBUILDER5\LIB\CW32MT.LIB|fuistq ACBP=A9
 0001:00004BE4 00000011 C=CODE    S=_TEXT    G=(none)   M=C:\PROGRAM FILES\BORLAND\CBUILDER5\LIB\CW32MT.LIB|fxam ACBP=A9
 0001:00004BF8 00000118 C=CODE    S=_TEXT    G=(none)   M=C:\PROGRAM FILES\BORLAND\CBUILDER5\LIB\CW32MT.LIB|ldtrunc ACBP=A9
 0001:00004D10 0000008F C=CODE    S=_TEXT    G=(none)   M=C:\PROGRAM FILES\BORLAND\CBUILDER5\LIB\CW32MT.LIB|longtoa ACBP=A9
 0001:00004DA0 00000025 C=CODE    S=_TEXT    G=(none)   M=C:\PROGRAM FILES\BORLAND\CBUILDER5\LIB\CW32MT.LIB|qdiv10 ACBP=A9
 0001:00004DC8 0000002E C=CODE    S=_TEXT    G=(none)   M=C:\PROGRAM FILES\BORLAND\CBUILDER5\LIB\CW32MT.LIB|qmul10 ACBP=A9
 0001:00004DF8 000002F9 C=CODE    S=_TEXT    G=(none)   M=C:\PROGRAM FILES\BORLAND\CBUILDER5\LIB\CW32MT.LIB|realcvt ACBP=A9
 0001:000050F4 00000331 C=CODE    S=_TEXT    G=(none)   M=C:\PROGRAM FILES\BORLAND\CBUILDER5\LIB\CW32MT.LIB|realcvtw ACBP=A9
 0001:00005428 000004E1 C=CODE    S=_TEXT    G=(none)   M=C:\PROGRAM FILES\BORLAND\CBUILDER5\LIB\CW32MT.LIB|scantod ACBP=A9
 0001:0000590C 000004DD C=CODE    S=_TEXT    G=(none)   M=C:\PROGRAM FILES\BORLAND\CBUILDER5\LIB\CW32MT.LIB|scanwtod ACBP=A9
 0001:00005DEC 000002D2 C=CODE    S=_TEXT    G=(none)   M=C:\PROGRAM FILES\BORLAND\CBUILDER5\LIB\CW32MT.LIB|xcvt ACBP=A9
 0001:000060C0 000002F1 C=CODE    S=_TEXT    G=(none)   M=C:\PROGRAM FILES\BORLAND\CBUILDER5\LIB\CW32MT.LIB|xcvtw ACBP=A9
 0001:000063B4 00000139 C=CODE    S=_TEXT    G=(none)   M=C:\PROGRAM FILES\BORLAND\CBUILDER5\LIB\CW32MT.LIB|mbctype ACBP=A9
 0001:000064F0 0000001A C=CODE    S=_TEXT    G=(none)   M=C:\PROGRAM FILES\BORLAND\CBUILDER5\LIB\CW32MT.LIB|mbisspc ACBP=A9
 0001:0000650C 00000056 C=CODE    S=_TEXT    G=(none)   M=C:\PROGRAM FILES\BORLAND\CBUILDER5\LIB\CW32MT.LIB|mbsrchr ACBP=A9
 0001:00006564 000000A6 C=CODE    S=_TEXT    G=(none)   M=C:\PROGRAM FILES\BORLAND\CBUILDER5\LIB\CW32MT.LIB|assert ACBP=A9
 0001:0000660C 000000B8 C=CODE    S=_TEXT    G=(none)   M=C:\PROGRAM FILES\BORLAND\CBUILDER5\LIB\CW32MT.LIB|ermsghlp ACBP=A9
 0001:000066C4 0000001E C=CODE    S=_TEXT    G=(none)   M=C:\PROGRAM FILES\BORLAND\CBUILDER5\LIB\CW32MT.LIB|errno ACBP=A9
 0001:000066E4 0000019B C=CODE    S=_TEXT    G=(none)   M=C:\PROGRAM FILES\BORLAND\CBUILDER5\LIB\CW32MT.LIB|errormsg ACBP=A9
 0001:00006880 00000089 C=CODE    S=_TEXT    G=(none)   M=C:\PROGRAM FILES\BORLAND\CBUILDER5\LIB\CW32MT.LIB|platform ACBP=A9
 0001:0000690C 00000022 C=CODE    S=_TEXT    G=(none)   M=C:\PROGRAM FILES\BORLAND\CBUILDER5\LIB\CW32MT.LIB|abort ACBP=A9
 0001:00006930 000000BF C=CODE    S=_TEXT    G=(none)   M=C:\PROGRAM FILES\BORLAND\CBUILDER5\LIB\CW32MT.LIB|exit ACBP=A9
 0001:000069F0 00000011 C=CODE    S=_TEXT    G=(none)   M=C:\PROGRAM FILES\BORLAND\CBUILDER5\LIB\CW32MT.LIB|exparg ACBP=A9
 0001:00006A04 00000011 C=CODE    S=_TEXT    G=(none)   M=C:\PROGRAM FILES\BORLAND\CBUILDER5\LIB\CW32MT.LIB|wexparg ACBP=A9
 0001:00006A18 000001E5 C=CODE    S=_TEXT    G=(none)   M=C:\PROGRAM FILES\BORLAND\CBUILDER5\LIB\CW32MT.LIB|hsargv ACBP=A9
 0001:00006C00 00000227 C=CODE    S=_TEXT    G=(none)   M=C:\PROGRAM FILES\BORLAND\CBUILDER5\LIB\CW32MT.LIB|whsargv ACBP=A9
 0001:00006E28 00000388 C=CODE    S=_TEXT    G=(none)   M=C:\PROGRAM FILES\BORLAND\CBUILDER5\LIB\CW32MT.LIB|signal ACBP=A9
 0001:000071B0 0000018B C=CODE    S=_TEXT    G=(none)   M=C:\PROGRAM FILES\BORLAND\CBUILDER5\LIB\CW32MT.LIB|initexit ACBP=A9
 0001:0000733C 000000FE C=CODE    S=_TEXT    G=(none)   M=C:\PROGRAM FILES\BORLAND\CBUILDER5\LIB\CW32MT.LIB|startupd ACBP=A9
 0001:0000743C 000000F6 C=CODE    S=_TEXT    G=(none)   M=C:\PROGRAM FILES\BORLAND\CBUILDER5\LIB\CW32MT.LIB|dllx ACBP=A9
 0001:00007534 00000005 C=CODE    S=_TEXT    G=(none)   M=C:\PROGRAM FILES\BORLAND\CBUILDER5\LIB\CW32MT.LIB|dllstub ACBP=A9
 0001:0000753C 00000067 C=CODE    S=_TEXT    G=(none)   M=C:\PROGRAM FILES\BORLAND\CBUILDER5\LIB\CW32MT.LIB|tls ACBP=A9
 0001:000075A4 0000004F C=CODE    S=_TEXT    G=(none)   M=C:\PROGRAM FILES\BORLAND\CBUILDER5\LIB\CW32MT.LIB|tlsstat ACBP=A9
 0001:000075F4 000001C7 C=CODE    S=_TEXT    G=(none)   M=C:\PROGRAM FILES\BORLAND\CBUILDER5\LIB\CW32MT.LIB|thrddata ACBP=A9
 0001:000077BC 000000D5 C=CODE    S=_TEXT    G=(none)   M=C:\PROGRAM FILES\BORLAND\CBUILDER5\LIB\CW32MT.LIB|_lock ACBP=A9
 0001:00007894 00001BA2 C=CODE    S=_TEXT    G=(none)   M=C:\PROGRAM FILES\BORLAND\CBUILDER5\LIB\CW32MT.LIB|xx ACBP=A9
 0002:000000BC 00000104 C=DATA    S=_DATA    G=DGROUP   M=C:\PROGRAM FILES\BORLAND\CBUILDER5\LIB\C0D32.OBJ ACBP=A9
 0002:000001C0 000001D0 C=DATA    S=_DATA    G=DGROUP   M=D:\STASIEK\MY PROJECTS\OBSOLETE\PROGS\KOPEREK.VCL\LIB\DLLDATABASE\TSOFT_DATABASE.OBJ ACBP=A9
 0002:00000390 00000070 C=DATA    S=_DATA    G=DGROUP   M=C:\PROGRAM FILES\BORLAND\CBUILDER5\LIB\CW32MT.LIB|new ACBP=A9
 0002:00000400 00000088 C=DATA    S=_DATA    G=DGROUP   M=C:\PROGRAM FILES\BORLAND\CBUILDER5\LIB\CW32MT.LIB|setnew ACBP=A9
 0002:00000474 00000004 C=DATA    S=_DATA    G=DGROUP   M=C:\PROGRAM FILES\BORLAND\CBUILDER5\LIB\CW32MT.LIB|virtmem ACBP=A9
 0002:00000478 00000098 C=DATA    S=_DATA    G=DGROUP   M=C:\PROGRAM FILES\BORLAND\CBUILDER5\LIB\CW32MT.LIB|hrdir_b ACBP=A9
 0002:00000510 00000020 C=DATA    S=_DATA    G=DGROUP   M=C:\PROGRAM FILES\BORLAND\CBUILDER5\LIB\CW32MT.LIB|hrdir_s ACBP=A9
 0002:00000530 00000054 C=DATA    S=_DATA    G=DGROUP   M=C:\PROGRAM FILES\BORLAND\CBUILDER5\LIB\CW32MT.LIB|heap ACBP=A9
 0002:00000584 00000038 C=DATA    S=_DATA    G=DGROUP   M=C:\PROGRAM FILES\BORLAND\CBUILDER5\LIB\CW32MT.LIB|predecl ACBP=A9
 0002:000005BC 000000CD C=DATA    S=_DATA    G=DGROUP   M=C:\PROGRAM FILES\BORLAND\CBUILDER5\LIB\CW32MT.LIB|stdexcpt ACBP=A9
 0002:00000688 00000004 C=DATA    S=_DATA    G=DGROUP   M=C:\PROGRAM FILES\BORLAND\CBUILDER5\LIB\CW32MT.LIB|xx_xpf ACBP=A9
 0002:0000068C 00000340 C=DATA    S=_DATA    G=DGROUP   M=C:\PROGRAM FILES\BORLAND\CBUILDER5\LIB\CW32MT.LIB|xxtype ACBP=A9
 0002:000009CC 0000003C C=DATA    S=_DATA    G=DGROUP   M=C:\PROGRAM FILES\BORLAND\CBUILDER5\LIB\CW32MT.LIB|xxut ACBP=A9
 0002:00000A08 000000E4 C=DATA    S=_DATA    G=DGROUP   M=C:\PROGRAM FILES\BORLAND\CBUILDER5\LIB\CW32MT.LIB|xxv ACBP=A9
 0002:00000AEC 00000014 C=DATA    S=_DATA    G=DGROUP   M=C:\PROGRAM FILES\BORLAND\CBUILDER5\LIB\CW32MT.LIB|except ACBP=A9
 0002:00000B00 00000004 C=DATA    S=_DATA    G=DGROUP   M=C:\PROGRAM FILES\BORLAND\CBUILDER5\LIB\CW32MT.LIB|_cfinfo ACBP=A9
 0002:00000B04 00000004 C=DATA    S=_DATA    G=DGROUP   M=C:\PROGRAM FILES\BORLAND\CBUILDER5\LIB\CW32MT.LIB|cfinfo ACBP=A9
 0002:00000B08 000004B0 C=DATA    S=_DATA    G=DGROUP   M=C:\PROGRAM FILES\BORLAND\CBUILDER5\LIB\CW32MT.LIB|files ACBP=A9
 0002:00000FB8 000000CC C=DATA    S=_DATA    G=DGROUP   M=C:\PROGRAM FILES\BORLAND\CBUILDER5\LIB\CW32MT.LIB|files2 ACBP=A9
 0002:00001084 00000004 C=DATA    S=_DATA    G=DGROUP   M=C:\PROGRAM FILES\BORLAND\CBUILDER5\LIB\CW32MT.LIB|fmode ACBP=A9
 0002:00001088 00000004 C=DATA    S=_DATA    G=DGROUP   M=C:\PROGRAM FILES\BORLAND\CBUILDER5\LIB\CW32MT.LIB|fmodeptr ACBP=A9
 0002:0000108C 00000064 C=DATA    S=_DATA    G=DGROUP   M=C:\PROGRAM FILES\BORLAND\CBUILDER5\LIB\CW32MT.LIB|handles ACBP=A9
 0002:000010F0 0000012B C=DATA    S=_DATA    G=DGROUP   M=C:\PROGRAM FILES\BORLAND\CBUILDER5\LIB\CW32MT.LIB|ioerror ACBP=A9
 0002:0000121C 0000047C C=DATA    S=_DATA    G=DGROUP   M=C:\PROGRAM FILES\BORLAND\CBUILDER5\LIB\CW32MT.LIB|perror ACBP=A9
 0002:00001698 00000068 C=DATA    S=_DATA    G=DGROUP   M=C:\PROGRAM FILES\BORLAND\CBUILDER5\LIB\CW32MT.LIB|streams ACBP=A9
 0002:00001700 00000202 C=DATA    S=_DATA    G=DGROUP   M=C:\PROGRAM FILES\BORLAND\CBUILDER5\LIB\CW32MT.LIB|bigctype ACBP=A9
 0002:00001904 00000260 C=DATA    S=_DATA    G=DGROUP   M=C:\PROGRAM FILES\BORLAND\CBUILDER5\LIB\CW32MT.LIB|clocale ACBP=A9
 0002:00001B64 000000C0 C=DATA    S=_DATA    G=DGROUP   M=C:\PROGRAM FILES\BORLAND\CBUILDER5\LIB\CW32MT.LIB|_pow10 ACBP=A9
 0002:00001C24 00000068 C=DATA    S=_DATA    G=DGROUP   M=C:\PROGRAM FILES\BORLAND\CBUILDER5\LIB\CW32MT.LIB|cvtfak ACBP=A9
 0002:00001C8C 00000068 C=DATA    S=_DATA    G=DGROUP   M=C:\PROGRAM FILES\BORLAND\CBUILDER5\LIB\CW32MT.LIB|cvtfakw ACBP=A9
 0002:00001CF4 00000004 C=DATA    S=_DATA    G=DGROUP   M=C:\PROGRAM FILES\BORLAND\CBUILDER5\LIB\CW32MT.LIB|deflt87 ACBP=A9
 0002:00001CF8 0000007C C=DATA    S=_DATA    G=DGROUP   M=C:\PROGRAM FILES\BORLAND\CBUILDER5\LIB\CW32MT.LIB|hugeval ACBP=A9
 0002:00001D74 00000008 C=DATA    S=_DATA    G=DGROUP   M=C:\PROGRAM FILES\BORLAND\CBUILDER5\LIB\CW32MT.LIB|initcvt ACBP=A9
 0002:00001D7C 00000014 C=DATA    S=_DATA    G=DGROUP   M=C:\PROGRAM FILES\BORLAND\CBUILDER5\LIB\CW32MT.LIB|realcvt ACBP=A9
 0002:00001D90 00000028 C=DATA    S=_DATA    G=DGROUP   M=C:\PROGRAM FILES\BORLAND\CBUILDER5\LIB\CW32MT.LIB|realcvtw ACBP=A9
 0002:00001DB8 00000028 C=DATA    S=_DATA    G=DGROUP   M=C:\PROGRAM FILES\BORLAND\CBUILDER5\LIB\CW32MT.LIB|scantod ACBP=A9
 0002:00001DE0 00000028 C=DATA    S=_DATA    G=DGROUP   M=C:\PROGRAM FILES\BORLAND\CBUILDER5\LIB\CW32MT.LIB|scanwtod ACBP=A9
 0002:00001E08 00000048 C=DATA    S=_DATA    G=DGROUP   M=C:\PROGRAM FILES\BORLAND\CBUILDER5\LIB\CW32MT.LIB|mbctype ACBP=A9
 0002:00001E50 00000024 C=DATA    S=_DATA    G=DGROUP   M=C:\PROGRAM FILES\BORLAND\CBUILDER5\LIB\CW32MT.LIB|assert ACBP=A9
 0002:00001E74 00000024 C=DATA    S=_DATA    G=DGROUP   M=C:\PROGRAM FILES\BORLAND\CBUILDER5\LIB\CW32MT.LIB|ermsghlp ACBP=A9
 0002:00001E98 00000010 C=DATA    S=_DATA    G=DGROUP   M=C:\PROGRAM FILES\BORLAND\CBUILDER5\LIB\CW32MT.LIB|errormsg ACBP=A9
 0002:00001EA8 00000028 C=DATA    S=_DATA    G=DGROUP   M=C:\PROGRAM FILES\BORLAND\CBUILDER5\LIB\CW32MT.LIB|platform ACBP=A9
 0002:00001ED0 00000020 C=DATA    S=_DATA    G=DGROUP   M=C:\PROGRAM FILES\BORLAND\CBUILDER5\LIB\CW32MT.LIB|abort ACBP=A9
 0002:00001EF0 00000004 C=DATA    S=_DATA    G=DGROUP   M=C:\PROGRAM FILES\BORLAND\CBUILDER5\LIB\CW32MT.LIB|patexit ACBP=A9
 0002:00001EF4 0000000C C=DATA    S=_DATA    G=DGROUP   M=C:\PROGRAM FILES\BORLAND\CBUILDER5\LIB\CW32MT.LIB|exit ACBP=A9
 0002:00001F00 00000004 C=DATA    S=_DATA    G=DGROUP   M=C:\PROGRAM FILES\BORLAND\CBUILDER5\LIB\CW32MT.LIB|lonedll ACBP=A9
 0002:00001F04 00000028 C=DATA    S=_DATA    G=DGROUP   M=C:\PROGRAM FILES\BORLAND\CBUILDER5\LIB\CW32MT.LIB|hsargv ACBP=A9
 0002:00001F2C 00000024 C=DATA    S=_DATA    G=DGROUP   M=C:\PROGRAM FILES\BORLAND\CBUILDER5\LIB\CW32MT.LIB|whsargv ACBP=A9
 0002:00001F50 00000004 C=DATA    S=_DATA    G=DGROUP   M=C:\PROGRAM FILES\BORLAND\CBUILDER5\LIB\CW32MT.LIB|wildptr ACBP=A9
 0002:00001F54 00000004 C=DATA    S=_DATA    G=DGROUP   M=C:\PROGRAM FILES\BORLAND\CBUILDER5\LIB\CW32MT.LIB|wwildptr ACBP=A9
 0002:00001F58 0000005E C=DATA    S=_DATA    G=DGROUP   M=C:\PROGRAM FILES\BORLAND\CBUILDER5\LIB\CW32MT.LIB|signal ACBP=A9
 0002:00001FB8 00000004 C=DATA    S=_DATA    G=DGROUP   M=C:\PROGRAM FILES\BORLAND\CBUILDER5\LIB\CW32MT.LIB|globals ACBP=A9
 0002:00001FBC 0000001C C=DATA    S=_DATA    G=DGROUP   M=C:\PROGRAM FILES\BORLAND\CBUILDER5\LIB\CW32MT.LIB|initexit ACBP=A9
 0002:00001FD8 00000150 C=DATA    S=_DATA    G=DGROUP   M=C:\PROGRAM FILES\BORLAND\CBUILDER5\LIB\CW32MT.LIB|dllx ACBP=A9
 0002:00002128 0000001C C=DATA    S=_DATA    G=DGROUP   M=C:\PROGRAM FILES\BORLAND\CBUILDER5\LIB\CW32MT.LIB|thrddata ACBP=A9
 0002:00002144 00000014 C=DATA    S=_DATA    G=DGROUP   M=C:\PROGRAM FILES\BORLAND\CBUILDER5\LIB\CW32MT.LIB|_lock ACBP=A9
 0002:00002158 0000088C C=DATA    S=_DATA    G=DGROUP   M=C:\PROGRAM FILES\BORLAND\CBUILDER5\LIB\CW32MT.LIB|xx ACBP=A9
 0003:00000000 00000064 C=BSS     S=_BSS     G=DGROUP   M=D:\STASIEK\MY PROJECTS\OBSOLETE\PROGS\KOPEREK.VCL\LIB\DLLDATABASE\TSOFT_DATABASE.OBJ ACBP=A9
 0003:00000064 00000008 C=BSS     S=_BSS     G=DGROUP   M=C:\PROGRAM FILES\BORLAND\CBUILDER5\LIB\CW32MT.LIB|setnew ACBP=A9
 0003:0000006C 00000018 C=BSS     S=_BSS     G=DGROUP   M=C:\PROGRAM FILES\BORLAND\CBUILDER5\LIB\CW32MT.LIB|hrdir_b ACBP=A9
 0003:00000084 00000004 C=BSS     S=_BSS     G=DGROUP   M=C:\PROGRAM FILES\BORLAND\CBUILDER5\LIB\CW32MT.LIB|heap ACBP=A9
 0003:00000088 0000002C C=BSS     S=_BSS     G=DGROUP   M=C:\PROGRAM FILES\BORLAND\CBUILDER5\LIB\CW32MT.LIB|predecl ACBP=A9
 0003:000000B4 0000001C C=BSS     S=_BSS     G=DGROUP   M=C:\PROGRAM FILES\BORLAND\CBUILDER5\LIB\CW32MT.LIB|stdexcpt ACBP=A9
 0003:000000D0 00000410 C=BSS     S=_BSS     G=DGROUP   M=C:\PROGRAM FILES\BORLAND\CBUILDER5\LIB\CW32MT.LIB|xxtype ACBP=A9
 0003:000004E0 00000008 C=BSS     S=_BSS     G=DGROUP   M=C:\PROGRAM FILES\BORLAND\CBUILDER5\LIB\CW32MT.LIB|xxv ACBP=A9
 0003:000004E8 00000008 C=BSS     S=_BSS     G=DGROUP   M=C:\PROGRAM FILES\BORLAND\CBUILDER5\LIB\CW32MT.LIB|except ACBP=A9
 0003:000004F0 00000190 C=BSS     S=_BSS     G=DGROUP   M=C:\PROGRAM FILES\BORLAND\CBUILDER5\LIB\CW32MT.LIB|files2 ACBP=A9
 0003:00000680 00000008 C=BSS     S=_BSS     G=DGROUP   M=C:\PROGRAM FILES\BORLAND\CBUILDER5\LIB\CW32MT.LIB|handles ACBP=A9
 0003:00000688 00000008 C=BSS     S=_BSS     G=DGROUP   M=C:\PROGRAM FILES\BORLAND\CBUILDER5\LIB\CW32MT.LIB|streams ACBP=A9
 0003:00000690 00000108 C=BSS     S=_BSS     G=DGROUP   M=C:\PROGRAM FILES\BORLAND\CBUILDER5\LIB\CW32MT.LIB|mbctype ACBP=A9
 0003:00000798 00000100 C=BSS     S=_BSS     G=DGROUP   M=C:\PROGRAM FILES\BORLAND\CBUILDER5\LIB\CW32MT.LIB|assert ACBP=A9
 0003:00000898 00000019 C=BSS     S=_BSS     G=DGROUP   M=C:\PROGRAM FILES\BORLAND\CBUILDER5\LIB\CW32MT.LIB|ermsghlp ACBP=A9
 0003:000008B4 00000004 C=BSS     S=_BSS     G=DGROUP   M=C:\PROGRAM FILES\BORLAND\CBUILDER5\LIB\CW32MT.LIB|platform ACBP=A9
 0003:000008B8 00000004 C=BSS     S=_BSS     G=DGROUP   M=C:\PROGRAM FILES\BORLAND\CBUILDER5\LIB\CW32MT.LIB|hsargv ACBP=A9
 0003:000008BC 00000004 C=BSS     S=_BSS     G=DGROUP   M=C:\PROGRAM FILES\BORLAND\CBUILDER5\LIB\CW32MT.LIB|whsargv ACBP=A9
 0003:000008C0 00000004 C=BSS     S=_BSS     G=DGROUP   M=C:\PROGRAM FILES\BORLAND\CBUILDER5\LIB\CW32MT.LIB|rawdll ACBP=A9
 0003:000008C4 00000044 C=BSS     S=_BSS     G=DGROUP   M=C:\PROGRAM FILES\BORLAND\CBUILDER5\LIB\CW32MT.LIB|globals ACBP=A9
 0003:00000908 00000004 C=BSS     S=_BSS     G=DGROUP   M=C:\PROGRAM FILES\BORLAND\CBUILDER5\LIB\CW32MT.LIB|startupd ACBP=A9
 0003:0000090C 00000004 C=BSS     S=_BSS     G=DGROUP   M=C:\PROGRAM FILES\BORLAND\CBUILDER5\LIB\CW32MT.LIB|dllx ACBP=A9
 0003:00000910 00000008 C=BSS     S=_BSS     G=DGROUP   M=C:\PROGRAM FILES\BORLAND\CBUILDER5\LIB\CW32MT.LIB|thrddata ACBP=A9
 0003:00000918 00003004 C=BSS     S=_BSS     G=DGROUP   M=C:\PROGRAM FILES\BORLAND\CBUILDER5\LIB\CW32MT.LIB|_lock ACBP=A9
 0003:0000391C 00000010 C=BSS     S=_BSS     G=DGROUP   M=C:\PROGRAM FILES\BORLAND\CBUILDER5\LIB\CW32MT.LIB|xx ACBP=A9
 0004:00000000 0000009C C=TLS     S=_TLS     G=DGROUP   M=C:\PROGRAM FILES\BORLAND\CBUILDER5\LIB\CW32MT.LIB|xxv ACBP=A9
 0004:0000009C 00000008 C=TLS     S=_TLS     G=DGROUP   M=C:\PROGRAM FILES\BORLAND\CBUILDER5\LIB\CW32MT.LIB|tls ACBP=A9

  Address         Publics by Name

 0001:00000FE8      ASCHAR
 0001:00001264      DATA_FROM_TEXT
 0001:00000238      DllEntryPoint
 0001:00000202      Sysinit::__linkproc__ __fastcall GetTls()
 0001:000010BC      TEXT_FROM_DATA
 0003:00000000      Tsoft_database::B3_2
 0003:00000060      Tsoft_database::B3_3
 0001:00000244      Tsoft_database::C3_0
 0002:000001C0      Tsoft_database::D3_1
 0002:00001A14      _CLOCALE
 0002:00001904      _CMonetary
 0002:00001938      _CNumeric
 0002:00001950      _CTimeDate
 0001:000080C0      _CatchCleanup()
 0001:00003734      _InitTermAndUnexPtrs()
 0001:00002898      _RWSTDMutex::~_RWSTDMutex()
 0001:00007F19      _ReThrowException(unsigned int, unsigned char *)
 0001:00007EE4      _ThrowExceptionLDTC(void *, void *, void *, void *, unsigned int, unsigned int, unsigned int, unsigned char *, void *)
 0003:000008C4      __C0argc
 0003:000008C8      __C0argv
 0003:000008CC      __C0environ
 0001:000074D0      __CRTL_DLLEntryPointWrapper
 0001:000093E2      __CurrExcContext
 0003:000004E0      __DestructorCountPtr
 0001:00006868      __ErrorExit
 0001:0000673C      __ErrorMessage
 0001:0000665C      __ErrorMessageHelper
 0003:000008E4      __ExcRegPtr
 0001:000038AC      __ExceptInit
 0002:00000AA4      __ExceptVarsSize
 0001:00002CDF      __ExceptionHandler
 0001:00002CD1      __ExitExceptBlock
 0001:00000117      __GetExceptDLLinfo
 0001:000038F8      __GetExceptDLLinfoInternal
 0001:00003474      __GetTypeInfo(void *, void *, void *)
 0001:00007F84      __Global_unwind
 0003:000004E8      __HandlerPtr
 0001:00003A94      __InitDefaultHander
 0001:00002C98      __InitExceptBlockLDTC
 0001:000085F0      __Local_unwind
 0002:000001B8      __PackageInfoTable
 0001:00008603      __Return_unwind
 0001:00003AA8      __SetExceptionHandler
 0001:00003A48      __SetUserHandler
 0002:0000013B      __TLS_index
 0002:0000013F      __TLS_index4
 0001:00003ABD      __UnsetExceptionHandler
 0001:00003AE9      __UnwindException
 0003:000004EC      __UserHandlerPtr
 0002:000001B4      ___CPPdebugHook
 0002:000001B4      ___CPPdebugHook_segment
 0002:00000A08      ___CPPexceptionList
 0001:00007534      ___CRTL_DLL_Lock
 0001:00007538      ___CRTL_DLL_Unlock
 0001:00001988      ___CRTL_MEM_CheckBorMem
 0001:0000190C      ___CRTL_MEM_GetBorMemPtrs
 0001:000019AC      ___CRTL_MEM_Revector
 0001:00001A64      ___CRTL_MEM_UseBorMM
 0001:000075A4      ___CRTL_TLS_Alloc
 0001:000075E8      ___CRTL_TLS_ExitThread
 0001:000075AC      ___CRTL_TLS_Free
 0001:000075F0      ___CRTL_TLS_GetInfo
 0001:000075BC      ___CRTL_TLS_GetValue
 0001:000075E0      ___CRTL_TLS_InitThread
 0001:000075CC      ___CRTL_TLS_SetValue
 0001:00002764      ___CRTL_VCLLIB_Linkage
 0001:00002760      ___CRTL_VCL_Exit
 0001:0000275C      ___CRTL_VCL_Init
 0001:000043AC      ___DOSerror
 0001:00003920      ___DefHandler
 0001:00006858      ___ErrorMessage
 0002:00000A24      ___ExceptStaticXbuff
 0001:00007548      ___GetStkIndex
 0001:0000753C      ___GetTlsIndex
 0001:00004360      ___IOerror
 0001:000078BF      ___JumpToCatch__
 0001:000043CC      ___NTerror
 0001:00000202      ___System__GetTls
 0001:00008664      ____ExceptionHandler
 0002:0000056C      ___allocated
 0003:00000068      ___bad_alloc
 0001:00003800      ___call_terminate
 0001:00003874      ___call_unexpected
 0002:00002158      ___debuggerDisableTerminateCallback
 0001:00003AF6      ___doGlobalUnwind
 0001:00004354      ___doserrno
 0001:000066C4      ___errno
 0002:00000A0C      ___exceptFlags
 0002:00000A20      ___exceptMemAllocVars
 0002:00000A1C      ___exceptStaticBuffP
 0003:000008F0      ___exit_lock
 0002:00001D3C      ___ieee_64_n_inf
 0002:00001D4C      ___ieee_64_n_nanq
 0002:00001D5C      ___ieee_64_n_nans
 0002:00001D6C      ___ieee_64_n_zero
 0002:00001D34      ___ieee_64_p_inf
 0002:00001D44      ___ieee_64_p_nanq
 0002:00001D54      ___ieee_64_p_nans
 0002:00001D64      ___ieee_64_p_zero
 0002:00000139      ___isDLL
 0002:00000100      ___isGUI
 0002:00000138      ___isVCLPackage
 0001:00003B14      ___isatty
 0001:00003B44      ___isatty_osfhandle
 0001:000048E0      ___isctype
 0001:00004924      ___iswctype
 0001:00004BF8      ___ldtrunc
 0002:00001A40      ___locale
 0001:00004D10      ___longtoa
 0001:00003B5C      ___lseek
 0001:00002498      ___org__expand
 0001:00002740      ___org__msize
 0001:00003D6C      ___org__rtl_write
 0001:00003DB4      ___org__write
 0001:0000151C      ___org_delete
 0001:0000152C      ___org_deletea
 0001:00003E50      ___org_fflush
 0001:0000199C      ___org_free
 0001:0000198C      ___org_malloc
 0001:00002BD4      ___org_memcmp
 0001:000029B8      ___org_memcpy
 0001:000029DC      ___org_memmove
 0001:00002A28      ___org_memset
 0001:00001550      ___org_new
 0001:000016F4      ___org_newa
 0001:0000711C      ___org_raise
 0001:00002ACC      ___org_strcat
 0001:00002B08      ___org_strlen
 0001:00002B64      ___org_strncat
 0003:00003920      ___pCPPdebugHook
 0002:00001EF0      ___pCallAtExitProcs
 0001:00007B29      ___raiseDebuggerException
 0002:000009CC      ___terminatePTR
 0002:00000A18      ___throwExceptionName
 0002:00000A10      ___throwFileName
 0002:00000A14      ___throwLineNumber
 0002:000009D0      ___unexpectdPTR
 0002:0000013A      ___useDynamicTLS
 0001:00004D84      ___utoa
 0001:00003BE0      ___write
 0001:00005DEC      ___xcvt
 0001:000060C0      ___xcvtw
 0004:00000000      ___xxInfo
 0002:00000688      ___xxPersonality
 0001:0000690C      __abort
 0001:00000000      __acrtused
 0001:000035EC      __adjustClassAdr(void *, tpid *, tpid *)
 0001:00003DD0      __allocbuf
 0003:000008D8      __argc
 0001:000069F0      __argv_default_expand
 0002:00001F50      __argv_expand_ptr
 0001:000065AC      __assert
 0003:0000006C      __bormm_pfn_FreeMem
 0003:00000070      __bormm_pfn_GetMem
 0003:00000078      __bormm_pfn_HeapAddRef
 0003:0000007C      __bormm_pfn_HeapRelease
 0003:00000074      __bormm_pfn_ReallocMem
 0001:000069E0      __c_exit
 0001:000069D0      __cexit
 0002:00000B00      __cfinfo_get
 0002:00001700      __chartype
 0002:00000AB8      __chtbl__ __call_terminate()
 0002:000009D4      __chtbl__ std::terminate()
 0001:0000729C      __cleanup
 0001:00003F78      __cleanup_handle_locks
 0001:000045D8      __cleanup_stream_locks
 0001:00004B04      __clear87
 0002:00001F04      __cmdline_escapes
 0001:00004B18      __control87
 0001:000077BC      __create_lock
 0001:000071C0      __create_shmem
 0001:000050DC      __cvt_init
 0001:00005410      __cvt_initw
 0002:00001CF4      __default87
 0003:000008DC      __dll_table
 0002:000010F0      __dosErrorToSV
 0001:000040C8      __dup_handle
 0002:00000AD8      __ectbl__ __call_terminate()
 0002:0000037C      __ectbl__ __stdcall ASCHAR(char *)
 0002:000002E0      __ectbl__ __stdcall TSoft::Database::Database()
 0002:00000304      __ectbl__ __stdcall TSoft::Database::Database(TSoft::Database *)
 0002:00000328      __ectbl__ __stdcall TSoft::Database::Database(char *)
 0002:00000250      __ectbl__ __stdcall TSoft::Database::Item::Item()
 0002:0000029C      __ectbl__ __stdcall TSoft::Database::Item::Item(char *, TSoft::Database *, long)
 0002:000002C8      __ectbl__ __stdcall TSoft::Database::Item::~Item()
 0002:0000034C      __ectbl__ __stdcall TSoft::Database::set_Count(long)
 0002:00000674      __ectbl__ std::bad_alloc::~bad_alloc()
 0002:000009F4      __ectbl__ std::terminate()
 0003:000008FC      __exe_table
 0001:000069B8      __exit
 0001:00003A80      __exit_except
 0001:000044B0      __exit_streams
 0002:00001EF4      __exitbuf
 0002:00001EF8      __exitfopen
 0002:00001EFC      __exitopen
 0001:00002498      __expand
 0002:00000B04      __fileinfo
 0002:0000054C      __firstHeap
 0002:00001D78      __floatconvert
 0001:00003D28      __flushall
 0001:00003EE0      __flushout
 0002:00001084      __fmode
 0002:00001088      __fmodeptr
 0001:00004B78      __fpreset
 0002:00000558      __freeStart
 0001:00004130      __free_handle
 0001:00001A54      __free_heaps
 0001:00004B90      __fuildq
 0001:00004BC0      __fuistq
 0001:00004BE4      __fxam
 0001:00000124      __getHInstance
 0001:00004684      __getLocaleNumericInfo
 0001:00004088      __get_handle
 0001:000064D8      __getmbcp
 0002:00000143      __hInstance
 0001:00006B70      __handle_exitargv
 0001:00006A18      __handle_setargv
 0001:00006D94      __handle_wexitargv
 0001:00006C00      __handle_wsetargv
 0003:000005B8      __handles
 0003:00000084      __heap_lock
 0002:00000514      __heap_redirector
 0002:00001CFC      __huge_dble
 0002:00001CF8      __huge_flt
 0002:00001D04      __huge_ldble
 0002:00001D24      __indefinite
 0001:000064E0      __initMBCSTable
 0001:00003A68      __init_except
 0001:000071C8      __init_exit_proc
 0001:000041E8      __init_handles
 0001:00001A68      __init_lock
 0001:000043E0      __init_streams
 0001:00007554      __init_tls
 0001:00003F54      __initfileinfo
 0001:00003F44      __initfmode
 0001:00002080      __internal_free
 0001:00002438      __internal_free_heaps
 0001:000021FC      __internal_malloc
 0001:000026A0      __internal_realloc
 0001:000032D0      __isCompatTypeID(tpid *, tpid *, int, tpid * *)
 0001:0000011C      __isDLL
 0001:000031F4      __isSameTypeID(tpid *, tpid *)
 0002:00001FB8      __isWindows
 0001:000064F0      __ismbcspace
 0002:00001E08      __kalpha
 0002:00001E0A      __kpunct
 0002:00000550      __lastHeap
 0001:00001504      __linkproc__ Tsoft_database::Finalize
 0001:000014F4      __linkproc__ Tsoft_database::Initialize
 0002:00000554      __linktable
 0001:00003F68      __lock_all_handles
 0001:00004514      __lock_all_streams
 0001:00007840      __lock_error
 0001:00007308      __lock_exit
 0001:00003FAC      __lock_handle
 0001:00001A7C      __lock_heap
 0001:00007820      __lock_nt
 0001:00004534      __lock_stream
 0002:00001D12      __max_dble
 0002:00001D0E      __max_flt
 0002:00001D1A      __max_ldble
 0003:00000794      __mbcsCodePage
 0003:00000690      __mbctype
 0001:0000650C      __mbsrchr
 0002:00001E9C      __messagefile
 0002:00001E98      __messagefunc
 0001:00002740      __msize
 0002:00001F00      __multidll
 0003:00000064      __new_handler
 0002:00001C28      __nextrealptr
 0002:00001C90      __nextrealwptr
 0002:00000FB8      __nfile
 0002:0000053C      __nv_heap_size
 0002:0000036C      __odtbl__ __stdcall ASCHAR(char *)
 0002:000002D0      __odtbl__ __stdcall TSoft::Database::Database()
 0002:000002F4      __odtbl__ __stdcall TSoft::Database::Database(TSoft::Database *)
 0002:00000318      __odtbl__ __stdcall TSoft::Database::Database(char *)
 0002:00000230      __odtbl__ __stdcall TSoft::Database::Item::Item()
 0002:0000027C      __odtbl__ __stdcall TSoft::Database::Item::Item(char *, TSoft::Database *, long)
 0002:0000033C      __odtbl__ __stdcall TSoft::Database::set_Count(long)
 0002:00000664      __odtbl__ std::bad_alloc::~bad_alloc()
 0002:00000FBC      __openfd
 0003:000008D0      __oscmd
 0003:000008D4      __osenv
 0003:000008B4      __ostype
 0003:000008C0      __pRawDllMain
 0001:00002420      __phys_avail
 0003:000004F0      __pidtab
 0001:0000497C      __pow10
 0001:00004DA0      __qdiv10
 0001:00004DC8      __qmul10
 0002:00001C24      __realcvtptr
 0002:00001C8C      __realcvtwptr
 0002:00000564      __rover
 0001:00003D6C      __rtl_write
 0003:000000B4      __rwstd::__rw_error_msg_mutex
 0002:000005C4      __rwstd::__rw_stdexcept_BadAllocException
 0002:000005C0      __rwstd::__rw_stdexcept_BadException
 0002:000005C8      __rwstd::__rw_stdexcept_Error
 0002:000005BC      __rwstd::__rw_stdexcept_NoNamedException
 0001:000058F4      __scan_init
 0001:00005DD4      __scan_initw
 0002:00001C30      __scanrsltptr
 0002:00001C2C      __scantodptr
 0002:00001C98      __scanwrsltptr
 0002:00001C94      __scanwtodptr
 0001:00003A1C      __setexc
 0001:000063B4      __setmbcp
 0002:00000540      __smalloc_threshold
 0001:0000733C      __startupd
 0001:00000BE4      __stdcall TSoft::Database::Add(TSoft::Database::Item *)
 0001:00000B84      __stdcall TSoft::Database::Cat(TSoft::Database *)
 0001:00000D28      __stdcall TSoft::Database::Clr()
 0001:00000C18      __stdcall TSoft::Database::Cut()
 0001:00000678      __stdcall TSoft::Database::Database()
 0001:00000700      __stdcall TSoft::Database::Database(TSoft::Database *)
 0001:000007DC      __stdcall TSoft::Database::Database(char *)
 0001:00000CB4      __stdcall TSoft::Database::Delete(long)
 0001:00000B28      __stdcall TSoft::Database::Eql(TSoft::Database *)
 0001:00000D94      __stdcall TSoft::Database::Exchange(long, long)
 0001:00000D3C      __stdcall TSoft::Database::Find(long, char *)
 0001:00000C44      __stdcall TSoft::Database::Insert(long, TSoft::Database::Item *)
 0001:00000664      __stdcall TSoft::Database::Item::Clr()
 0001:000005CC      __stdcall TSoft::Database::Item::Eql(TSoft::Database::Item *)
 0001:000002A4      __stdcall TSoft::Database::Item::Item()
 0001:000003B8      __stdcall TSoft::Database::Item::Item(char *, TSoft::Database *, long)
 0001:00000654      __stdcall TSoft::Database::Item::get_node()
 0001:00000644      __stdcall TSoft::Database::Item::get_text()
 0001:00000520      __stdcall TSoft::Database::Item::set_ipos(long)
 0001:000005AC      __stdcall TSoft::Database::Item::set_node(TSoft::Database *)
 0001:00000560      __stdcall TSoft::Database::Item::set_text(char *)
 0001:00000530      __stdcall TSoft::Database::Item::set_text_size(long)
 0001:000004B4      __stdcall TSoft::Database::Item::~Item()
 0001:00000F44      __stdcall TSoft::Database::Post()
 0001:00000E88      __stdcall TSoft::Database::Read()
 0001:00000DDC      __stdcall TSoft::Database::Sort()
 0001:000007CC      __stdcall TSoft::Database::get_Alias()
 0001:00000948      __stdcall TSoft::Database::get_Count()
 0001:000009A4      __stdcall TSoft::Database::get_Items(long)
 0001:000007BC      __stdcall TSoft::Database::get_Level()
 0001:00000E50      __stdcall TSoft::Database::get_Text(long)
 0001:000008C4      __stdcall TSoft::Database::set_Alias(char *)
 0001:000009EC      __stdcall TSoft::Database::set_Count(long)
 0001:000009B8      __stdcall TSoft::Database::set_Items(long, TSoft::Database::Item *)
 0001:00000958      __stdcall TSoft::Database::set_Level(long)
 0001:000008B4      __stdcall TSoft::Database::set_Owner(TSoft::Database *)
 0001:00000E70      __stdcall TSoft::Database::set_Text(long, char *)
 0001:00000880      __stdcall TSoft::Database::~Database()
 0003:00000904      __stkbase
 0002:00000AEC      __stkchk
 0004:0000009C      __stkindex
 0002:00000B08      __streams
 0002:0000121C      __sys_errlist
 0002:000012E0      __sys_nerr
 0001:000071B0      __terminate
 0001:000075F4      __thread_data
 0001:000076C4      __thread_data_del
 0001:0000761C      __thread_data_new
 0002:00001D28      __tiny_ldble
 0004:000000A0      __tlsindex
 0001:000014A8      __tpdsc__ TSoft::Database
 0001:00000398      __tpdsc__ TSoft::Database *
 0001:00001068      __tpdsc__ TSoft::Database::Item
 0001:00000374      __tpdsc__ TSoft::Database::Item *
 0001:00002850      __tpdsc__ _RWSTDMutex (rtti)
 0001:000015E0      __tpdsc__ std::bad_alloc
 0001:00001678      __tpdsc__ std::bad_alloc *
 0001:00002810      __tpdsc__ std::bad_cast (rtti)
 0001:00002830      __tpdsc__ std::bad_typeid (rtti)
 0001:00001690      __tpdsc__ std::exception
 0001:00003668      __tpdsc__ std::type_info (rtti)
 0001:000036B4      __tpdsc__ type_info_hash (rtti)
 0002:00001D74      __turboFloat
 0001:000031BC      __typeIDname(tpid *)
 0001:00003F9C      __unlock_all_handles
 0001:00004524      __unlock_all_streams
 0001:00007318      __unlock_exit
 0001:00004040      __unlock_handle
 0001:00001A8C      __unlock_heap
 0001:00007830      __unlock_nt
 0001:000045FC      __unlock_stream
 0001:00003A38      __unsetexc
 0001:00003A5C      __unsetuserhandler
 0002:00000544      __virt_chunk_free
 0002:00000548      __virt_chunk_free2
 0002:00000534      __virt_chunk_size
 0002:00000538      __virt_chunk_size2
 0002:00000530      __virt_heap_size
 0003:000008F4      __wC0argv
 0003:000008F8      __wC0environ
 0001:00006A04      __wargv_default_expand
 0002:00001F54      __wargv_expand_ptr
 0001:00002AB4      __wmemset
 0003:000008EC      __woscmd
 0003:000008E8      __wosenv
 0001:00003DB4      __write
 0001:00004650      __xfflush
 0001:00006920      _abort
 0001:000069A0      _exit
 0001:00003E50      _fflush
 0001:0000199C      _free
 0001:000046D8      _isalnum
 0001:00004704      _isalpha
 0001:000046F0      _isascii
 0001:0000471C      _iscntrl
 0001:00004730      _isdigit
 0001:00004744      _isgraph
 0001:0000475C      _islower
 0001:00004770      _isprint
 0001:00004788      _ispunct
 0001:0000479C      _isspace
 0001:000047B0      _isupper
 0001:000047DC      _iswalnum
 0001:00004808      _iswalpha
 0001:000047F4      _iswascii
 0001:00004820      _iswcntrl
 0001:00004834      _iswdigit
 0001:00004848      _iswgraph
 0001:00004860      _iswlower
 0001:00004874      _iswprint
 0001:0000488C      _iswpunct
 0001:000048A0      _iswspace
 0001:000048B4      _iswupper
 0001:000048C8      _iswxdigit
 0001:000047C4      _isxdigit
 0001:0000198C      _malloc
 0001:00002BD4      _memcmp
 0001:000029B8      _memcpy
 0001:000029DC      _memmove
 0001:00002A28      _memset
 0001:0000711C      _raise
 0001:00007068      _signal
 0001:00002ACC      _strcat
 0001:00002B08      _strlen
 0001:00002B64      _strncat
 0001:00001844      _virt_alloc
 0001:0000186C      _virt_commit
 0001:000018B8      _virt_decommit
 0001:000018D0      _virt_release
 0001:000017D8      _virt_reserve
 0001:00002C58      _wcscpy
 0001:00002C40      _wcslen
 0003:00000690      b1438_2
 0003:00000798      b1574_2
 0003:00000898      b1590_2
 0003:000008B4      b1602_2
 0003:000008B8      b1686_2
 0003:000008BC      b1688_2
 0003:000008C0      b1780_0
 0003:000008C4      b1782_1
 0003:00000908      b1790_1
 0003:0000090C      b1794_2
 0003:00000910      b1806_2
 0003:00000918      b1812_2
 0003:00000064      b188_2
 0003:0000391C      b1890_2
 0003:0000006C      b210_2
 0003:00000084      b226_2
 0003:00000088      b254_2
 0003:000000B4      b316_2
 0003:000000D0      b524_2
 0003:000004E0      b528_2
 0003:000004E8      b534_2
 0003:000004F0      b724_1
 0003:00000680      b798_2
 0003:00000688      b900_2
 0001:00004650      c1006_0
 0001:00004684      c1028_0
 0001:000046D8      c1036_0
 0001:000047DC      c1038_0
 0001:000048E0      c1040_0
 0001:00004924      c1042_0
 0001:0000497C      c1178_0
 0001:00004B04      c1214_0
 0001:00004B18      c1228_0
 0001:00004B48      c1234_0
 0001:00004B60      c1236_0
 0001:00004B78      c1276_0
 0001:00004B90      c1284_0
 0001:00004BC0      c1286_0
 0001:00004BE4      c1288_0
 0001:00004BF8      c1314_0
 0001:00004D10      c1324_0
 0001:00004DA0      c1362_0
 0001:00004DC8      c1364_0
 0001:00004DF8      c1368_0
 0001:000050F4      c1370_0
 0001:00005428      c1378_0
 0001:0000590C      c1380_0
 0001:00005DEC      c1424_0
 0001:000060C0      c1426_0
 0001:000063B4      c1438_0
 0001:000064E0      c1438_3
 0001:000064F0      c1460_0
 0001:0000650C      c1522_0
 0001:00006564      c1574_0
 0001:0000660C      c1590_0
 0001:000066C4      c1592_0
 0001:000066E4      c1594_0
 0001:00006880      c1602_0
 0001:00006880      c1602_3
 0001:0000690C      c1622_0
 0001:00006930      c1660_0
 0001:000069F0      c1670_0
 0001:00006A04      c1672_0
 0001:00006A18      c1686_0
 0001:00006C00      c1688_0
 0001:00006E28      c1764_0
 0001:000071B0      c1784_0
 0001:00007328      c1784_2
 0001:0000733C      c1790_0
 0001:0000743C      c1794_0
 0001:00007534      c1796_0
 0001:0000753C      c1798_0
 0001:00007554      c1798_2
 0001:000075A4      c1800_0
 0001:000075F4      c1806_0
 0001:000076F8      c1806_3
 0001:0000770C      c1806_4
 0001:0000151C      c180_0
 0001:000077BC      c1812_0
 0001:0000787C      c1812_3
 0001:0000152C      c182_0
 0001:0000153C      c184_0
 0001:000016F4      c186_0
 0001:00001704      c188_0
 0001:00001758      c188_3
 0001:00001764      c188_4
 0001:000017A4      c188_5
 0001:00007894      c1890_0
 0001:00007894      c1890_3
 0001:00000000      c1_0
 0001:000017D8      c208_0
 0001:000018EC      c210_0
 0001:0000198C      c216_0
 0001:000019AC      c220_0
 0001:00001A48      c220_2
 0001:00001A64      c222_0
 0001:00001A68      c226_0
 0001:00001A68      c226_3
 0001:00002498      c246_0
 0001:0000275C      c248_0
 0001:00002760      c250_0
 0001:00002764      c252_0
 0001:00002768      c254_0
 0001:00002798      c254_3
 0001:000027D4      c254_4
 0001:000028C4      c316_0
 0001:000028C4      c316_3
 0001:00002900      c316_4
 0001:000029B8      c396_0
 0001:000029DC      c400_0
 0001:00002A28      c402_0
 0001:00002AB4      c404_0
 0001:00002ACC      c418_0
 0001:00002B08      c426_0
 0001:00002B64      c428_0
 0001:00002BD4      c444_0
 0001:00002C40      c478_0
 0001:00002C58      c480_0
 0001:00002C98      c520_0
 0001:00002D08      c524_0
 0001:00002E5F      c524_3
 0001:000037D4      c528_0
 0001:000037D4      c528_4
 0001:00003920      c530_0
 0001:0000392C      c534_0
 0001:00003A68      c534_3
 0001:00003A80      c534_4
 0001:00003AA8      c538_0
 0001:00003AF0      c540_0
 0001:00003B14      c556_0
 0001:00003B5C      c558_0
 0001:00003BE0      c568_0
 0001:00003D14      c570_0
 0001:00003D28      c588_0
 0001:00003D6C      c644_0
 0001:00003DD0      c648_0
 0001:00003E50      c710_0
 0001:00003EE0      c732_0
 0001:00003F44      c736_0
 0001:00003F68      c798_0
 0001:00004354      c800_0
 0001:000043E0      c900_0
 0001:000044B0      c900_3
 0002:00001700      d1016_0
 0002:00001904      d1046_0
 0002:00001B64      d1178_1
 0002:00001C24      d1234_1
 0002:00001C8C      d1236_1
 0002:00001CF4      d1238_0
 0002:00001CF8      d1292_0
 0002:00001D74      d1302_0
 0002:00001D7C      d1368_1
 0002:00001D90      d1370_1
 0002:00001DB8      d1378_1
 0002:00001DE0      d1380_1
 0002:00001E08      d1438_1
 0002:00001E50      d1574_1
 0002:00001E74      d1590_1
 0002:00001E98      d1594_1
 0002:00001EA8      d1602_1
 0002:00001ED0      d1622_1
 0002:00001EF0      d1624_0
 0002:00001EF4      d1660_1
 0002:00001F00      d1666_0
 0002:00001F04      d1686_1
 0002:00001F2C      d1688_1
 0002:00001F50      d1742_0
 0002:00001F54      d1744_0
 0002:00001F58      d1764_1
 0002:00001FB8      d1782_0
 0002:00001FBC      d1784_1
 0002:00001FD8      d1794_1
 0002:00002128      d1806_1
 0002:00002144      d1812_1
 0002:00000390      d184_1
 0002:00000400      d188_1
 0002:00002158      d1890_1
 0002:000000BC      d1_1
 0002:00000474      d208_1
 0002:00000478      d210_1
 0002:00000510      d220_1
 0002:00000530      d226_1
 0002:00000584      d254_1
 0002:000005BC      d316_1
 0002:00000688      d522_0
 0002:0000068C      d524_1
 0002:000009CC      d526_1
 0002:00000A08      d528_1
 0002:00000AEC      d534_1
 0002:00000B00      d570_1
 0002:00000B04      d650_0
 0002:00000B08      d722_0
 0002:00000FB8      d724_0
 0002:00001084      d734_0
 0002:00001088      d736_1
 0002:0000108C      d798_1
 0002:000010F0      d800_1
 0002:0000121C      d832_1
 0002:00001698      d900_1
 0001:00003B0B      invokeHnd()
 0001:00003AF0      jump()
 0001:0000151C      operator delete(void *)
 0001:0000152C      operator delete[](void *)
 0001:00001550      operator new(unsigned int)
 0001:000016F4      operator new[](unsigned int)
 0002:000003EC      std::bad_alloc:: (rtti)
 0001:00001638      std::bad_alloc::bad_alloc(const std::bad_alloc&)
 0001:000016E8      std::bad_alloc::what() const
 0001:0000295C      std::bad_alloc::~bad_alloc()
 0002:000003D8      std::exception:: (rtti)
 0001:000016DC      std::exception::what() const
 0001:0000293C      std::exception::~exception()
 0001:0000153C      std::set_new_handler(void (*)())
 0001:0000375C      std::terminate()
 0002:000009BC      std::type_info:: (rtti)
 0001:00003584      std::type_info::name() const
 0001:00003400      std::type_info::operator ==(const std::type_info&) const
 0001:000033E0      std::type_info::~type_info()
 0001:000037AC      std::unexpected()
 0004:0000009C      t1798_1
 0004:00000000      t528_3
 0002:000009AC      type_info_hash:: (rtti)
 0001:0000370C      type_info_hash::~type_info_hash()

  Address         Publics by Value

 0001:00000000      __acrtused
 0001:00000000      c1_0
 0001:00000117      __GetExceptDLLinfo
 0001:0000011C      __isDLL
 0001:00000124      __getHInstance
 0001:00000202      Sysinit::__linkproc__ __fastcall GetTls()
 0001:00000202      ___System__GetTls
 0001:00000238      DllEntryPoint
 0001:00000244      Tsoft_database::C3_0
 0001:000002A4      __stdcall TSoft::Database::Item::Item()
 0001:00000374      __tpdsc__ TSoft::Database::Item *
 0001:00000398      __tpdsc__ TSoft::Database *
 0001:000003B8      __stdcall TSoft::Database::Item::Item(char *, TSoft::Database *, long)
 0001:000004B4      __stdcall TSoft::Database::Item::~Item()
 0001:00000520      __stdcall TSoft::Database::Item::set_ipos(long)
 0001:00000530      __stdcall TSoft::Database::Item::set_text_size(long)
 0001:00000560      __stdcall TSoft::Database::Item::set_text(char *)
 0001:000005AC      __stdcall TSoft::Database::Item::set_node(TSoft::Database *)
 0001:000005CC      __stdcall TSoft::Database::Item::Eql(TSoft::Database::Item *)
 0001:00000644      __stdcall TSoft::Database::Item::get_text()
 0001:00000654      __stdcall TSoft::Database::Item::get_node()
 0001:00000664      __stdcall TSoft::Database::Item::Clr()
 0001:00000678      __stdcall TSoft::Database::Database()
 0001:00000700      __stdcall TSoft::Database::Database(TSoft::Database *)
 0001:000007BC      __stdcall TSoft::Database::get_Level()
 0001:000007CC      __stdcall TSoft::Database::get_Alias()
 0001:000007DC      __stdcall TSoft::Database::Database(char *)
 0001:00000880      __stdcall TSoft::Database::~Database()
 0001:000008B4      __stdcall TSoft::Database::set_Owner(TSoft::Database *)
 0001:000008C4      __stdcall TSoft::Database::set_Alias(char *)
 0001:00000948      __stdcall TSoft::Database::get_Count()
 0001:00000958      __stdcall TSoft::Database::set_Level(long)
 0001:000009A4      __stdcall TSoft::Database::get_Items(long)
 0001:000009B8      __stdcall TSoft::Database::set_Items(long, TSoft::Database::Item *)
 0001:000009EC      __stdcall TSoft::Database::set_Count(long)
 0001:00000B28      __stdcall TSoft::Database::Eql(TSoft::Database *)
 0001:00000B84      __stdcall TSoft::Database::Cat(TSoft::Database *)
 0001:00000BE4      __stdcall TSoft::Database::Add(TSoft::Database::Item *)
 0001:00000C18      __stdcall TSoft::Database::Cut()
 0001:00000C44      __stdcall TSoft::Database::Insert(long, TSoft::Database::Item *)
 0001:00000CB4      __stdcall TSoft::Database::Delete(long)
 0001:00000D28      __stdcall TSoft::Database::Clr()
 0001:00000D3C      __stdcall TSoft::Database::Find(long, char *)
 0001:00000D94      __stdcall TSoft::Database::Exchange(long, long)
 0001:00000DDC      __stdcall TSoft::Database::Sort()
 0001:00000E50      __stdcall TSoft::Database::get_Text(long)
 0001:00000E70      __stdcall TSoft::Database::set_Text(long, char *)
 0001:00000E88      __stdcall TSoft::Database::Read()
 0001:00000F44      __stdcall TSoft::Database::Post()
 0001:00000FE8      ASCHAR
 0001:00001068      __tpdsc__ TSoft::Database::Item
 0001:000010BC      TEXT_FROM_DATA
 0001:00001264      DATA_FROM_TEXT
 0001:000014A8      __tpdsc__ TSoft::Database
 0001:000014F4      __linkproc__ Tsoft_database::Initialize
 0001:00001504      __linkproc__ Tsoft_database::Finalize
 0001:0000151C      operator delete(void *)
 0001:0000151C      ___org_delete
 0001:0000151C      c180_0
 0001:0000152C      ___org_deletea
 0001:0000152C      operator delete[](void *)
 0001:0000152C      c182_0
 0001:0000153C      c184_0
 0001:0000153C      std::set_new_handler(void (*)())
 0001:00001550      ___org_new
 0001:00001550      operator new(unsigned int)
 0001:000015E0      __tpdsc__ std::bad_alloc
 0001:00001638      std::bad_alloc::bad_alloc(const std::bad_alloc&)
 0001:00001678      __tpdsc__ std::bad_alloc *
 0001:00001690      __tpdsc__ std::exception
 0001:000016DC      std::exception::what() const
 0001:000016E8      std::bad_alloc::what() const
 0001:000016F4      ___org_newa
 0001:000016F4      c186_0
 0001:000016F4      operator new[](unsigned int)
 0001:00001704      c188_0
 0001:00001758      c188_3
 0001:00001764      c188_4
 0001:000017A4      c188_5
 0001:000017D8      c208_0
 0001:000017D8      _virt_reserve
 0001:00001844      _virt_alloc
 0001:0000186C      _virt_commit
 0001:000018B8      _virt_decommit
 0001:000018D0      _virt_release
 0001:000018EC      c210_0
 0001:0000190C      ___CRTL_MEM_GetBorMemPtrs
 0001:00001988      ___CRTL_MEM_CheckBorMem
 0001:0000198C      ___org_malloc
 0001:0000198C      _malloc
 0001:0000198C      c216_0
 0001:0000199C      ___org_free
 0001:0000199C      _free
 0001:000019AC      ___CRTL_MEM_Revector
 0001:000019AC      c220_0
 0001:00001A48      c220_2
 0001:00001A54      __free_heaps
 0001:00001A64      ___CRTL_MEM_UseBorMM
 0001:00001A64      c222_0
 0001:00001A68      __init_lock
 0001:00001A68      c226_0
 0001:00001A68      c226_3
 0001:00001A7C      __lock_heap
 0001:00001A8C      __unlock_heap
 0001:00002080      __internal_free
 0001:000021FC      __internal_malloc
 0001:00002420      __phys_avail
 0001:00002438      __internal_free_heaps
 0001:00002498      c246_0
 0001:00002498      ___org__expand
 0001:00002498      __expand
 0001:000026A0      __internal_realloc
 0001:00002740      __msize
 0001:00002740      ___org__msize
 0001:0000275C      c248_0
 0001:0000275C      ___CRTL_VCL_Init
 0001:00002760      c250_0
 0001:00002760      ___CRTL_VCL_Exit
 0001:00002764      ___CRTL_VCLLIB_Linkage
 0001:00002764      c252_0
 0001:00002768      c254_0
 0001:00002798      c254_3
 0001:000027D4      c254_4
 0001:00002810      __tpdsc__ std::bad_cast (rtti)
 0001:00002830      __tpdsc__ std::bad_typeid (rtti)
 0001:00002850      __tpdsc__ _RWSTDMutex (rtti)
 0001:00002898      _RWSTDMutex::~_RWSTDMutex()
 0001:000028C4      c316_3
 0001:000028C4      c316_0
 0001:00002900      c316_4
 0001:0000293C      std::exception::~exception()
 0001:0000295C      std::bad_alloc::~bad_alloc()
 0001:000029B8      _memcpy
 0001:000029B8      c396_0
 0001:000029B8      ___org_memcpy
 0001:000029DC      _memmove
 0001:000029DC      ___org_memmove
 0001:000029DC      c400_0
 0001:00002A28      c402_0
 0001:00002A28      _memset
 0001:00002A28      ___org_memset
 0001:00002AB4      c404_0
 0001:00002AB4      __wmemset
 0001:00002ACC      _strcat
 0001:00002ACC      ___org_strcat
 0001:00002ACC      c418_0
 0001:00002B08      _strlen
 0001:00002B08      c426_0
 0001:00002B08      ___org_strlen
 0001:00002B64      _strncat
 0001:00002B64      ___org_strncat
 0001:00002B64      c428_0
 0001:00002BD4      _memcmp
 0001:00002BD4      ___org_memcmp
 0001:00002BD4      c444_0
 0001:00002C40      _wcslen
 0001:00002C40      c478_0
 0001:00002C58      c480_0
 0001:00002C58      _wcscpy
 0001:00002C98      c520_0
 0001:00002C98      __InitExceptBlockLDTC
 0001:00002CD1      __ExitExceptBlock
 0001:00002CDF      __ExceptionHandler
 0001:00002D08      c524_0
 0001:00002E5F      c524_3
 0001:000031BC      __typeIDname(tpid *)
 0001:000031F4      __isSameTypeID(tpid *, tpid *)
 0001:000032D0      __isCompatTypeID(tpid *, tpid *, int, tpid * *)
 0001:000033E0      std::type_info::~type_info()
 0001:00003400      std::type_info::operator ==(const std::type_info&) const
 0001:00003474      __GetTypeInfo(void *, void *, void *)
 0001:00003584      std::type_info::name() const
 0001:000035EC      __adjustClassAdr(void *, tpid *, tpid *)
 0001:00003668      __tpdsc__ std::type_info (rtti)
 0001:000036B4      __tpdsc__ type_info_hash (rtti)
 0001:0000370C      type_info_hash::~type_info_hash()
 0001:00003734      _InitTermAndUnexPtrs()
 0001:0000375C      std::terminate()
 0001:000037AC      std::unexpected()
 0001:000037D4      c528_0
 0001:000037D4      c528_4
 0001:00003800      ___call_terminate
 0001:00003874      ___call_unexpected
 0001:000038AC      __ExceptInit
 0001:000038F8      __GetExceptDLLinfoInternal
 0001:00003920      c530_0
 0001:00003920      ___DefHandler
 0001:0000392C      c534_0
 0001:00003A1C      __setexc
 0001:00003A38      __unsetexc
 0001:00003A48      __SetUserHandler
 0001:00003A5C      __unsetuserhandler
 0001:00003A68      c534_3
 0001:00003A68      __init_except
 0001:00003A80      c534_4
 0001:00003A80      __exit_except
 0001:00003A94      __InitDefaultHander
 0001:00003AA8      __SetExceptionHandler
 0001:00003AA8      c538_0
 0001:00003ABD      __UnsetExceptionHandler
 0001:00003AE9      __UnwindException
 0001:00003AF0      jump()
 0001:00003AF0      c540_0
 0001:00003AF6      ___doGlobalUnwind
 0001:00003B0B      invokeHnd()
 0001:00003B14      c556_0
 0001:00003B14      ___isatty
 0001:00003B44      ___isatty_osfhandle
 0001:00003B5C      ___lseek
 0001:00003B5C      c558_0
 0001:00003BE0      ___write
 0001:00003BE0      c568_0
 0001:00003D14      c570_0
 0001:00003D28      c588_0
 0001:00003D28      __flushall
 0001:00003D6C      c644_0
 0001:00003D6C      ___org__rtl_write
 0001:00003D6C      __rtl_write
 0001:00003DB4      __write
 0001:00003DB4      ___org__write
 0001:00003DD0      __allocbuf
 0001:00003DD0      c648_0
 0001:00003E50      c710_0
 0001:00003E50      ___org_fflush
 0001:00003E50      _fflush
 0001:00003EE0      c732_0
 0001:00003EE0      __flushout
 0001:00003F44      c736_0
 0001:00003F44      __initfmode
 0001:00003F54      __initfileinfo
 0001:00003F68      __lock_all_handles
 0001:00003F68      c798_0
 0001:00003F78      __cleanup_handle_locks
 0001:00003F9C      __unlock_all_handles
 0001:00003FAC      __lock_handle
 0001:00004040      __unlock_handle
 0001:00004088      __get_handle
 0001:000040C8      __dup_handle
 0001:00004130      __free_handle
 0001:000041E8      __init_handles
 0001:00004354      c800_0
 0001:00004354      ___doserrno
 0001:00004360      ___IOerror
 0001:000043AC      ___DOSerror
 0001:000043CC      ___NTerror
 0001:000043E0      __init_streams
 0001:000043E0      c900_0
 0001:000044B0      c900_3
 0001:000044B0      __exit_streams
 0001:00004514      __lock_all_streams
 0001:00004524      __unlock_all_streams
 0001:00004534      __lock_stream
 0001:000045D8      __cleanup_stream_locks
 0001:000045FC      __unlock_stream
 0001:00004650      __xfflush
 0001:00004650      c1006_0
 0001:00004684      __getLocaleNumericInfo
 0001:00004684      c1028_0
 0001:000046D8      c1036_0
 0001:000046D8      _isalnum
 0001:000046F0      _isascii
 0001:00004704      _isalpha
 0001:0000471C      _iscntrl
 0001:00004730      _isdigit
 0001:00004744      _isgraph
 0001:0000475C      _islower
 0001:00004770      _isprint
 0001:00004788      _ispunct
 0001:0000479C      _isspace
 0001:000047B0      _isupper
 0001:000047C4      _isxdigit
 0001:000047DC      c1038_0
 0001:000047DC      _iswalnum
 0001:000047F4      _iswascii
 0001:00004808      _iswalpha
 0001:00004820      _iswcntrl
 0001:00004834      _iswdigit
 0001:00004848      _iswgraph
 0001:00004860      _iswlower
 0001:00004874      _iswprint
 0001:0000488C      _iswpunct
 0001:000048A0      _iswspace
 0001:000048B4      _iswupper
 0001:000048C8      _iswxdigit
 0001:000048E0      ___isctype
 0001:000048E0      c1040_0
 0001:00004924      ___iswctype
 0001:00004924      c1042_0
 0001:0000497C      __pow10
 0001:0000497C      c1178_0
 0001:00004B04      c1214_0
 0001:00004B04      __clear87
 0001:00004B18      c1228_0
 0001:00004B18      __control87
 0001:00004B48      c1234_0
 0001:00004B60      c1236_0
 0001:00004B78      c1276_0
 0001:00004B78      __fpreset
 0001:00004B90      c1284_0
 0001:00004B90      __fuildq
 0001:00004BC0      c1286_0
 0001:00004BC0      __fuistq
 0001:00004BE4      c1288_0
 0001:00004BE4      __fxam
 0001:00004BF8      c1314_0
 0001:00004BF8      ___ldtrunc
 0001:00004D10      c1324_0
 0001:00004D10      ___longtoa
 0001:00004D84      ___utoa
 0001:00004DA0      __qdiv10
 0001:00004DA0      c1362_0
 0001:00004DC8      __qmul10
 0001:00004DC8      c1364_0
 0001:00004DF8      c1368_0
 0001:000050DC      __cvt_init
 0001:000050F4      c1370_0
 0001:00005410      __cvt_initw
 0001:00005428      c1378_0
 0001:000058F4      __scan_init
 0001:0000590C      c1380_0
 0001:00005DD4      __scan_initw
 0001:00005DEC      c1424_0
 0001:00005DEC      ___xcvt
 0001:000060C0      ___xcvtw
 0001:000060C0      c1426_0
 0001:000063B4      __setmbcp
 0001:000063B4      c1438_0
 0001:000064D8      __getmbcp
 0001:000064E0      __initMBCSTable
 0001:000064E0      c1438_3
 0001:000064F0      c1460_0
 0001:000064F0      __ismbcspace
 0001:0000650C      c1522_0
 0001:0000650C      __mbsrchr
 0001:00006564      c1574_0
 0001:000065AC      __assert
 0001:0000660C      c1590_0
 0001:0000665C      __ErrorMessageHelper
 0001:000066C4      ___errno
 0001:000066C4      c1592_0
 0001:000066E4      c1594_0
 0001:0000673C      __ErrorMessage
 0001:00006858      ___ErrorMessage
 0001:00006868      __ErrorExit
 0001:00006880      c1602_3
 0001:00006880      c1602_0
 0001:0000690C      c1622_0
 0001:0000690C      __abort
 0001:00006920      _abort
 0001:00006930      c1660_0
 0001:000069A0      _exit
 0001:000069B8      __exit
 0001:000069D0      __cexit
 0001:000069E0      __c_exit
 0001:000069F0      __argv_default_expand
 0001:000069F0      c1670_0
 0001:00006A04      c1672_0
 0001:00006A04      __wargv_default_expand
 0001:00006A18      c1686_0
 0001:00006A18      __handle_setargv
 0001:00006B70      __handle_exitargv
 0001:00006C00      __handle_wsetargv
 0001:00006C00      c1688_0
 0001:00006D94      __handle_wexitargv
 0001:00006E28      c1764_0
 0001:00007068      _signal
 0001:0000711C      ___org_raise
 0001:0000711C      _raise
 0001:000071B0      c1784_0
 0001:000071B0      __terminate
 0001:000071C0      __create_shmem
 0001:000071C8      __init_exit_proc
 0001:0000729C      __cleanup
 0001:00007308      __lock_exit
 0001:00007318      __unlock_exit
 0001:00007328      c1784_2
 0001:0000733C      c1790_0
 0001:0000733C      __startupd
 0001:0000743C      c1794_0
 0001:000074D0      __CRTL_DLLEntryPointWrapper
 0001:00007534      c1796_0
 0001:00007534      ___CRTL_DLL_Lock
 0001:00007538      ___CRTL_DLL_Unlock
 0001:0000753C      ___GetTlsIndex
 0001:0000753C      c1798_0
 0001:00007548      ___GetStkIndex
 0001:00007554      __init_tls
 0001:00007554      c1798_2
 0001:000075A4      ___CRTL_TLS_Alloc
 0001:000075A4      c1800_0
 0001:000075AC      ___CRTL_TLS_Free
 0001:000075BC      ___CRTL_TLS_GetValue
 0001:000075CC      ___CRTL_TLS_SetValue
 0001:000075E0      ___CRTL_TLS_InitThread
 0001:000075E8      ___CRTL_TLS_ExitThread
 0001:000075F0      ___CRTL_TLS_GetInfo
 0001:000075F4      c1806_0
 0001:000075F4      __thread_data
 0001:0000761C      __thread_data_new
 0001:000076C4      __thread_data_del
 0001:000076F8      c1806_3
 0001:0000770C      c1806_4
 0001:000077BC      __create_lock
 0001:000077BC      c1812_0
 0001:00007820      __lock_nt
 0001:00007830      __unlock_nt
 0001:00007840      __lock_error
 0001:0000787C      c1812_3
 0001:00007894      c1890_3
 0001:00007894      c1890_0
 0001:000078BF      ___JumpToCatch__
 0001:00007B29      ___raiseDebuggerException
 0001:00007EE4      _ThrowExceptionLDTC(void *, void *, void *, void *, unsigned int, unsigned int, unsigned int, unsigned char *, void *)
 0001:00007F19      _ReThrowException(unsigned int, unsigned char *)
 0001:00007F84      __Global_unwind
 0001:000080C0      _CatchCleanup()
 0001:000085F0      __Local_unwind
 0001:00008603      __Return_unwind
 0001:00008664      ____ExceptionHandler
 0001:000093E2      __CurrExcContext
 0002:000000BC      d1_1
 0002:00000100      ___isGUI
 0002:00000138      ___isVCLPackage
 0002:00000139      ___isDLL
 0002:0000013A      ___useDynamicTLS
 0002:0000013B      __TLS_index
 0002:0000013F      __TLS_index4
 0002:00000143      __hInstance
 0002:000001B4      ___CPPdebugHook
 0002:000001B4      ___CPPdebugHook_segment
 0002:000001B8      __PackageInfoTable
 0002:000001C0      Tsoft_database::D3_1
 0002:00000230      __odtbl__ __stdcall TSoft::Database::Item::Item()
 0002:00000250      __ectbl__ __stdcall TSoft::Database::Item::Item()
 0002:0000027C      __odtbl__ __stdcall TSoft::Database::Item::Item(char *, TSoft::Database *, long)
 0002:0000029C      __ectbl__ __stdcall TSoft::Database::Item::Item(char *, TSoft::Database *, long)
 0002:000002C8      __ectbl__ __stdcall TSoft::Database::Item::~Item()
 0002:000002D0      __odtbl__ __stdcall TSoft::Database::Database()
 0002:000002E0      __ectbl__ __stdcall TSoft::Database::Database()
 0002:000002F4      __odtbl__ __stdcall TSoft::Database::Database(TSoft::Database *)
 0002:00000304      __ectbl__ __stdcall TSoft::Database::Database(TSoft::Database *)
 0002:00000318      __odtbl__ __stdcall TSoft::Database::Database(char *)
 0002:00000328      __ectbl__ __stdcall TSoft::Database::Database(char *)
 0002:0000033C      __odtbl__ __stdcall TSoft::Database::set_Count(long)
 0002:0000034C      __ectbl__ __stdcall TSoft::Database::set_Count(long)
 0002:0000036C      __odtbl__ __stdcall ASCHAR(char *)
 0002:0000037C      __ectbl__ __stdcall ASCHAR(char *)
 0002:00000390      d184_1
 0002:000003D8      std::exception:: (rtti)
 0002:000003EC      std::bad_alloc:: (rtti)
 0002:00000400      d188_1
 0002:00000474      d208_1
 0002:00000478      d210_1
 0002:00000510      d220_1
 0002:00000514      __heap_redirector
 0002:00000530      d226_1
 0002:00000530      __virt_heap_size
 0002:00000534      __virt_chunk_size
 0002:00000538      __virt_chunk_size2
 0002:0000053C      __nv_heap_size
 0002:00000540      __smalloc_threshold
 0002:00000544      __virt_chunk_free
 0002:00000548      __virt_chunk_free2
 0002:0000054C      __firstHeap
 0002:00000550      __lastHeap
 0002:00000554      __linktable
 0002:00000558      __freeStart
 0002:00000564      __rover
 0002:0000056C      ___allocated
 0002:00000584      d254_1
 0002:000005BC      d316_1
 0002:000005BC      __rwstd::__rw_stdexcept_NoNamedException
 0002:000005C0      __rwstd::__rw_stdexcept_BadException
 0002:000005C4      __rwstd::__rw_stdexcept_BadAllocException
 0002:000005C8      __rwstd::__rw_stdexcept_Error
 0002:00000664      __odtbl__ std::bad_alloc::~bad_alloc()
 0002:00000674      __ectbl__ std::bad_alloc::~bad_alloc()
 0002:00000688      d522_0
 0002:00000688      ___xxPersonality
 0002:0000068C      d524_1
 0002:000009AC      type_info_hash:: (rtti)
 0002:000009BC      std::type_info:: (rtti)
 0002:000009CC      d526_1
 0002:000009CC      ___terminatePTR
 0002:000009D0      ___unexpectdPTR
 0002:000009D4      __chtbl__ std::terminate()
 0002:000009F4      __ectbl__ std::terminate()
 0002:00000A08      ___CPPexceptionList
 0002:00000A08      d528_1
 0002:00000A0C      ___exceptFlags
 0002:00000A10      ___throwFileName
 0002:00000A14      ___throwLineNumber
 0002:00000A18      ___throwExceptionName
 0002:00000A1C      ___exceptStaticBuffP
 0002:00000A20      ___exceptMemAllocVars
 0002:00000A24      ___ExceptStaticXbuff
 0002:00000AA4      __ExceptVarsSize
 0002:00000AB8      __chtbl__ __call_terminate()
 0002:00000AD8      __ectbl__ __call_terminate()
 0002:00000AEC      __stkchk
 0002:00000AEC      d534_1
 0002:00000B00      d570_1
 0002:00000B00      __cfinfo_get
 0002:00000B04      d650_0
 0002:00000B04      __fileinfo
 0002:00000B08      __streams
 0002:00000B08      d722_0
 0002:00000FB8      d724_0
 0002:00000FB8      __nfile
 0002:00000FBC      __openfd
 0002:00001084      d734_0
 0002:00001084      __fmode
 0002:00001088      d736_1
 0002:00001088      __fmodeptr
 0002:0000108C      d798_1
 0002:000010F0      __dosErrorToSV
 0002:000010F0      d800_1
 0002:0000121C      __sys_errlist
 0002:0000121C      d832_1
 0002:000012E0      __sys_nerr
 0002:00001698      d900_1
 0002:00001700      __chartype
 0002:00001700      d1016_0
 0002:00001904      d1046_0
 0002:00001904      _CMonetary
 0002:00001938      _CNumeric
 0002:00001950      _CTimeDate
 0002:00001A14      _CLOCALE
 0002:00001A40      ___locale
 0002:00001B64      d1178_1
 0002:00001C24      __realcvtptr
 0002:00001C24      d1234_1
 0002:00001C28      __nextrealptr
 0002:00001C2C      __scantodptr
 0002:00001C30      __scanrsltptr
 0002:00001C8C      d1236_1
 0002:00001C8C      __realcvtwptr
 0002:00001C90      __nextrealwptr
 0002:00001C94      __scanwtodptr
 0002:00001C98      __scanwrsltptr
 0002:00001CF4      __default87
 0002:00001CF4      d1238_0
 0002:00001CF8      d1292_0
 0002:00001CF8      __huge_flt
 0002:00001CFC      __huge_dble
 0002:00001D04      __huge_ldble
 0002:00001D0E      __max_flt
 0002:00001D12      __max_dble
 0002:00001D1A      __max_ldble
 0002:00001D24      __indefinite
 0002:00001D28      __tiny_ldble
 0002:00001D34      ___ieee_64_p_inf
 0002:00001D3C      ___ieee_64_n_inf
 0002:00001D44      ___ieee_64_p_nanq
 0002:00001D4C      ___ieee_64_n_nanq
 0002:00001D54      ___ieee_64_p_nans
 0002:00001D5C      ___ieee_64_n_nans
 0002:00001D64      ___ieee_64_p_zero
 0002:00001D6C      ___ieee_64_n_zero
 0002:00001D74      d1302_0
 0002:00001D74      __turboFloat
 0002:00001D78      __floatconvert
 0002:00001D7C      d1368_1
 0002:00001D90      d1370_1
 0002:00001DB8      d1378_1
 0002:00001DE0      d1380_1
 0002:00001E08      __kalpha
 0002:00001E08      d1438_1
 0002:00001E0A      __kpunct
 0002:00001E50      d1574_1
 0002:00001E74      d1590_1
 0002:00001E98      __messagefunc
 0002:00001E98      d1594_1
 0002:00001E9C      __messagefile
 0002:00001EA8      d1602_1
 0002:00001ED0      d1622_1
 0002:00001EF0      d1624_0
 0002:00001EF0      ___pCallAtExitProcs
 0002:00001EF4      d1660_1
 0002:00001EF4      __exitbuf
 0002:00001EF8      __exitfopen
 0002:00001EFC      __exitopen
 0002:00001F00      __multidll
 0002:00001F00      d1666_0
 0002:00001F04      d1686_1
 0002:00001F04      __cmdline_escapes
 0002:00001F2C      d1688_1
 0002:00001F50      d1742_0
 0002:00001F50      __argv_expand_ptr
 0002:00001F54      __wargv_expand_ptr
 0002:00001F54      d1744_0
 0002:00001F58      d1764_1
 0002:00001FB8      __isWindows
 0002:00001FB8      d1782_0
 0002:00001FBC      d1784_1
 0002:00001FD8      d1794_1
 0002:00002128      d1806_1
 0002:00002144      d1812_1
 0002:00002158      d1890_1
 0002:00002158      ___debuggerDisableTerminateCallback
 0003:00000000      Tsoft_database::B3_2
 0003:00000060      Tsoft_database::B3_3
 0003:00000064      b188_2
 0003:00000064      __new_handler
 0003:00000068      ___bad_alloc
 0003:0000006C      __bormm_pfn_FreeMem
 0003:0000006C      b210_2
 0003:00000070      __bormm_pfn_GetMem
 0003:00000074      __bormm_pfn_ReallocMem
 0003:00000078      __bormm_pfn_HeapAddRef
 0003:0000007C      __bormm_pfn_HeapRelease
 0003:00000084      b226_2
 0003:00000084      __heap_lock
 0003:00000088      b254_2
 0003:000000B4      b316_2
 0003:000000B4      __rwstd::__rw_error_msg_mutex
 0003:000000D0      b524_2
 0003:000004E0      b528_2
 0003:000004E0      __DestructorCountPtr
 0003:000004E8      b534_2
 0003:000004E8      __HandlerPtr
 0003:000004EC      __UserHandlerPtr
 0003:000004F0      b724_1
 0003:000004F0      __pidtab
 0003:000005B8      __handles
 0003:00000680      b798_2
 0003:00000688      b900_2
 0003:00000690      b1438_2
 0003:00000690      __mbctype
 0003:00000794      __mbcsCodePage
 0003:00000798      b1574_2
 0003:00000898      b1590_2
 0003:000008B4      b1602_2
 0003:000008B4      __ostype
 0003:000008B8      b1686_2
 0003:000008BC      b1688_2
 0003:000008C0      __pRawDllMain
 0003:000008C0      b1780_0
 0003:000008C4      __C0argc
 0003:000008C4      b1782_1
 0003:000008C8      __C0argv
 0003:000008CC      __C0environ
 0003:000008D0      __oscmd
 0003:000008D4      __osenv
 0003:000008D8      __argc
 0003:000008DC      __dll_table
 0003:000008E4      __ExcRegPtr
 0003:000008E8      __wosenv
 0003:000008EC      __woscmd
 0003:000008F0      ___exit_lock
 0003:000008F4      __wC0argv
 0003:000008F8      __wC0environ
 0003:000008FC      __exe_table
 0003:00000904      __stkbase
 0003:00000908      b1790_1
 0003:0000090C      b1794_2
 0003:00000910      b1806_2
 0003:00000918      b1812_2
 0003:0000391C      b1890_2
 0003:00003920      ___pCPPdebugHook
 0004:00000000      t528_3
 0004:00000000      ___xxInfo
 0004:0000009C      __stkindex
 0004:0000009C      t1798_1
 0004:000000A0      __tlsindex
