
 Start         Length     Name                   Class
 0001:00401000 00000FA36H _TEXT                  CODE
 0002:00411000 00000338CH _DATA                  DATA
 0003:0041438C 0000039CCH _BSS                   BSS
 0004:00000000 0000000A4H _TLS                   TLS


Detailed map of segments
 0001:00000000 00000236 C=CODE    S=_TEXT    G=(none)   M=C:\PROGRAM FILES\BORLAND\CBUILDER5\LIB\C0D32.OBJ ACBP=A9
 0001:00000236 00000493 C=CODE    S=_TEXT    G=(none)   M=D:\STASIEK\MY PROJECTS\OBSOLETE\PROGS\KOPEREK.VCL\LIB\DLLKOP32\DLLKOP32.OBJ ACBP=A9
 0001:000006C9 00003E0B C=CODE    S=_TEXT    G=(none)   M=D:\STASIEK\MY PROJECTS\OBSOLETE\PROGS\KOPEREK.VCL\LIB\DLLKOP32\TSOFT_KOP32.OBJ ACBP=A9
 0001:00004463 00000B41 C=CODE    S=_TEXT    G=(none)   M=D:\STASIEK\MY PROJECTS\OBSOLETE\PROGS\KOPEREK.VCL\LIB\DLLKOP32\TSOFT_KODER.OBJ ACBP=A9
 0001:00004FA4 000005EF C=CODE    S=_TEXT    G=(none)   M=D:\STASIEK\MY PROJECTS\OBSOLETE\PROGS\KOPEREK.VCL\LIB\DLLKOP32\TSOFT_ARI.OBJ ACBP=A9
 0001:0000554B 00000472 C=CODE    S=_TEXT    G=(none)   M=D:\STASIEK\MY PROJECTS\OBSOLETE\PROGS\KOPEREK.VCL\LIB\DLLKOP32\TSOFT_HUFF.OBJ ACBP=A9
 0001:00005975 0000042D C=CODE    S=_TEXT    G=(none)   M=D:\STASIEK\MY PROJECTS\OBSOLETE\PROGS\KOPEREK.VCL\LIB\DLLKOP32\TSOFT_BWTMATRIX.OBJ ACBP=A9
 0001:00005D56 00000145 C=CODE    S=_TEXT    G=(none)   M=D:\STASIEK\MY PROJECTS\OBSOLETE\PROGS\KOPEREK.VCL\LIB\DLLKOP32\TSOFT_HDR.OBJ ACBP=A9
 0001:00005E94 00000170 C=CODE    S=_TEXT    G=(none)   M=D:\STASIEK\MY PROJECTS\OBSOLETE\PROGS\KOPEREK.VCL\LIB\DLLKOP32\TSOFT_MTF.OBJ ACBP=A9
 0001:00005FBC 00000C8C C=CODE    S=_TEXT    G=(none)   M=D:\STASIEK\MY PROJECTS\OBSOLETE\PROGS\KOPEREK.VCL\LIB\DLLKOP32\TSOFT_SEEKER.OBJ ACBP=A9
 0001:00006BFC 00000215 C=CODE    S=_TEXT    G=(none)   M=D:\STASIEK\MY PROJECTS\OBSOLETE\PROGS\KOPEREK.VCL\LIB\DLLKOP32\TSOFT_STACK.OBJ ACBP=A9
 0001:00006DCD 00000175 C=CODE    S=_TEXT    G=(none)   M=D:\STASIEK\MY PROJECTS\OBSOLETE\PROGS\KOPEREK.VCL\LIB\DLLKOP32\TSOFT_PHARSER.OBJ ACBP=A9
 0001:00006F44 0000000F C=CODE    S=_TEXT    G=(none)   M=C:\PROGRAM FILES\BORLAND\CBUILDER5\LIB\CW32MT.LIB|del ACBP=A9
 0001:00006F54 0000000F C=CODE    S=_TEXT    G=(none)   M=C:\PROGRAM FILES\BORLAND\CBUILDER5\LIB\CW32MT.LIB|delarray ACBP=A9
 0001:00006F64 000001B6 C=CODE    S=_TEXT    G=(none)   M=C:\PROGRAM FILES\BORLAND\CBUILDER5\LIB\CW32MT.LIB|new ACBP=A9
 0001:0000711C 0000000F C=CODE    S=_TEXT    G=(none)   M=C:\PROGRAM FILES\BORLAND\CBUILDER5\LIB\CW32MT.LIB|newarray ACBP=A9
 0001:0000712C 000000DB C=CODE    S=_TEXT    G=(none)   M=C:\PROGRAM FILES\BORLAND\CBUILDER5\LIB\CW32MT.LIB|setnew ACBP=A9
 0001:00007200 00000111 C=CODE    S=_TEXT    G=(none)   M=C:\PROGRAM FILES\BORLAND\CBUILDER5\LIB\CW32MT.LIB|virtmem ACBP=A9
 0001:00007314 0000009F C=CODE    S=_TEXT    G=(none)   M=C:\PROGRAM FILES\BORLAND\CBUILDER5\LIB\CW32MT.LIB|hrdir_b ACBP=A9
 0001:000073B4 00000020 C=CODE    S=_TEXT    G=(none)   M=C:\PROGRAM FILES\BORLAND\CBUILDER5\LIB\CW32MT.LIB|hrdir_mf ACBP=A9
 0001:000073D4 000000B8 C=CODE    S=_TEXT    G=(none)   M=C:\PROGRAM FILES\BORLAND\CBUILDER5\LIB\CW32MT.LIB|hrdir_s ACBP=A9
 0001:0000748C 00000001 C=CODE    S=_TEXT    G=(none)   M=C:\PROGRAM FILES\BORLAND\CBUILDER5\LIB\CW32MT.LIB|hrdir_us ACBP=A9
 0001:00007490 00000A30 C=CODE    S=_TEXT    G=(none)   M=C:\PROGRAM FILES\BORLAND\CBUILDER5\LIB\CW32MT.LIB|heap ACBP=A9
 0001:00007EC0 000002C2 C=CODE    S=_TEXT    G=(none)   M=C:\PROGRAM FILES\BORLAND\CBUILDER5\LIB\CW32MT.LIB|realloc ACBP=A9
 0001:00008184 00000001 C=CODE    S=_TEXT    G=(none)   M=C:\PROGRAM FILES\BORLAND\CBUILDER5\LIB\CW32MT.LIB|crtlst_i ACBP=A9
 0001:00008188 00000001 C=CODE    S=_TEXT    G=(none)   M=C:\PROGRAM FILES\BORLAND\CBUILDER5\LIB\CW32MT.LIB|crtlst_e ACBP=A9
 0001:0000818C 00000001 C=CODE    S=_TEXT    G=(none)   M=C:\PROGRAM FILES\BORLAND\CBUILDER5\LIB\CW32MT.LIB|crtlst_l ACBP=A9
 0001:00008190 0000015C C=CODE    S=_TEXT    G=(none)   M=C:\PROGRAM FILES\BORLAND\CBUILDER5\LIB\CW32MT.LIB|predecl ACBP=A9
 0001:000082EC 00000178 C=CODE    S=_TEXT    G=(none)   M=C:\PROGRAM FILES\BORLAND\CBUILDER5\LIB\CW32MT.LIB|stdexcpt ACBP=A9
 0001:000083E0 00000024 C=CODE    S=_TEXT    G=(none)   M=C:\PROGRAM FILES\BORLAND\CBUILDER5\LIB\CW32MT.LIB|memcpy ACBP=A9
 0001:00008404 0000004A C=CODE    S=_TEXT    G=(none)   M=C:\PROGRAM FILES\BORLAND\CBUILDER5\LIB\CW32MT.LIB|memmove ACBP=A9
 0001:00008450 0000008A C=CODE    S=_TEXT    G=(none)   M=C:\PROGRAM FILES\BORLAND\CBUILDER5\LIB\CW32MT.LIB|memset ACBP=A9
 0001:000084DC 00000018 C=CODE    S=_TEXT    G=(none)   M=C:\PROGRAM FILES\BORLAND\CBUILDER5\LIB\CW32MT.LIB|wmemset ACBP=A9
 0001:000084F4 0000003C C=CODE    S=_TEXT    G=(none)   M=C:\PROGRAM FILES\BORLAND\CBUILDER5\LIB\CW32MT.LIB|strcat ACBP=A9
 0001:00008530 0000005A C=CODE    S=_TEXT    G=(none)   M=C:\PROGRAM FILES\BORLAND\CBUILDER5\LIB\CW32MT.LIB|strlen ACBP=A9
 0001:0000858C 0000006E C=CODE    S=_TEXT    G=(none)   M=C:\PROGRAM FILES\BORLAND\CBUILDER5\LIB\CW32MT.LIB|strncat ACBP=A9
 0001:000085FC 0000006C C=CODE    S=_TEXT    G=(none)   M=C:\PROGRAM FILES\BORLAND\CBUILDER5\LIB\CW32MT.LIB|memcmp ACBP=A9
 0001:00008668 00000018 C=CODE    S=_TEXT    G=(none)   M=C:\PROGRAM FILES\BORLAND\CBUILDER5\LIB\CW32MT.LIB|wcslen ACBP=A9
 0001:00008680 0000003F C=CODE    S=_TEXT    G=(none)   M=C:\PROGRAM FILES\BORLAND\CBUILDER5\LIB\CW32MT.LIB|wcscpy ACBP=A9
 0001:000086C0 00000070 C=CODE    S=_TEXT    G=(none)   M=C:\PROGRAM FILES\BORLAND\CBUILDER5\LIB\CW32MT.LIB|xxa ACBP=A9
 0001:00008730 00000A2A C=CODE    S=_TEXT    G=(none)   M=C:\PROGRAM FILES\BORLAND\CBUILDER5\LIB\CW32MT.LIB|xxtype ACBP=A9
 0001:0000915A 000000B6 C=CODE    S=_TEXT    G=(none)   M=C:\PROGRAM FILES\BORLAND\CBUILDER5\LIB\CW32MT.LIB|xxut ACBP=A9
 0001:000091FC 0000014B C=CODE    S=_TEXT    G=(none)   M=C:\PROGRAM FILES\BORLAND\CBUILDER5\LIB\CW32MT.LIB|xxv ACBP=A9
 0001:00009348 0000000A C=CODE    S=_TEXT    G=(none)   M=C:\PROGRAM FILES\BORLAND\CBUILDER5\LIB\CW32MT.LIB|defhandl ACBP=A9
 0001:00009354 00000179 C=CODE    S=_TEXT    G=(none)   M=C:\PROGRAM FILES\BORLAND\CBUILDER5\LIB\CW32MT.LIB|except ACBP=A9
 0001:000094D0 00000046 C=CODE    S=_TEXT    G=(none)   M=C:\PROGRAM FILES\BORLAND\CBUILDER5\LIB\CW32MT.LIB|setexc ACBP=A9
 0001:00009518 00000022 C=CODE    S=_TEXT    G=(none)   M=C:\PROGRAM FILES\BORLAND\CBUILDER5\LIB\CW32MT.LIB|ta ACBP=A9
 0001:0000953C 00000047 C=CODE    S=_TEXT    G=(none)   M=C:\PROGRAM FILES\BORLAND\CBUILDER5\LIB\CW32MT.LIB|__isatty ACBP=A9
 0001:00009584 00000084 C=CODE    S=_TEXT    G=(none)   M=C:\PROGRAM FILES\BORLAND\CBUILDER5\LIB\CW32MT.LIB|__lseek ACBP=A9
 0001:00009608 00000132 C=CODE    S=_TEXT    G=(none)   M=C:\PROGRAM FILES\BORLAND\CBUILDER5\LIB\CW32MT.LIB|__write ACBP=A9
 0001:0000973C 00000011 C=CODE    S=_TEXT    G=(none)   M=C:\PROGRAM FILES\BORLAND\CBUILDER5\LIB\CW32MT.LIB|_cfinfo ACBP=A9
 0001:00009750 00000042 C=CODE    S=_TEXT    G=(none)   M=C:\PROGRAM FILES\BORLAND\CBUILDER5\LIB\CW32MT.LIB|_flshall ACBP=A9
 0001:00009794 00000061 C=CODE    S=_TEXT    G=(none)   M=C:\PROGRAM FILES\BORLAND\CBUILDER5\LIB\CW32MT.LIB|_write ACBP=A9
 0001:000097F8 0000007D C=CODE    S=_TEXT    G=(none)   M=C:\PROGRAM FILES\BORLAND\CBUILDER5\LIB\CW32MT.LIB|allocbuf ACBP=A9
 0001:00009878 0000008F C=CODE    S=_TEXT    G=(none)   M=C:\PROGRAM FILES\BORLAND\CBUILDER5\LIB\CW32MT.LIB|fflush ACBP=A9
 0001:00009908 00000064 C=CODE    S=_TEXT    G=(none)   M=C:\PROGRAM FILES\BORLAND\CBUILDER5\LIB\CW32MT.LIB|flushout ACBP=A9
 0001:0000996C 00000023 C=CODE    S=_TEXT    G=(none)   M=C:\PROGRAM FILES\BORLAND\CBUILDER5\LIB\CW32MT.LIB|fmodeptr ACBP=A9
 0001:00009990 000003EB C=CODE    S=_TEXT    G=(none)   M=C:\PROGRAM FILES\BORLAND\CBUILDER5\LIB\CW32MT.LIB|handles ACBP=A9
 0001:00009D7C 0000008A C=CODE    S=_TEXT    G=(none)   M=C:\PROGRAM FILES\BORLAND\CBUILDER5\LIB\CW32MT.LIB|ioerror ACBP=A9
 0001:00009E06 00000083 C=CODE    S=_TEXT    G=(none)   M=C:\PROGRAM FILES\BORLAND\CBUILDER5\LIB\CW32MT.LIB|perror ACBP=A9
 0001:00009E08 00000270 C=CODE    S=_TEXT    G=(none)   M=C:\PROGRAM FILES\BORLAND\CBUILDER5\LIB\CW32MT.LIB|streams ACBP=A9
 0001:0000A078 00000031 C=CODE    S=_TEXT    G=(none)   M=C:\PROGRAM FILES\BORLAND\CBUILDER5\LIB\CW32MT.LIB|xfflush ACBP=A9
 0001:0000A0AC 00000051 C=CODE    S=_TEXT    G=(none)   M=C:\PROGRAM FILES\BORLAND\CBUILDER5\LIB\CW32MT.LIB|getinfo ACBP=A9
 0001:0000A100 00000102 C=CODE    S=_TEXT    G=(none)   M=C:\PROGRAM FILES\BORLAND\CBUILDER5\LIB\CW32MT.LIB|is ACBP=A9
 0001:0000A204 00000103 C=CODE    S=_TEXT    G=(none)   M=C:\PROGRAM FILES\BORLAND\CBUILDER5\LIB\CW32MT.LIB|wis ACBP=A9
 0001:0000A308 00000043 C=CODE    S=_TEXT    G=(none)   M=C:\PROGRAM FILES\BORLAND\CBUILDER5\LIB\CW32MT.LIB|isctype ACBP=A9
 0001:0000A34C 00000055 C=CODE    S=_TEXT    G=(none)   M=C:\PROGRAM FILES\BORLAND\CBUILDER5\LIB\CW32MT.LIB|iswctype ACBP=A9
 0001:0000A3A4 00000024 C=CODE    S=_TEXT    G=(none)   M=C:\PROGRAM FILES\BORLAND\CBUILDER5\LIB\CW32MT.LIB|lstrupr ACBP=A9
 0001:0000A3C8 00000054 C=CODE    S=_TEXT    G=(none)   M=C:\PROGRAM FILES\BORLAND\CBUILDER5\LIB\CW32MT.LIB|ltoupper ACBP=A9
 0001:0000A41C 00000200 C=CODE    S=_TEXT    G=(none)   M=C:\PROGRAM FILES\BORLAND\CBUILDER5\LIB\CW32MT.LIB|_ll ACBP=A9
 0001:0000A61C 00000188 C=CODE    S=_TEXT    G=(none)   M=C:\PROGRAM FILES\BORLAND\CBUILDER5\LIB\CW32MT.LIB|_pow10 ACBP=A9
 0001:0000A7A4 00000013 C=CODE    S=_TEXT    G=(none)   M=C:\PROGRAM FILES\BORLAND\CBUILDER5\LIB\CW32MT.LIB|clear87 ACBP=A9
 0001:0000A7B8 0000002F C=CODE    S=_TEXT    G=(none)   M=C:\PROGRAM FILES\BORLAND\CBUILDER5\LIB\CW32MT.LIB|ctrl87 ACBP=A9
 0001:0000A7E8 00000018 C=CODE    S=_TEXT    G=(none)   M=C:\PROGRAM FILES\BORLAND\CBUILDER5\LIB\CW32MT.LIB|cvtfak ACBP=A9
 0001:0000A800 00000018 C=CODE    S=_TEXT    G=(none)   M=C:\PROGRAM FILES\BORLAND\CBUILDER5\LIB\CW32MT.LIB|cvtfakw ACBP=A9
 0001:0000A818 00000016 C=CODE    S=_TEXT    G=(none)   M=C:\PROGRAM FILES\BORLAND\CBUILDER5\LIB\CW32MT.LIB|fpreset ACBP=A9
 0001:0000A830 0000002D C=CODE    S=_TEXT    G=(none)   M=C:\PROGRAM FILES\BORLAND\CBUILDER5\LIB\CW32MT.LIB|fuildq ACBP=A9
 0001:0000A860 00000021 C=CODE    S=_TEXT    G=(none)   M=C:\PROGRAM FILES\BORLAND\CBUILDER5\LIB\CW32MT.LIB|fuistq ACBP=A9
 0001:0000A884 00000011 C=CODE    S=_TEXT    G=(none)   M=C:\PROGRAM FILES\BORLAND\CBUILDER5\LIB\CW32MT.LIB|fxam ACBP=A9
 0001:0000A898 00000118 C=CODE    S=_TEXT    G=(none)   M=C:\PROGRAM FILES\BORLAND\CBUILDER5\LIB\CW32MT.LIB|ldtrunc ACBP=A9
 0001:0000A9B0 0000008F C=CODE    S=_TEXT    G=(none)   M=C:\PROGRAM FILES\BORLAND\CBUILDER5\LIB\CW32MT.LIB|longtoa ACBP=A9
 0001:0000AA40 00000025 C=CODE    S=_TEXT    G=(none)   M=C:\PROGRAM FILES\BORLAND\CBUILDER5\LIB\CW32MT.LIB|qdiv10 ACBP=A9
 0001:0000AA68 0000002E C=CODE    S=_TEXT    G=(none)   M=C:\PROGRAM FILES\BORLAND\CBUILDER5\LIB\CW32MT.LIB|qmul10 ACBP=A9
 0001:0000AA98 000002F9 C=CODE    S=_TEXT    G=(none)   M=C:\PROGRAM FILES\BORLAND\CBUILDER5\LIB\CW32MT.LIB|realcvt ACBP=A9
 0001:0000AD94 00000331 C=CODE    S=_TEXT    G=(none)   M=C:\PROGRAM FILES\BORLAND\CBUILDER5\LIB\CW32MT.LIB|realcvtw ACBP=A9
 0001:0000B0C8 000004E1 C=CODE    S=_TEXT    G=(none)   M=C:\PROGRAM FILES\BORLAND\CBUILDER5\LIB\CW32MT.LIB|scantod ACBP=A9
 0001:0000B5AC 000004DD C=CODE    S=_TEXT    G=(none)   M=C:\PROGRAM FILES\BORLAND\CBUILDER5\LIB\CW32MT.LIB|scanwtod ACBP=A9
 0001:0000BA8C 000002D2 C=CODE    S=_TEXT    G=(none)   M=C:\PROGRAM FILES\BORLAND\CBUILDER5\LIB\CW32MT.LIB|xcvt ACBP=A9
 0001:0000BD60 000002F1 C=CODE    S=_TEXT    G=(none)   M=C:\PROGRAM FILES\BORLAND\CBUILDER5\LIB\CW32MT.LIB|xcvtw ACBP=A9
 0001:0000C054 00000139 C=CODE    S=_TEXT    G=(none)   M=C:\PROGRAM FILES\BORLAND\CBUILDER5\LIB\CW32MT.LIB|mbctype ACBP=A9
 0001:0000C190 0000001A C=CODE    S=_TEXT    G=(none)   M=C:\PROGRAM FILES\BORLAND\CBUILDER5\LIB\CW32MT.LIB|mbisspc ACBP=A9
 0001:0000C1AC 00000056 C=CODE    S=_TEXT    G=(none)   M=C:\PROGRAM FILES\BORLAND\CBUILDER5\LIB\CW32MT.LIB|mbsrchr ACBP=A9
 0001:0000C204 000000A6 C=CODE    S=_TEXT    G=(none)   M=C:\PROGRAM FILES\BORLAND\CBUILDER5\LIB\CW32MT.LIB|assert ACBP=A9
 0001:0000C2AC 000000B8 C=CODE    S=_TEXT    G=(none)   M=C:\PROGRAM FILES\BORLAND\CBUILDER5\LIB\CW32MT.LIB|ermsghlp ACBP=A9
 0001:0000C364 0000001E C=CODE    S=_TEXT    G=(none)   M=C:\PROGRAM FILES\BORLAND\CBUILDER5\LIB\CW32MT.LIB|errno ACBP=A9
 0001:0000C384 0000019B C=CODE    S=_TEXT    G=(none)   M=C:\PROGRAM FILES\BORLAND\CBUILDER5\LIB\CW32MT.LIB|errormsg ACBP=A9
 0001:0000C520 00000089 C=CODE    S=_TEXT    G=(none)   M=C:\PROGRAM FILES\BORLAND\CBUILDER5\LIB\CW32MT.LIB|platform ACBP=A9
 0001:0000C5AC 00000022 C=CODE    S=_TEXT    G=(none)   M=C:\PROGRAM FILES\BORLAND\CBUILDER5\LIB\CW32MT.LIB|abort ACBP=A9
 0001:0000C5D0 000000BF C=CODE    S=_TEXT    G=(none)   M=C:\PROGRAM FILES\BORLAND\CBUILDER5\LIB\CW32MT.LIB|exit ACBP=A9
 0001:0000C690 00000011 C=CODE    S=_TEXT    G=(none)   M=C:\PROGRAM FILES\BORLAND\CBUILDER5\LIB\CW32MT.LIB|exparg ACBP=A9
 0001:0000C6A4 00000011 C=CODE    S=_TEXT    G=(none)   M=C:\PROGRAM FILES\BORLAND\CBUILDER5\LIB\CW32MT.LIB|wexparg ACBP=A9
 0001:0000C6B8 000001E5 C=CODE    S=_TEXT    G=(none)   M=C:\PROGRAM FILES\BORLAND\CBUILDER5\LIB\CW32MT.LIB|hsargv ACBP=A9
 0001:0000C8A0 00000227 C=CODE    S=_TEXT    G=(none)   M=C:\PROGRAM FILES\BORLAND\CBUILDER5\LIB\CW32MT.LIB|whsargv ACBP=A9
 0001:0000CAC8 00000388 C=CODE    S=_TEXT    G=(none)   M=C:\PROGRAM FILES\BORLAND\CBUILDER5\LIB\CW32MT.LIB|signal ACBP=A9
 0001:0000CE50 0000018B C=CODE    S=_TEXT    G=(none)   M=C:\PROGRAM FILES\BORLAND\CBUILDER5\LIB\CW32MT.LIB|initexit ACBP=A9
 0001:0000CFDC 000000FE C=CODE    S=_TEXT    G=(none)   M=C:\PROGRAM FILES\BORLAND\CBUILDER5\LIB\CW32MT.LIB|startupd ACBP=A9
 0001:0000D0DC 000000F6 C=CODE    S=_TEXT    G=(none)   M=C:\PROGRAM FILES\BORLAND\CBUILDER5\LIB\CW32MT.LIB|dllx ACBP=A9
 0001:0000D1D4 00000005 C=CODE    S=_TEXT    G=(none)   M=C:\PROGRAM FILES\BORLAND\CBUILDER5\LIB\CW32MT.LIB|dllstub ACBP=A9
 0001:0000D1DC 00000067 C=CODE    S=_TEXT    G=(none)   M=C:\PROGRAM FILES\BORLAND\CBUILDER5\LIB\CW32MT.LIB|tls ACBP=A9
 0001:0000D244 0000004F C=CODE    S=_TEXT    G=(none)   M=C:\PROGRAM FILES\BORLAND\CBUILDER5\LIB\CW32MT.LIB|tlsstat ACBP=A9
 0001:0000D294 000001C7 C=CODE    S=_TEXT    G=(none)   M=C:\PROGRAM FILES\BORLAND\CBUILDER5\LIB\CW32MT.LIB|thrddata ACBP=A9
 0001:0000D45C 000000D5 C=CODE    S=_TEXT    G=(none)   M=C:\PROGRAM FILES\BORLAND\CBUILDER5\LIB\CW32MT.LIB|_lock ACBP=A9
 0001:0000D534 00001BA2 C=CODE    S=_TEXT    G=(none)   M=C:\PROGRAM FILES\BORLAND\CBUILDER5\LIB\CW32MT.LIB|xx ACBP=A9
 0001:0000F0D6 000006B8 C=CODE    S=_TEXT    G=(none)   M=D:\STASIEK\MY PROJECTS\OBSOLETE\PROGS\KOPEREK.VCL\LIB\DLLKOP32\TSOFT_BINTREE.OBJ ACBP=A9
 0002:000000B0 00000104 C=DATA    S=_DATA    G=DGROUP   M=C:\PROGRAM FILES\BORLAND\CBUILDER5\LIB\C0D32.OBJ ACBP=A9
 0002:000001B4 00000070 C=DATA    S=_DATA    G=DGROUP   M=D:\STASIEK\MY PROJECTS\OBSOLETE\PROGS\KOPEREK.VCL\LIB\DLLKOP32\DLLKOP32.OBJ ACBP=A9
 0002:00000224 0000026C C=DATA    S=_DATA    G=DGROUP   M=D:\STASIEK\MY PROJECTS\OBSOLETE\PROGS\KOPEREK.VCL\LIB\DLLKOP32\TSOFT_KOP32.OBJ ACBP=A9
 0002:00000488 0000067C C=DATA    S=_DATA    G=DGROUP   M=D:\STASIEK\MY PROJECTS\OBSOLETE\PROGS\KOPEREK.VCL\LIB\DLLKOP32\TSOFT_KODER.OBJ ACBP=A9
 0002:00000B04 00000024 C=DATA    S=_DATA    G=DGROUP   M=D:\STASIEK\MY PROJECTS\OBSOLETE\PROGS\KOPEREK.VCL\LIB\DLLKOP32\TSOFT_ARI.OBJ ACBP=A9
 0002:00000B28 00000024 C=DATA    S=_DATA    G=DGROUP   M=D:\STASIEK\MY PROJECTS\OBSOLETE\PROGS\KOPEREK.VCL\LIB\DLLKOP32\TSOFT_HUFF.OBJ ACBP=A9
 0002:00000B4C 00000024 C=DATA    S=_DATA    G=DGROUP   M=D:\STASIEK\MY PROJECTS\OBSOLETE\PROGS\KOPEREK.VCL\LIB\DLLKOP32\TSOFT_BWTMATRIX.OBJ ACBP=A9
 0002:00000B70 00000024 C=DATA    S=_DATA    G=DGROUP   M=D:\STASIEK\MY PROJECTS\OBSOLETE\PROGS\KOPEREK.VCL\LIB\DLLKOP32\TSOFT_MTF.OBJ ACBP=A9
 0002:00000B94 00000058 C=DATA    S=_DATA    G=DGROUP   M=D:\STASIEK\MY PROJECTS\OBSOLETE\PROGS\KOPEREK.VCL\LIB\DLLKOP32\TSOFT_SEEKER.OBJ ACBP=A9
 0002:00000BEC 00000024 C=DATA    S=_DATA    G=DGROUP   M=D:\STASIEK\MY PROJECTS\OBSOLETE\PROGS\KOPEREK.VCL\LIB\DLLKOP32\TSOFT_STACK.OBJ ACBP=A9
 0002:00000C10 00000004 C=DATA    S=_DATA    G=DGROUP   M=D:\STASIEK\MY PROJECTS\OBSOLETE\PROGS\KOPEREK.VCL\LIB\DLLKOP32\TSOFT_PHARSER.OBJ ACBP=A9
 0002:00000C14 00000070 C=DATA    S=_DATA    G=DGROUP   M=C:\PROGRAM FILES\BORLAND\CBUILDER5\LIB\CW32MT.LIB|new ACBP=A9
 0002:00000C84 00000088 C=DATA    S=_DATA    G=DGROUP   M=C:\PROGRAM FILES\BORLAND\CBUILDER5\LIB\CW32MT.LIB|setnew ACBP=A9
 0002:00000CF8 00000004 C=DATA    S=_DATA    G=DGROUP   M=C:\PROGRAM FILES\BORLAND\CBUILDER5\LIB\CW32MT.LIB|virtmem ACBP=A9
 0002:00000CFC 00000098 C=DATA    S=_DATA    G=DGROUP   M=C:\PROGRAM FILES\BORLAND\CBUILDER5\LIB\CW32MT.LIB|hrdir_b ACBP=A9
 0002:00000D94 00000020 C=DATA    S=_DATA    G=DGROUP   M=C:\PROGRAM FILES\BORLAND\CBUILDER5\LIB\CW32MT.LIB|hrdir_s ACBP=A9
 0002:00000DB4 00000054 C=DATA    S=_DATA    G=DGROUP   M=C:\PROGRAM FILES\BORLAND\CBUILDER5\LIB\CW32MT.LIB|heap ACBP=A9
 0002:00000E08 00000038 C=DATA    S=_DATA    G=DGROUP   M=C:\PROGRAM FILES\BORLAND\CBUILDER5\LIB\CW32MT.LIB|predecl ACBP=A9
 0002:00000E40 000000CD C=DATA    S=_DATA    G=DGROUP   M=C:\PROGRAM FILES\BORLAND\CBUILDER5\LIB\CW32MT.LIB|stdexcpt ACBP=A9
 0002:00000F0C 00000004 C=DATA    S=_DATA    G=DGROUP   M=C:\PROGRAM FILES\BORLAND\CBUILDER5\LIB\CW32MT.LIB|xx_xpf ACBP=A9
 0002:00000F10 00000340 C=DATA    S=_DATA    G=DGROUP   M=C:\PROGRAM FILES\BORLAND\CBUILDER5\LIB\CW32MT.LIB|xxtype ACBP=A9
 0002:00001250 0000003C C=DATA    S=_DATA    G=DGROUP   M=C:\PROGRAM FILES\BORLAND\CBUILDER5\LIB\CW32MT.LIB|xxut ACBP=A9
 0002:0000128C 000000E4 C=DATA    S=_DATA    G=DGROUP   M=C:\PROGRAM FILES\BORLAND\CBUILDER5\LIB\CW32MT.LIB|xxv ACBP=A9
 0002:00001370 00000014 C=DATA    S=_DATA    G=DGROUP   M=C:\PROGRAM FILES\BORLAND\CBUILDER5\LIB\CW32MT.LIB|except ACBP=A9
 0002:00001384 00000004 C=DATA    S=_DATA    G=DGROUP   M=C:\PROGRAM FILES\BORLAND\CBUILDER5\LIB\CW32MT.LIB|_cfinfo ACBP=A9
 0002:00001388 00000004 C=DATA    S=_DATA    G=DGROUP   M=C:\PROGRAM FILES\BORLAND\CBUILDER5\LIB\CW32MT.LIB|cfinfo ACBP=A9
 0002:0000138C 000004B0 C=DATA    S=_DATA    G=DGROUP   M=C:\PROGRAM FILES\BORLAND\CBUILDER5\LIB\CW32MT.LIB|files ACBP=A9
 0002:0000183C 000000CC C=DATA    S=_DATA    G=DGROUP   M=C:\PROGRAM FILES\BORLAND\CBUILDER5\LIB\CW32MT.LIB|files2 ACBP=A9
 0002:00001908 00000004 C=DATA    S=_DATA    G=DGROUP   M=C:\PROGRAM FILES\BORLAND\CBUILDER5\LIB\CW32MT.LIB|fmode ACBP=A9
 0002:0000190C 00000004 C=DATA    S=_DATA    G=DGROUP   M=C:\PROGRAM FILES\BORLAND\CBUILDER5\LIB\CW32MT.LIB|fmodeptr ACBP=A9
 0002:00001910 00000064 C=DATA    S=_DATA    G=DGROUP   M=C:\PROGRAM FILES\BORLAND\CBUILDER5\LIB\CW32MT.LIB|handles ACBP=A9
 0002:00001974 0000012B C=DATA    S=_DATA    G=DGROUP   M=C:\PROGRAM FILES\BORLAND\CBUILDER5\LIB\CW32MT.LIB|ioerror ACBP=A9
 0002:00001AA0 0000047C C=DATA    S=_DATA    G=DGROUP   M=C:\PROGRAM FILES\BORLAND\CBUILDER5\LIB\CW32MT.LIB|perror ACBP=A9
 0002:00001F1C 00000068 C=DATA    S=_DATA    G=DGROUP   M=C:\PROGRAM FILES\BORLAND\CBUILDER5\LIB\CW32MT.LIB|streams ACBP=A9
 0002:00001F84 00000202 C=DATA    S=_DATA    G=DGROUP   M=C:\PROGRAM FILES\BORLAND\CBUILDER5\LIB\CW32MT.LIB|bigctype ACBP=A9
 0002:00002188 00000100 C=DATA    S=_DATA    G=DGROUP   M=C:\PROGRAM FILES\BORLAND\CBUILDER5\LIB\CW32MT.LIB|cupper ACBP=A9
 0002:00002288 00000260 C=DATA    S=_DATA    G=DGROUP   M=C:\PROGRAM FILES\BORLAND\CBUILDER5\LIB\CW32MT.LIB|clocale ACBP=A9
 0002:000024E8 000000C0 C=DATA    S=_DATA    G=DGROUP   M=C:\PROGRAM FILES\BORLAND\CBUILDER5\LIB\CW32MT.LIB|_pow10 ACBP=A9
 0002:000025A8 00000068 C=DATA    S=_DATA    G=DGROUP   M=C:\PROGRAM FILES\BORLAND\CBUILDER5\LIB\CW32MT.LIB|cvtfak ACBP=A9
 0002:00002610 00000068 C=DATA    S=_DATA    G=DGROUP   M=C:\PROGRAM FILES\BORLAND\CBUILDER5\LIB\CW32MT.LIB|cvtfakw ACBP=A9
 0002:00002678 00000004 C=DATA    S=_DATA    G=DGROUP   M=C:\PROGRAM FILES\BORLAND\CBUILDER5\LIB\CW32MT.LIB|deflt87 ACBP=A9
 0002:0000267C 0000007C C=DATA    S=_DATA    G=DGROUP   M=C:\PROGRAM FILES\BORLAND\CBUILDER5\LIB\CW32MT.LIB|hugeval ACBP=A9
 0002:000026F8 00000008 C=DATA    S=_DATA    G=DGROUP   M=C:\PROGRAM FILES\BORLAND\CBUILDER5\LIB\CW32MT.LIB|initcvt ACBP=A9
 0002:00002700 00000014 C=DATA    S=_DATA    G=DGROUP   M=C:\PROGRAM FILES\BORLAND\CBUILDER5\LIB\CW32MT.LIB|realcvt ACBP=A9
 0002:00002714 00000028 C=DATA    S=_DATA    G=DGROUP   M=C:\PROGRAM FILES\BORLAND\CBUILDER5\LIB\CW32MT.LIB|realcvtw ACBP=A9
 0002:0000273C 00000028 C=DATA    S=_DATA    G=DGROUP   M=C:\PROGRAM FILES\BORLAND\CBUILDER5\LIB\CW32MT.LIB|scantod ACBP=A9
 0002:00002764 00000028 C=DATA    S=_DATA    G=DGROUP   M=C:\PROGRAM FILES\BORLAND\CBUILDER5\LIB\CW32MT.LIB|scanwtod ACBP=A9
 0002:0000278C 00000048 C=DATA    S=_DATA    G=DGROUP   M=C:\PROGRAM FILES\BORLAND\CBUILDER5\LIB\CW32MT.LIB|mbctype ACBP=A9
 0002:000027D4 00000024 C=DATA    S=_DATA    G=DGROUP   M=C:\PROGRAM FILES\BORLAND\CBUILDER5\LIB\CW32MT.LIB|assert ACBP=A9
 0002:000027F8 00000024 C=DATA    S=_DATA    G=DGROUP   M=C:\PROGRAM FILES\BORLAND\CBUILDER5\LIB\CW32MT.LIB|ermsghlp ACBP=A9
 0002:0000281C 00000010 C=DATA    S=_DATA    G=DGROUP   M=C:\PROGRAM FILES\BORLAND\CBUILDER5\LIB\CW32MT.LIB|errormsg ACBP=A9
 0002:0000282C 00000028 C=DATA    S=_DATA    G=DGROUP   M=C:\PROGRAM FILES\BORLAND\CBUILDER5\LIB\CW32MT.LIB|platform ACBP=A9
 0002:00002854 00000020 C=DATA    S=_DATA    G=DGROUP   M=C:\PROGRAM FILES\BORLAND\CBUILDER5\LIB\CW32MT.LIB|abort ACBP=A9
 0002:00002874 00000004 C=DATA    S=_DATA    G=DGROUP   M=C:\PROGRAM FILES\BORLAND\CBUILDER5\LIB\CW32MT.LIB|patexit ACBP=A9
 0002:00002878 0000000C C=DATA    S=_DATA    G=DGROUP   M=C:\PROGRAM FILES\BORLAND\CBUILDER5\LIB\CW32MT.LIB|exit ACBP=A9
 0002:00002884 00000004 C=DATA    S=_DATA    G=DGROUP   M=C:\PROGRAM FILES\BORLAND\CBUILDER5\LIB\CW32MT.LIB|lonedll ACBP=A9
 0002:00002888 00000028 C=DATA    S=_DATA    G=DGROUP   M=C:\PROGRAM FILES\BORLAND\CBUILDER5\LIB\CW32MT.LIB|hsargv ACBP=A9
 0002:000028B0 00000024 C=DATA    S=_DATA    G=DGROUP   M=C:\PROGRAM FILES\BORLAND\CBUILDER5\LIB\CW32MT.LIB|whsargv ACBP=A9
 0002:000028D4 00000004 C=DATA    S=_DATA    G=DGROUP   M=C:\PROGRAM FILES\BORLAND\CBUILDER5\LIB\CW32MT.LIB|wildptr ACBP=A9
 0002:000028D8 00000004 C=DATA    S=_DATA    G=DGROUP   M=C:\PROGRAM FILES\BORLAND\CBUILDER5\LIB\CW32MT.LIB|wwildptr ACBP=A9
 0002:000028DC 0000005E C=DATA    S=_DATA    G=DGROUP   M=C:\PROGRAM FILES\BORLAND\CBUILDER5\LIB\CW32MT.LIB|signal ACBP=A9
 0002:0000293C 00000004 C=DATA    S=_DATA    G=DGROUP   M=C:\PROGRAM FILES\BORLAND\CBUILDER5\LIB\CW32MT.LIB|globals ACBP=A9
 0002:00002940 0000001C C=DATA    S=_DATA    G=DGROUP   M=C:\PROGRAM FILES\BORLAND\CBUILDER5\LIB\CW32MT.LIB|initexit ACBP=A9
 0002:0000295C 00000150 C=DATA    S=_DATA    G=DGROUP   M=C:\PROGRAM FILES\BORLAND\CBUILDER5\LIB\CW32MT.LIB|dllx ACBP=A9
 0002:00002AAC 0000001C C=DATA    S=_DATA    G=DGROUP   M=C:\PROGRAM FILES\BORLAND\CBUILDER5\LIB\CW32MT.LIB|thrddata ACBP=A9
 0002:00002AC8 00000014 C=DATA    S=_DATA    G=DGROUP   M=C:\PROGRAM FILES\BORLAND\CBUILDER5\LIB\CW32MT.LIB|_lock ACBP=A9
 0002:00002ADC 0000088C C=DATA    S=_DATA    G=DGROUP   M=C:\PROGRAM FILES\BORLAND\CBUILDER5\LIB\CW32MT.LIB|xx ACBP=A9
 0002:00003368 00000024 C=DATA    S=_DATA    G=DGROUP   M=D:\STASIEK\MY PROJECTS\OBSOLETE\PROGS\KOPEREK.VCL\LIB\DLLKOP32\TSOFT_BINTREE.OBJ ACBP=A9
 0003:00000000 00000004 C=BSS     S=_BSS     G=DGROUP   M=D:\STASIEK\MY PROJECTS\OBSOLETE\PROGS\KOPEREK.VCL\LIB\DLLKOP32\DLLKOP32.OBJ ACBP=A9
 0003:00000004 00000100 C=BSS     S=_BSS     G=DGROUP   M=D:\STASIEK\MY PROJECTS\OBSOLETE\PROGS\KOPEREK.VCL\LIB\DLLKOP32\TSOFT_KOP32.OBJ ACBP=A9
 0003:00000104 00000008 C=BSS     S=_BSS     G=DGROUP   M=C:\PROGRAM FILES\BORLAND\CBUILDER5\LIB\CW32MT.LIB|setnew ACBP=A9
 0003:0000010C 00000018 C=BSS     S=_BSS     G=DGROUP   M=C:\PROGRAM FILES\BORLAND\CBUILDER5\LIB\CW32MT.LIB|hrdir_b ACBP=A9
 0003:00000124 00000004 C=BSS     S=_BSS     G=DGROUP   M=C:\PROGRAM FILES\BORLAND\CBUILDER5\LIB\CW32MT.LIB|heap ACBP=A9
 0003:00000128 0000002C C=BSS     S=_BSS     G=DGROUP   M=C:\PROGRAM FILES\BORLAND\CBUILDER5\LIB\CW32MT.LIB|predecl ACBP=A9
 0003:00000154 0000001C C=BSS     S=_BSS     G=DGROUP   M=C:\PROGRAM FILES\BORLAND\CBUILDER5\LIB\CW32MT.LIB|stdexcpt ACBP=A9
 0003:00000170 00000410 C=BSS     S=_BSS     G=DGROUP   M=C:\PROGRAM FILES\BORLAND\CBUILDER5\LIB\CW32MT.LIB|xxtype ACBP=A9
 0003:00000580 00000008 C=BSS     S=_BSS     G=DGROUP   M=C:\PROGRAM FILES\BORLAND\CBUILDER5\LIB\CW32MT.LIB|xxv ACBP=A9
 0003:00000588 00000008 C=BSS     S=_BSS     G=DGROUP   M=C:\PROGRAM FILES\BORLAND\CBUILDER5\LIB\CW32MT.LIB|except ACBP=A9
 0003:00000590 00000190 C=BSS     S=_BSS     G=DGROUP   M=C:\PROGRAM FILES\BORLAND\CBUILDER5\LIB\CW32MT.LIB|files2 ACBP=A9
 0003:00000720 00000008 C=BSS     S=_BSS     G=DGROUP   M=C:\PROGRAM FILES\BORLAND\CBUILDER5\LIB\CW32MT.LIB|handles ACBP=A9
 0003:00000728 00000008 C=BSS     S=_BSS     G=DGROUP   M=C:\PROGRAM FILES\BORLAND\CBUILDER5\LIB\CW32MT.LIB|streams ACBP=A9
 0003:00000730 00000108 C=BSS     S=_BSS     G=DGROUP   M=C:\PROGRAM FILES\BORLAND\CBUILDER5\LIB\CW32MT.LIB|mbctype ACBP=A9
 0003:00000838 00000100 C=BSS     S=_BSS     G=DGROUP   M=C:\PROGRAM FILES\BORLAND\CBUILDER5\LIB\CW32MT.LIB|assert ACBP=A9
 0003:00000938 00000019 C=BSS     S=_BSS     G=DGROUP   M=C:\PROGRAM FILES\BORLAND\CBUILDER5\LIB\CW32MT.LIB|ermsghlp ACBP=A9
 0003:00000954 00000004 C=BSS     S=_BSS     G=DGROUP   M=C:\PROGRAM FILES\BORLAND\CBUILDER5\LIB\CW32MT.LIB|platform ACBP=A9
 0003:00000958 00000004 C=BSS     S=_BSS     G=DGROUP   M=C:\PROGRAM FILES\BORLAND\CBUILDER5\LIB\CW32MT.LIB|hsargv ACBP=A9
 0003:0000095C 00000004 C=BSS     S=_BSS     G=DGROUP   M=C:\PROGRAM FILES\BORLAND\CBUILDER5\LIB\CW32MT.LIB|whsargv ACBP=A9
 0003:00000960 00000004 C=BSS     S=_BSS     G=DGROUP   M=C:\PROGRAM FILES\BORLAND\CBUILDER5\LIB\CW32MT.LIB|rawdll ACBP=A9
 0003:00000964 00000044 C=BSS     S=_BSS     G=DGROUP   M=C:\PROGRAM FILES\BORLAND\CBUILDER5\LIB\CW32MT.LIB|globals ACBP=A9
 0003:000009A8 00000004 C=BSS     S=_BSS     G=DGROUP   M=C:\PROGRAM FILES\BORLAND\CBUILDER5\LIB\CW32MT.LIB|startupd ACBP=A9
 0003:000009AC 00000004 C=BSS     S=_BSS     G=DGROUP   M=C:\PROGRAM FILES\BORLAND\CBUILDER5\LIB\CW32MT.LIB|dllx ACBP=A9
 0003:000009B0 00000008 C=BSS     S=_BSS     G=DGROUP   M=C:\PROGRAM FILES\BORLAND\CBUILDER5\LIB\CW32MT.LIB|thrddata ACBP=A9
 0003:000009B8 00003004 C=BSS     S=_BSS     G=DGROUP   M=C:\PROGRAM FILES\BORLAND\CBUILDER5\LIB\CW32MT.LIB|_lock ACBP=A9
 0003:000039BC 00000010 C=BSS     S=_BSS     G=DGROUP   M=C:\PROGRAM FILES\BORLAND\CBUILDER5\LIB\CW32MT.LIB|xx ACBP=A9
 0004:00000000 0000009C C=TLS     S=_TLS     G=DGROUP   M=C:\PROGRAM FILES\BORLAND\CBUILDER5\LIB\CW32MT.LIB|xxv ACBP=A9
 0004:0000009C 00000008 C=TLS     S=_TLS     G=DGROUP   M=C:\PROGRAM FILES\BORLAND\CBUILDER5\LIB\CW32MT.LIB|tls ACBP=A9

  Address         Publics by Name

 0001:00004464      Calc_CRC32
 0001:00004A78      Compress_ARI
 0001:00004E4C      Compress_BWT
 0001:000048E8      Compress_HUF
 0001:0000446C      Compress_LZS
 0001:00004C58      Cript_MTF
 0001:00004E04      Cript_SXQ
 0001:00004DE0      Cript_XOR
 0001:00000238      DllEntryPoint
 0001:00006DD0      Pharser
 0001:00000202      Sysinit::__linkproc__ __fastcall GetTls()
 0001:00004B94      UnCompress_ARI
 0001:00004F7C      UnCompress_BWT
 0001:000049C4      UnCompress_HUF
 0001:000047C0      UnCompress_LZS
 0001:00004D40      UnCript_MTF
 0001:00004E34      UnCript_SXQ
 0001:00004DE8      UnCript_XOR
 0002:00002398      _CLOCALE
 0002:00002288      _CMonetary
 0002:000022BC      _CNumeric
 0002:000022D4      _CTimeDate
 0001:0000DD60      _CatchCleanup()
 0001:0000915C      _InitTermAndUnexPtrs()
 0003:00000000      _Kop
 0001:000082C0      _RWSTDMutex::~_RWSTDMutex()
 0001:0000DBB9      _ReThrowException(unsigned int, unsigned char *)
 0001:0000DB84      _ThrowExceptionLDTC(void *, void *, void *, void *, unsigned int, unsigned int, unsigned int, unsigned char *, void *)
 0003:00000964      __C0argc
 0003:00000968      __C0argv
 0003:0000096C      __C0environ
 0001:0000D170      __CRTL_DLLEntryPointWrapper
 0001:0000F082      __CurrExcContext
 0003:00000580      __DestructorCountPtr
 0001:0000C508      __ErrorExit
 0001:0000C3DC      __ErrorMessage
 0001:0000C2FC      __ErrorMessageHelper
 0003:00000984      __ExcRegPtr
 0001:000092D4      __ExceptInit
 0002:00001328      __ExceptVarsSize
 0001:00008707      __ExceptionHandler
 0001:000086F9      __ExitExceptBlock
 0001:00000117      __GetExceptDLLinfo
 0001:00009320      __GetExceptDLLinfoInternal
 0001:00008E9C      __GetTypeInfo(void *, void *, void *)
 0001:0000DC24      __Global_unwind
 0003:00000588      __HandlerPtr
 0001:000094BC      __InitDefaultHander
 0001:000086C0      __InitExceptBlockLDTC
 0001:0000E290      __Local_unwind
 0002:000001AC      __PackageInfoTable
 0001:0000E2A3      __Return_unwind
 0001:000094D0      __SetExceptionHandler
 0001:00009470      __SetUserHandler
 0002:0000012F      __TLS_index
 0002:00000133      __TLS_index4
 0001:000094E5      __UnsetExceptionHandler
 0001:00009511      __UnwindException
 0003:0000058C      __UserHandlerPtr
 0002:000001A8      ___CPPdebugHook
 0002:000001A8      ___CPPdebugHook_segment
 0002:0000128C      ___CPPexceptionList
 0001:0000D1D4      ___CRTL_DLL_Lock
 0001:0000D1D8      ___CRTL_DLL_Unlock
 0001:000073B0      ___CRTL_MEM_CheckBorMem
 0001:00007334      ___CRTL_MEM_GetBorMemPtrs
 0001:000073D4      ___CRTL_MEM_Revector
 0001:0000748C      ___CRTL_MEM_UseBorMM
 0001:0000D244      ___CRTL_TLS_Alloc
 0001:0000D288      ___CRTL_TLS_ExitThread
 0001:0000D24C      ___CRTL_TLS_Free
 0001:0000D290      ___CRTL_TLS_GetInfo
 0001:0000D25C      ___CRTL_TLS_GetValue
 0001:0000D280      ___CRTL_TLS_InitThread
 0001:0000D26C      ___CRTL_TLS_SetValue
 0001:0000818C      ___CRTL_VCLLIB_Linkage
 0001:00008188      ___CRTL_VCL_Exit
 0001:00008184      ___CRTL_VCL_Init
 0001:00009DD4      ___DOSerror
 0001:00009348      ___DefHandler
 0001:0000C4F8      ___ErrorMessage
 0002:000012A8      ___ExceptStaticXbuff
 0001:0000D1E8      ___GetStkIndex
 0001:0000D1DC      ___GetTlsIndex
 0001:00009D88      ___IOerror
 0001:0000D55F      ___JumpToCatch__
 0001:00009DF4      ___NTerror
 0001:00000202      ___System__GetTls
 0001:0000E304      ____ExceptionHandler
 0002:00000DF0      ___allocated
 0003:00000108      ___bad_alloc
 0001:00009228      ___call_terminate
 0001:0000929C      ___call_unexpected
 0002:00002ADC      ___debuggerDisableTerminateCallback
 0001:0000951E      ___doGlobalUnwind
 0001:00009D7C      ___doserrno
 0001:0000C364      ___errno
 0002:00001290      ___exceptFlags
 0002:000012A4      ___exceptMemAllocVars
 0002:000012A0      ___exceptStaticBuffP
 0003:00000990      ___exit_lock
 0002:000026C0      ___ieee_64_n_inf
 0002:000026D0      ___ieee_64_n_nanq
 0002:000026E0      ___ieee_64_n_nans
 0002:000026F0      ___ieee_64_n_zero
 0002:000026B8      ___ieee_64_p_inf
 0002:000026C8      ___ieee_64_p_nanq
 0002:000026D8      ___ieee_64_p_nans
 0002:000026E8      ___ieee_64_p_zero
 0002:0000012D      ___isDLL
 0002:000000F4      ___isGUI
 0002:0000012C      ___isVCLPackage
 0001:0000953C      ___isatty
 0001:0000956C      ___isatty_osfhandle
 0001:0000A308      ___isctype
 0001:0000A34C      ___iswctype
 0001:0000A898      ___ldtrunc
 0002:000023C4      ___locale
 0001:0000A9B0      ___longtoa
 0001:00009584      ___lseek
 0001:00007EC0      ___org__expand
 0001:00008168      ___org__msize
 0001:00009794      ___org__rtl_write
 0001:000097DC      ___org__write
 0001:00006F44      ___org_delete
 0001:00006F54      ___org_deletea
 0001:00009878      ___org_fflush
 0001:000073C4      ___org_free
 0001:000073B4      ___org_malloc
 0001:000085FC      ___org_memcmp
 0001:000083E0      ___org_memcpy
 0001:00008404      ___org_memmove
 0001:00008450      ___org_memset
 0001:00006F78      ___org_new
 0001:0000711C      ___org_newa
 0001:0000CDBC      ___org_raise
 0001:000084F4      ___org_strcat
 0001:00008530      ___org_strlen
 0001:0000858C      ___org_strncat
 0003:000039C0      ___pCPPdebugHook
 0002:00002874      ___pCallAtExitProcs
 0001:0000D7C9      ___raiseDebuggerException
 0002:00001250      ___terminatePTR
 0002:0000129C      ___throwExceptionName
 0002:00001294      ___throwFileName
 0002:00001298      ___throwLineNumber
 0002:00001254      ___unexpectdPTR
 0002:0000012E      ___useDynamicTLS
 0001:0000AA24      ___utoa
 0001:00009608      ___write
 0001:0000BA8C      ___xcvt
 0001:0000BD60      ___xcvtw
 0004:00000000      ___xxInfo
 0002:00000F0C      ___xxPersonality
 0001:0000C5AC      __abort
 0001:00000000      __acrtused
 0001:00009014      __adjustClassAdr(void *, tpid *, tpid *)
 0001:000097F8      __allocbuf
 0003:00000978      __argc
 0001:0000C690      __argv_default_expand
 0002:000028D4      __argv_expand_ptr
 0001:0000C24C      __assert
 0003:0000010C      __bormm_pfn_FreeMem
 0003:00000110      __bormm_pfn_GetMem
 0003:00000118      __bormm_pfn_HeapAddRef
 0003:0000011C      __bormm_pfn_HeapRelease
 0003:00000114      __bormm_pfn_ReallocMem
 0001:0000C680      __c_exit
 0001:0000C670      __cexit
 0002:00001384      __cfinfo_get
 0002:00001F84      __chartype
 0002:0000133C      __chtbl__ __call_terminate()
 0002:00001258      __chtbl__ std::terminate()
 0001:0000CF3C      __cleanup
 0001:000099A0      __cleanup_handle_locks
 0001:0000A000      __cleanup_stream_locks
 0001:0000A7A4      __clear87
 0002:00002888      __cmdline_escapes
 0001:0000A7B8      __control87
 0001:0000D45C      __create_lock
 0001:0000CE60      __create_shmem
 0001:0000AD7C      __cvt_init
 0001:0000B0B0      __cvt_initw
 0002:00002678      __default87
 0003:0000097C      __dll_table
 0002:00001974      __dosErrorToSV
 0001:00009AF0      __dup_handle
 0002:0000135C      __ectbl__ __call_terminate()
 0002:000009E4      __ectbl__ __stdcall Compress_ARI(void *, void *, unsigned long, unsigned short)
 0002:00000AE4      __ectbl__ __stdcall Compress_BWT(void *, void *, unsigned long, unsigned short)
 0002:00000964      __ectbl__ __stdcall Compress_HUF(void *, void *, unsigned long, unsigned short)
 0002:000008D8      __ectbl__ __stdcall Compress_LZS(void *, void *, unsigned long, unsigned long)
 0002:00000A64      __ectbl__ __stdcall Cript_MTF(void *, unsigned long)
 0002:000001D4      __ectbl__ __stdcall DllEntryPoint(void *, unsigned long, void *)
 0002:0000042C      __ectbl__ __stdcall TSoft::Kop32::Execute(const char *, const char *)
 0002:000003F8      __ectbl__ __stdcall TSoft::Kop32::Kop32()
 0002:00000BCC      __ectbl__ __stdcall TSoft::Kop32::SeekSrc(char *)
 0002:0000021C      __ectbl__ __stdcall TSoft::Kop32::__list::__destination::~__destination()
 0002:0000020C      __ectbl__ __stdcall TSoft::Kop32::__list::~__list()
 0002:00000214      __ectbl__ __stdcall TSoft::Kop32::__options::~__options()
 0002:00000474      __ectbl__ __stdcall TSoft::Kop32::~Kop32()
 0002:00000B14      __ectbl__ __stdcall TSoft_Ari::TSoft_Ari()
 0002:00000B5C      __ectbl__ __stdcall TSoft_BWTMatrix::TSoft_BWTMatrix(unsigned long)
 0002:00003378      __ectbl__ __stdcall TSoft_BinTree::TSoft_BinTree(unsigned long, unsigned long)
 0002:00000B38      __ectbl__ __stdcall TSoft_Huff::TSoft_Huff()
 0002:00000B80      __ectbl__ __stdcall TSoft_Mtf::TSoft_Mtf()
 0002:00000A24      __ectbl__ __stdcall UnCompress_ARI(void *, unsigned long, void *)
 0002:000009A4      __ectbl__ __stdcall UnCompress_HUF(void *, unsigned long, void *)
 0002:00000924      __ectbl__ __stdcall UnCompress_LZS(void *, unsigned long, void *)
 0002:00000AA4      __ectbl__ __stdcall UnCript_MTF(void *, unsigned long)
 0002:00000BFC      __ectbl__ __stdcall __stack::__stack()
 0002:00000EF8      __ectbl__ std::bad_alloc::~bad_alloc()
 0002:00001278      __ectbl__ std::terminate()
 0003:0000099C      __exe_table
 0001:0000C658      __exit
 0001:000094A8      __exit_except
 0001:00009ED8      __exit_streams
 0002:00002878      __exitbuf
 0002:0000287C      __exitfopen
 0002:00002880      __exitopen
 0001:00007EC0      __expand
 0002:00001388      __fileinfo
 0002:00000DD0      __firstHeap
 0002:000026FC      __floatconvert
 0001:00009750      __flushall
 0001:00009908      __flushout
 0002:00001908      __fmode
 0002:0000190C      __fmodeptr
 0001:0000A818      __fpreset
 0002:00000DDC      __freeStart
 0001:00009B58      __free_handle
 0001:0000747C      __free_heaps
 0001:0000A830      __fuildq
 0001:0000A860      __fuistq
 0001:0000A884      __fxam
 0001:00000124      __getHInstance
 0001:0000A0AC      __getLocaleNumericInfo
 0001:00009AB0      __get_handle
 0001:0000C178      __getmbcp
 0002:00000137      __hInstance
 0001:0000C810      __handle_exitargv
 0001:0000C6B8      __handle_setargv
 0001:0000CA34      __handle_wexitargv
 0001:0000C8A0      __handle_wsetargv
 0003:00000658      __handles
 0003:00000124      __heap_lock
 0002:00000D98      __heap_redirector
 0002:00002680      __huge_dble
 0002:0000267C      __huge_flt
 0002:00002688      __huge_ldble
 0002:000026A8      __indefinite
 0001:0000C180      __initMBCSTable
 0001:00009490      __init_except
 0001:0000CE68      __init_exit_proc
 0001:00009C10      __init_handles
 0001:00007490      __init_lock
 0001:00009E08      __init_streams
 0001:0000D1F4      __init_tls
 0001:0000997C      __initfileinfo
 0001:0000996C      __initfmode
 0001:00007AA8      __internal_free
 0001:00007E60      __internal_free_heaps
 0001:00007C24      __internal_malloc
 0001:000080C8      __internal_realloc
 0001:00008CF8      __isCompatTypeID(tpid *, tpid *, int, tpid * *)
 0001:0000011C      __isDLL
 0001:00008C1C      __isSameTypeID(tpid *, tpid *)
 0002:0000293C      __isWindows
 0001:0000C190      __ismbcspace
 0002:0000278C      __kalpha
 0002:0000278E      __kpunct
 0002:00000DD4      __lastHeap
 0002:00000DD8      __linktable
 0001:0000A43F      __lldiv
 0001:0000A500      __llmod
 0001:0000A41C      __llmul
 0001:0000A5C8      __llshl
 0001:0000A5E4      __llshr
 0001:0000A4B7      __lludiv
 0001:0000A57A      __llumod
 0001:0000A600      __llushr
 0001:00009990      __lock_all_handles
 0001:00009F3C      __lock_all_streams
 0001:0000D4E0      __lock_error
 0001:0000CFA8      __lock_exit
 0001:000099D4      __lock_handle
 0001:000074A4      __lock_heap
 0001:0000D4C0      __lock_nt
 0001:00009F5C      __lock_stream
 0001:0000A3A4      __lstrupr
 0001:0000A3C8      __ltoupper
 0002:00002696      __max_dble
 0002:00002692      __max_flt
 0002:0000269E      __max_ldble
 0003:00000834      __mbcsCodePage
 0003:00000730      __mbctype
 0001:0000C1AC      __mbsrchr
 0002:00002820      __messagefile
 0002:0000281C      __messagefunc
 0001:00008168      __msize
 0002:00002884      __multidll
 0003:00000104      __new_handler
 0002:000025AC      __nextrealptr
 0002:00002614      __nextrealwptr
 0002:0000183C      __nfile
 0002:00000DC0      __nv_heap_size
 0002:000009C4      __odtbl__ __stdcall Compress_ARI(void *, void *, unsigned long, unsigned short)
 0002:00000AC4      __odtbl__ __stdcall Compress_BWT(void *, void *, unsigned long, unsigned short)
 0002:00000944      __odtbl__ __stdcall Compress_HUF(void *, void *, unsigned long, unsigned short)
 0002:0000089C      __odtbl__ __stdcall Compress_LZS(void *, void *, unsigned long, unsigned long)
 0002:00000A44      __odtbl__ __stdcall Cript_MTF(void *, unsigned long)
 0002:000001B4      __odtbl__ __stdcall DllEntryPoint(void *, unsigned long, void *)
 0002:0000040C      __odtbl__ __stdcall TSoft::Kop32::Execute(const char *, const char *)
 0002:000003E8      __odtbl__ __stdcall TSoft::Kop32::Kop32()
 0002:00000BBC      __odtbl__ __stdcall TSoft::Kop32::SeekSrc(char *)
 0002:00000464      __odtbl__ __stdcall TSoft::Kop32::~Kop32()
 0002:00000B04      __odtbl__ __stdcall TSoft_Ari::TSoft_Ari()
 0002:00000B4C      __odtbl__ __stdcall TSoft_BWTMatrix::TSoft_BWTMatrix(unsigned long)
 0002:00003368      __odtbl__ __stdcall TSoft_BinTree::TSoft_BinTree(unsigned long, unsigned long)
 0002:00000B28      __odtbl__ __stdcall TSoft_Huff::TSoft_Huff()
 0002:00000B70      __odtbl__ __stdcall TSoft_Mtf::TSoft_Mtf()
 0002:00000A04      __odtbl__ __stdcall UnCompress_ARI(void *, unsigned long, void *)
 0002:00000984      __odtbl__ __stdcall UnCompress_HUF(void *, unsigned long, void *)
 0002:00000904      __odtbl__ __stdcall UnCompress_LZS(void *, unsigned long, void *)
 0002:00000A84      __odtbl__ __stdcall UnCript_MTF(void *, unsigned long)
 0002:00000BEC      __odtbl__ __stdcall __stack::__stack()
 0002:00000EE8      __odtbl__ std::bad_alloc::~bad_alloc()
 0002:00001840      __openfd
 0003:00000970      __oscmd
 0003:00000974      __osenv
 0003:00000954      __ostype
 0003:00000960      __pRawDllMain
 0001:00007E48      __phys_avail
 0003:00000590      __pidtab
 0001:0000A61C      __pow10
 0001:0000AA40      __qdiv10
 0001:0000AA68      __qmul10
 0002:000025A8      __realcvtptr
 0002:00002610      __realcvtwptr
 0002:00000DE8      __rover
 0001:00009794      __rtl_write
 0003:00000154      __rwstd::__rw_error_msg_mutex
 0002:00000E48      __rwstd::__rw_stdexcept_BadAllocException
 0002:00000E44      __rwstd::__rw_stdexcept_BadException
 0002:00000E4C      __rwstd::__rw_stdexcept_Error
 0002:00000E40      __rwstd::__rw_stdexcept_NoNamedException
 0001:0000B594      __scan_init
 0001:0000BA74      __scan_initw
 0002:000025B4      __scanrsltptr
 0002:000025B0      __scantodptr
 0002:0000261C      __scanwrsltptr
 0002:00002618      __scanwtodptr
 0001:00009444      __setexc
 0001:0000C054      __setmbcp
 0002:00000DC4      __smalloc_threshold
 0001:0000CFDC      __startupd
 0001:00001E44      __stdcall TSoft::Database::Item::get_text()
 0001:00001E34      __stdcall TSoft::Database::get_Count()
 0001:00000A54      __stdcall TSoft::Kop32::Clr()
 0001:00003F60      __stdcall TSoft::Kop32::DiskSpace(char *, __int64, __int64, bool, bool)
 0001:00004148      __stdcall TSoft::Kop32::DoBreak(int, int)
 0001:00004084      __stdcall TSoft::Kop32::DoError(int, int)
 0001:00000AF4      __stdcall TSoft::Kop32::Execute(const char *, const char *)
 0001:00004114      __stdcall TSoft::Kop32::FOnBreak(int, int)
 0001:00004050      __stdcall TSoft::Kop32::FOnError(int, int)
 0001:00000A30      __stdcall TSoft::Kop32::GetPassword()
 0001:00000A40      __stdcall TSoft::Kop32::GetPasswordSize()
 0001:000007F0      __stdcall TSoft::Kop32::Kop32()
 0001:00002024      __stdcall TSoft::Kop32::Procede(int, int)
 0001:0000675C      __stdcall TSoft::Kop32::SeekDst(char *)
 0001:00005FBC      __stdcall TSoft::Kop32::SeekSrc(char *)
 0001:000064F0      __stdcall TSoft::Kop32::SeekSrcFile(char *)
 0001:00000988      __stdcall TSoft::Kop32::SetPassword(const char *)
 0001:00001E88      __stdcall TSoft::Kop32::Skip(int, bool)
 0001:00001E74      __stdcall TSoft::Kop32::Stop()
 0001:000006CC      __stdcall TSoft::Kop32::WriteFileThread(void *)
 0001:00000658      __stdcall TSoft::Kop32::__list::__destination::~__destination()
 0001:00000480      __stdcall TSoft::Kop32::__list::~__list()
 0001:00000588      __stdcall TSoft::Kop32::__options::~__options()
 0001:00004358      __stdcall TSoft::Kop32::~Kop32()
 0001:00005424      __stdcall TSoft_Ari::Decode(unsigned char *, unsigned long *, unsigned char)
 0001:000051E8      __stdcall TSoft_Ari::Encode(unsigned long *, unsigned char, unsigned char)
 0001:00005328      __stdcall TSoft_Ari::Flush_Encoder(unsigned long *, unsigned char)
 0001:00005098      __stdcall TSoft_Ari::Initialize()
 0001:000053D0      __stdcall TSoft_Ari::Initialize_Decoder(unsigned long *, unsigned char)
 0001:000051D8      __stdcall TSoft_Ari::Initialize_Encoder()
 0001:0000519C      __stdcall TSoft_Ari::Search(unsigned long)
 0001:00004FA4      __stdcall TSoft_Ari::TSoft_Ari()
 0001:000050F4      __stdcall TSoft_Ari::Update(unsigned long)
 0001:00005054      __stdcall TSoft_Ari::~TSoft_Ari()
 0001:00005C70      __stdcall TSoft_BWTMatrix::Find_groups(unsigned long, unsigned long, unsigned long, unsigned long *, unsigned long *)
 0001:00005AC4      __stdcall TSoft_BWTMatrix::Flush(unsigned char *)
 0001:00005A7C      __stdcall TSoft_BWTMatrix::Generate(unsigned char *)
 0001:00005AF8      __stdcall TSoft_BWTMatrix::Sort()
 0001:00005BCC      __stdcall TSoft_BWTMatrix::Sort_groups(unsigned long, unsigned long, unsigned long)
 0001:00005978      __stdcall TSoft_BWTMatrix::TSoft_BWTMatrix(unsigned long)
 0001:00005D04      __stdcall TSoft_BWTMatrix::~TSoft_BWTMatrix()
 0001:0000F364      __stdcall TSoft_BinTree::Delete()
 0001:0000F224      __stdcall TSoft_BinTree::Initialize(unsigned char *)
 0001:0000F29C      __stdcall TSoft_BinTree::Insert()
 0001:0000F628      __stdcall TSoft_BinTree::Optimum_brun_match(unsigned long, unsigned long)
 0001:0000F698      __stdcall TSoft_BinTree::Optimum_dict_match(unsigned long, unsigned long)
 0001:0000F468      __stdcall TSoft_BinTree::Search_brun()
 0001:0000F3AC      __stdcall TSoft_BinTree::Search_dict()
 0001:0000F300      __stdcall TSoft_BinTree::Skip()
 0001:0000F0D8      __stdcall TSoft_BinTree::TSoft_BinTree(unsigned long, unsigned long)
 0001:0000F5A8      __stdcall TSoft_BinTree::Update(unsigned char *, unsigned long)
 0001:0000F1EC      __stdcall TSoft_BinTree::~TSoft_BinTree()
 0001:00005914      __stdcall TSoft_Huff::Decode(unsigned char *, unsigned char *, unsigned char)
 0001:000058B0      __stdcall TSoft_Huff::Encode(unsigned char *, unsigned char, unsigned char)
 0001:00005624      __stdcall TSoft_Huff::Initialize()
 0001:000056B0      __stdcall TSoft_Huff::Reconstruct()
 0001:0000554C      __stdcall TSoft_Huff::TSoft_Huff()
 0001:000057CC      __stdcall TSoft_Huff::Update(unsigned char)
 0001:000055EC      __stdcall TSoft_Huff::~TSoft_Huff()
 0001:00005F90      __stdcall TSoft_Mtf::Decode(unsigned char)
 0001:00005F54      __stdcall TSoft_Mtf::Encode(unsigned char)
 0001:00005F34      __stdcall TSoft_Mtf::Initialize()
 0001:00005E94      __stdcall TSoft_Mtf::TSoft_Mtf()
 0001:00005F0C      __stdcall TSoft_Mtf::~TSoft_Mtf()
 0001:00005D78      __stdcall __bitptr_hdrcoder::Code_ptrBrun(unsigned long *, unsigned long, unsigned long)
 0001:00005D90      __stdcall __bitptr_hdrcoder::Code_ptrDict(unsigned long *, unsigned long, unsigned long)
 0001:00005D60      __stdcall __bitptr_hdrcoder::Code_ptrPass(unsigned long *, unsigned long)
 0001:00005D80      __stdcall __bitptr_hdrcoder::DeCode_ptrBrun(unsigned long *, unsigned long *, unsigned long *)
 0001:00005D98      __stdcall __bitptr_hdrcoder::DeCode_ptrDict(unsigned long *, unsigned long *, unsigned long *)
 0001:00005D68      __stdcall __bitptr_hdrcoder::DeCode_ptrPass(unsigned long *, unsigned long *)
 0001:00005D70      __stdcall __bitptr_hdrcoder::Price_ptrBrun(unsigned long, unsigned long)
 0001:00005D88      __stdcall __bitptr_hdrcoder::Price_ptrDict(unsigned long, unsigned long)
 0001:00005D58      __stdcall __bitptr_hdrcoder::Price_ptrPass(unsigned long)
 0001:00005DEC      __stdcall __ptrptr_hdrcoder::Code_ptrBrun(unsigned long *, unsigned long, unsigned long)
 0001:00005E48      __stdcall __ptrptr_hdrcoder::Code_ptrDict(unsigned long *, unsigned long, unsigned long)
 0001:00005DAC      __stdcall __ptrptr_hdrcoder::Code_ptrPass(unsigned long *, unsigned long)
 0001:00005E14      __stdcall __ptrptr_hdrcoder::DeCode_ptrBrun(unsigned long *, unsigned long *, unsigned long *)
 0001:00005E6C      __stdcall __ptrptr_hdrcoder::DeCode_ptrDict(unsigned long *, unsigned long *, unsigned long *)
 0001:00005DC4      __stdcall __ptrptr_hdrcoder::DeCode_ptrPass(unsigned long *, unsigned long *)
 0001:00005DE0      __stdcall __ptrptr_hdrcoder::Price_ptrBrun(unsigned long, unsigned long)
 0001:00005E3C      __stdcall __ptrptr_hdrcoder::Price_ptrDict(unsigned long, unsigned long)
 0001:00005DA0      __stdcall __ptrptr_hdrcoder::Price_ptrPass(unsigned long)
 0001:00006CB4      __stdcall __stack::Pop(int, bool)
 0001:00006D20      __stdcall __stack::Push(int)
 0001:00006BFC      __stdcall __stack::__stack()
 0001:00006D7C      __stdcall __stack::~__stack()
 0003:000009A4      __stkbase
 0002:00001370      __stkchk
 0004:0000009C      __stkindex
 0002:0000138C      __streams
 0002:00001AA0      __sys_errlist
 0002:00001B64      __sys_nerr
 0001:0000CE50      __terminate
 0001:0000D294      __thread_data
 0001:0000D364      __thread_data_del
 0001:0000D2BC      __thread_data_new
 0002:000026AC      __tiny_ldble
 0004:000000A0      __tlsindex
 0001:0000060C      __tpdsc__ TSoft::Database
 0001:00001E54      __tpdsc__ TSoft::Database *
 0001:00000308      __tpdsc__ TSoft::Kop32
 0001:000002EC      __tpdsc__ TSoft::Kop32 *
 0001:0000041C      __tpdsc__ TSoft::Kop32::__list
 0001:00000518      __tpdsc__ TSoft::Kop32::__list::__destination
 0001:000003B0      __tpdsc__ TSoft::Kop32::__options
 0001:00004B4C      __tpdsc__ TSoft_Ari
 0001:0000503C      __tpdsc__ TSoft_Ari *
 0001:00004F30      __tpdsc__ TSoft_BWTMatrix
 0001:00005A5C      __tpdsc__ TSoft_BWTMatrix *
 0001:00004774      __tpdsc__ TSoft_BinTree
 0001:0000F1D0      __tpdsc__ TSoft_BinTree * (rtti)
 0001:0000472C      __tpdsc__ TSoft_Huff
 0001:000055D0      __tpdsc__ TSoft_Huff *
 0001:00004CF8      __tpdsc__ TSoft_Mtf
 0001:00005EF4      __tpdsc__ TSoft_Mtf *
 0001:00008278      __tpdsc__ _RWSTDMutex (rtti)
 0001:0000036C      __tpdsc__ __stack
 0001:00006C9C      __tpdsc__ __stack *
 0001:00007008      __tpdsc__ std::bad_alloc
 0001:000070A0      __tpdsc__ std::bad_alloc *
 0001:00008238      __tpdsc__ std::bad_cast (rtti)
 0001:00008258      __tpdsc__ std::bad_typeid (rtti)
 0001:000070B8      __tpdsc__ std::exception
 0001:00009090      __tpdsc__ std::type_info (rtti)
 0001:000090DC      __tpdsc__ type_info_hash (rtti)
 0002:000026F8      __turboFloat
 0001:00008BE4      __typeIDname(tpid *)
 0001:000099C4      __unlock_all_handles
 0001:00009F4C      __unlock_all_streams
 0001:0000CFB8      __unlock_exit
 0001:00009A68      __unlock_handle
 0001:000074B4      __unlock_heap
 0001:0000D4D0      __unlock_nt
 0001:0000A024      __unlock_stream
 0001:00009460      __unsetexc
 0001:00009484      __unsetuserhandler
 0002:00002188      __upper
 0002:00000DC8      __virt_chunk_free
 0002:00000DCC      __virt_chunk_free2
 0002:00000DB8      __virt_chunk_size
 0002:00000DBC      __virt_chunk_size2
 0002:00000DB4      __virt_heap_size
 0003:00000994      __wC0argv
 0003:00000998      __wC0environ
 0001:0000C6A4      __wargv_default_expand
 0002:000028D8      __wargv_expand_ptr
 0001:000084DC      __wmemset
 0003:0000098C      __woscmd
 0003:00000988      __wosenv
 0001:000097DC      __write
 0001:0000A078      __xfflush
 0001:0000C5C0      _abort
 0001:0000C640      _exit
 0001:00009878      _fflush
 0001:000073C4      _free
 0001:0000A100      _isalnum
 0001:0000A12C      _isalpha
 0001:0000A118      _isascii
 0001:0000A144      _iscntrl
 0001:0000A158      _isdigit
 0001:0000A16C      _isgraph
 0001:0000A184      _islower
 0001:0000A198      _isprint
 0001:0000A1B0      _ispunct
 0001:0000A1C4      _isspace
 0001:0000A1D8      _isupper
 0001:0000A204      _iswalnum
 0001:0000A230      _iswalpha
 0001:0000A21C      _iswascii
 0001:0000A248      _iswcntrl
 0001:0000A25C      _iswdigit
 0001:0000A270      _iswgraph
 0001:0000A288      _iswlower
 0001:0000A29C      _iswprint
 0001:0000A2B4      _iswpunct
 0001:0000A2C8      _iswspace
 0001:0000A2DC      _iswupper
 0001:0000A2F0      _iswxdigit
 0001:0000A1EC      _isxdigit
 0001:000073B4      _malloc
 0001:000085FC      _memcmp
 0001:000083E0      _memcpy
 0001:00008404      _memmove
 0001:00008450      _memset
 0001:0000CDBC      _raise
 0001:0000CD08      _signal
 0001:000084F4      _strcat
 0001:00008530      _strlen
 0001:0000858C      _strncat
 0001:0000726C      _virt_alloc
 0001:00007294      _virt_commit
 0001:000072E0      _virt_decommit
 0001:000072F8      _virt_release
 0001:00007200      _virt_reserve
 0001:00008680      _wcscpy
 0001:00008668      _wcslen
 0003:00000730      b1448_2
 0003:00000838      b1584_2
 0003:00000938      b1600_2
 0003:00000954      b1612_2
 0003:00000958      b1696_2
 0003:0000095C      b1698_2
 0003:00000960      b1790_0
 0003:00000964      b1792_1
 0003:000009A8      b1800_1
 0003:000009AC      b1804_2
 0003:000009B0      b1816_2
 0003:000009B8      b1822_2
 0003:000039BC      b1900_2
 0003:00000104      b198_2
 0003:0000010C      b220_2
 0003:00000124      b236_2
 0003:00000128      b264_2
 0003:00000000      b2_2
 0003:00000154      b326_2
 0003:00000004      b3_2
 0003:00000170      b534_2
 0003:00000580      b538_2
 0003:00000588      b544_2
 0003:00000590      b734_1
 0003:00000720      b808_2
 0003:00000728      b910_2
 0001:0000A078      c1016_0
 0001:0000A0AC      c1038_0
 0001:0000A100      c1046_0
 0001:0000A204      c1048_0
 0001:0000A308      c1050_0
 0001:0000A34C      c1052_0
 0001:0000A3A4      c1082_0
 0001:0000A3C8      c1094_0
 0001:0000A41C      c1148_0
 0001:0000A61C      c1188_0
 0001:0000A7A4      c1224_0
 0001:0000A7B8      c1238_0
 0001:0000A7E8      c1244_0
 0001:0000A800      c1246_0
 0001:0000A818      c1286_0
 0001:0000A830      c1294_0
 0001:0000A860      c1296_0
 0001:0000A884      c1298_0
 0001:0000A898      c1324_0
 0001:0000A9B0      c1334_0
 0001:0000AA40      c1372_0
 0001:0000AA68      c1374_0
 0001:0000AA98      c1378_0
 0001:0000AD94      c1380_0
 0001:0000B0C8      c1388_0
 0001:0000B5AC      c1390_0
 0001:0000BA8C      c1434_0
 0001:0000BD60      c1436_0
 0001:0000C054      c1448_0
 0001:0000C180      c1448_3
 0001:0000C190      c1470_0
 0001:0000C1AC      c1532_0
 0001:0000C204      c1584_0
 0001:0000C2AC      c1600_0
 0001:0000C364      c1602_0
 0001:0000C384      c1604_0
 0001:0000C520      c1612_0
 0001:0000C520      c1612_3
 0001:0000C5AC      c1632_0
 0001:0000C5D0      c1670_0
 0001:0000C690      c1680_0
 0001:0000C6A4      c1682_0
 0001:0000C6B8      c1696_0
 0001:0000C8A0      c1698_0
 0001:0000CAC8      c1774_0
 0001:0000CE50      c1794_0
 0001:0000CFC8      c1794_2
 0001:0000CFDC      c1800_0
 0001:0000D0DC      c1804_0
 0001:0000D1D4      c1806_0
 0001:0000D1DC      c1808_0
 0001:0000D1F4      c1808_2
 0001:0000D244      c1810_0
 0001:0000D294      c1816_0
 0001:0000D398      c1816_3
 0001:0000D3AC      c1816_4
 0001:0000D45C      c1822_0
 0001:0000D51C      c1822_3
 0001:0000D534      c1900_0
 0001:0000D534      c1900_3
 0001:00006F44      c190_0
 0001:00006F54      c192_0
 0001:00006F64      c194_0
 0001:0000711C      c196_0
 0001:0000712C      c198_0
 0001:00007180      c198_3
 0001:0000718C      c198_4
 0001:000071CC      c198_5
 0001:00000000      c1_0
 0001:00007200      c218_0
 0001:00007314      c220_0
 0001:000073B4      c226_0
 0001:000073D4      c230_0
 0001:00007470      c230_2
 0001:0000748C      c232_0
 0001:00007490      c236_0
 0001:00007490      c236_3
 0001:00007EC0      c256_0
 0001:00008184      c258_0
 0001:00008188      c260_0
 0001:0000818C      c262_0
 0001:00008190      c264_0
 0001:000081C0      c264_3
 0001:000081FC      c264_4
 0001:000082EC      c326_0
 0001:000082EC      c326_3
 0001:00008328      c326_4
 0001:000083E0      c406_0
 0001:00008404      c410_0
 0001:00008450      c412_0
 0001:000084DC      c414_0
 0001:000084F4      c428_0
 0001:00008530      c436_0
 0001:0000858C      c438_0
 0001:000085FC      c454_0
 0001:00008668      c488_0
 0001:00008680      c490_0
 0001:000086C0      c530_0
 0001:00008730      c534_0
 0001:00008887      c534_3
 0001:000091FC      c538_0
 0001:000091FC      c538_4
 0001:00009348      c540_0
 0001:00009354      c544_0
 0001:00009490      c544_3
 0001:000094A8      c544_4
 0001:000094D0      c548_0
 0001:00009518      c550_0
 0001:0000953C      c566_0
 0001:00009584      c568_0
 0001:00009608      c578_0
 0001:0000973C      c580_0
 0001:00009750      c598_0
 0001:00009794      c654_0
 0001:000097F8      c658_0
 0001:00009878      c720_0
 0001:00009908      c742_0
 0001:0000996C      c746_0
 0001:00009990      c808_0
 0001:00009D7C      c810_0
 0001:00009E08      c910_0
 0001:00009ED8      c910_3
 0002:00001F84      d1026_0
 0002:00002188      d1036_0
 0002:00002288      d1056_0
 0002:00000B94      d10_1
 0002:000024E8      d1188_1
 0002:000025A8      d1244_1
 0002:00002610      d1246_1
 0002:00002678      d1248_0
 0002:00000C10      d12_1
 0002:0000267C      d1302_0
 0002:000026F8      d1312_0
 0002:00002700      d1378_1
 0002:00002714      d1380_1
 0002:0000273C      d1388_1
 0002:00002764      d1390_1
 0002:0000278C      d1448_1
 0002:000027D4      d1584_1
 0002:000027F8      d1600_1
 0002:0000281C      d1604_1
 0002:0000282C      d1612_1
 0002:00002854      d1632_1
 0002:00002874      d1634_0
 0002:00002878      d1670_1
 0002:00002884      d1676_0
 0002:00002888      d1696_1
 0002:000028B0      d1698_1
 0002:000028D4      d1752_0
 0002:000028D8      d1754_0
 0002:000028DC      d1774_1
 0002:0000293C      d1792_0
 0002:00002940      d1794_1
 0002:0000295C      d1804_1
 0002:00002AAC      d1816_1
 0002:00002AC8      d1822_1
 0002:00002ADC      d1900_1
 0002:00000C14      d194_1
 0002:00000C84      d198_1
 0002:000000B0      d1_1
 0002:00000CF8      d218_1
 0002:00000CFC      d220_1
 0002:00000D94      d230_1
 0002:00000DB4      d236_1
 0002:00000E08      d264_1
 0002:00000E40      d326_1
 0002:00000224      d3_1
 0002:00000488      d4_1
 0002:00000F0C      d532_0
 0002:00000F10      d534_1
 0002:00001250      d536_1
 0002:0000128C      d538_1
 0002:00001370      d544_1
 0002:00001384      d580_1
 0002:00001388      d660_0
 0002:0000138C      d732_0
 0002:0000183C      d734_0
 0002:00001908      d744_0
 0002:0000190C      d746_1
 0002:00001910      d808_1
 0002:00001974      d810_1
 0002:00001AA0      d842_1
 0002:00001F1C      d910_1
 0001:00009533      invokeHnd()
 0001:00009518      jump()
 0001:00006F44      operator delete(void *)
 0001:00006F54      operator delete[](void *)
 0001:00006F78      operator new(unsigned int)
 0001:0000711C      operator new[](unsigned int)
 0002:00000C70      std::bad_alloc:: (rtti)
 0001:00007060      std::bad_alloc::bad_alloc(const std::bad_alloc&)
 0001:00007110      std::bad_alloc::what() const
 0001:00008384      std::bad_alloc::~bad_alloc()
 0002:00000C5C      std::exception:: (rtti)
 0001:00007104      std::exception::what() const
 0001:00008364      std::exception::~exception()
 0001:00006F64      std::set_new_handler(void (*)())
 0001:00009184      std::terminate()
 0002:00001240      std::type_info:: (rtti)
 0001:00008FAC      std::type_info::name() const
 0001:00008E28      std::type_info::operator ==(const std::type_info&) const
 0001:00008E08      std::type_info::~type_info()
 0001:000091D4      std::unexpected()
 0004:0000009C      t1808_1
 0004:00000000      t538_3
 0002:00001230      type_info_hash:: (rtti)
 0001:00009134      type_info_hash::~type_info_hash()

  Address         Publics by Value

 0001:00000000      c1_0
 0001:00000000      __acrtused
 0001:00000117      __GetExceptDLLinfo
 0001:0000011C      __isDLL
 0001:00000124      __getHInstance
 0001:00000202      Sysinit::__linkproc__ __fastcall GetTls()
 0001:00000202      ___System__GetTls
 0001:00000238      DllEntryPoint
 0001:000002EC      __tpdsc__ TSoft::Kop32 *
 0001:00000308      __tpdsc__ TSoft::Kop32
 0001:0000036C      __tpdsc__ __stack
 0001:000003B0      __tpdsc__ TSoft::Kop32::__options
 0001:0000041C      __tpdsc__ TSoft::Kop32::__list
 0001:00000480      __stdcall TSoft::Kop32::__list::~__list()
 0001:00000518      __tpdsc__ TSoft::Kop32::__list::__destination
 0001:00000588      __stdcall TSoft::Kop32::__options::~__options()
 0001:0000060C      __tpdsc__ TSoft::Database
 0001:00000658      __stdcall TSoft::Kop32::__list::__destination::~__destination()
 0001:000006CC      __stdcall TSoft::Kop32::WriteFileThread(void *)
 0001:000007F0      __stdcall TSoft::Kop32::Kop32()
 0001:00000988      __stdcall TSoft::Kop32::SetPassword(const char *)
 0001:00000A30      __stdcall TSoft::Kop32::GetPassword()
 0001:00000A40      __stdcall TSoft::Kop32::GetPasswordSize()
 0001:00000A54      __stdcall TSoft::Kop32::Clr()
 0001:00000AF4      __stdcall TSoft::Kop32::Execute(const char *, const char *)
 0001:00001E34      __stdcall TSoft::Database::get_Count()
 0001:00001E44      __stdcall TSoft::Database::Item::get_text()
 0001:00001E54      __tpdsc__ TSoft::Database *
 0001:00001E74      __stdcall TSoft::Kop32::Stop()
 0001:00001E88      __stdcall TSoft::Kop32::Skip(int, bool)
 0001:00002024      __stdcall TSoft::Kop32::Procede(int, int)
 0001:00003F60      __stdcall TSoft::Kop32::DiskSpace(char *, __int64, __int64, bool, bool)
 0001:00004050      __stdcall TSoft::Kop32::FOnError(int, int)
 0001:00004084      __stdcall TSoft::Kop32::DoError(int, int)
 0001:00004114      __stdcall TSoft::Kop32::FOnBreak(int, int)
 0001:00004148      __stdcall TSoft::Kop32::DoBreak(int, int)
 0001:00004358      __stdcall TSoft::Kop32::~Kop32()
 0001:00004464      Calc_CRC32
 0001:0000446C      Compress_LZS
 0001:0000472C      __tpdsc__ TSoft_Huff
 0001:00004774      __tpdsc__ TSoft_BinTree
 0001:000047C0      UnCompress_LZS
 0001:000048E8      Compress_HUF
 0001:000049C4      UnCompress_HUF
 0001:00004A78      Compress_ARI
 0001:00004B4C      __tpdsc__ TSoft_Ari
 0001:00004B94      UnCompress_ARI
 0001:00004C58      Cript_MTF
 0001:00004CF8      __tpdsc__ TSoft_Mtf
 0001:00004D40      UnCript_MTF
 0001:00004DE0      Cript_XOR
 0001:00004DE8      UnCript_XOR
 0001:00004E04      Cript_SXQ
 0001:00004E34      UnCript_SXQ
 0001:00004E4C      Compress_BWT
 0001:00004F30      __tpdsc__ TSoft_BWTMatrix
 0001:00004F7C      UnCompress_BWT
 0001:00004FA4      __stdcall TSoft_Ari::TSoft_Ari()
 0001:0000503C      __tpdsc__ TSoft_Ari *
 0001:00005054      __stdcall TSoft_Ari::~TSoft_Ari()
 0001:00005098      __stdcall TSoft_Ari::Initialize()
 0001:000050F4      __stdcall TSoft_Ari::Update(unsigned long)
 0001:0000519C      __stdcall TSoft_Ari::Search(unsigned long)
 0001:000051D8      __stdcall TSoft_Ari::Initialize_Encoder()
 0001:000051E8      __stdcall TSoft_Ari::Encode(unsigned long *, unsigned char, unsigned char)
 0001:00005328      __stdcall TSoft_Ari::Flush_Encoder(unsigned long *, unsigned char)
 0001:000053D0      __stdcall TSoft_Ari::Initialize_Decoder(unsigned long *, unsigned char)
 0001:00005424      __stdcall TSoft_Ari::Decode(unsigned char *, unsigned long *, unsigned char)
 0001:0000554C      __stdcall TSoft_Huff::TSoft_Huff()
 0001:000055D0      __tpdsc__ TSoft_Huff *
 0001:000055EC      __stdcall TSoft_Huff::~TSoft_Huff()
 0001:00005624      __stdcall TSoft_Huff::Initialize()
 0001:000056B0      __stdcall TSoft_Huff::Reconstruct()
 0001:000057CC      __stdcall TSoft_Huff::Update(unsigned char)
 0001:000058B0      __stdcall TSoft_Huff::Encode(unsigned char *, unsigned char, unsigned char)
 0001:00005914      __stdcall TSoft_Huff::Decode(unsigned char *, unsigned char *, unsigned char)
 0001:00005978      __stdcall TSoft_BWTMatrix::TSoft_BWTMatrix(unsigned long)
 0001:00005A5C      __tpdsc__ TSoft_BWTMatrix *
 0001:00005A7C      __stdcall TSoft_BWTMatrix::Generate(unsigned char *)
 0001:00005AC4      __stdcall TSoft_BWTMatrix::Flush(unsigned char *)
 0001:00005AF8      __stdcall TSoft_BWTMatrix::Sort()
 0001:00005BCC      __stdcall TSoft_BWTMatrix::Sort_groups(unsigned long, unsigned long, unsigned long)
 0001:00005C70      __stdcall TSoft_BWTMatrix::Find_groups(unsigned long, unsigned long, unsigned long, unsigned long *, unsigned long *)
 0001:00005D04      __stdcall TSoft_BWTMatrix::~TSoft_BWTMatrix()
 0001:00005D58      __stdcall __bitptr_hdrcoder::Price_ptrPass(unsigned long)
 0001:00005D60      __stdcall __bitptr_hdrcoder::Code_ptrPass(unsigned long *, unsigned long)
 0001:00005D68      __stdcall __bitptr_hdrcoder::DeCode_ptrPass(unsigned long *, unsigned long *)
 0001:00005D70      __stdcall __bitptr_hdrcoder::Price_ptrBrun(unsigned long, unsigned long)
 0001:00005D78      __stdcall __bitptr_hdrcoder::Code_ptrBrun(unsigned long *, unsigned long, unsigned long)
 0001:00005D80      __stdcall __bitptr_hdrcoder::DeCode_ptrBrun(unsigned long *, unsigned long *, unsigned long *)
 0001:00005D88      __stdcall __bitptr_hdrcoder::Price_ptrDict(unsigned long, unsigned long)
 0001:00005D90      __stdcall __bitptr_hdrcoder::Code_ptrDict(unsigned long *, unsigned long, unsigned long)
 0001:00005D98      __stdcall __bitptr_hdrcoder::DeCode_ptrDict(unsigned long *, unsigned long *, unsigned long *)
 0001:00005DA0      __stdcall __ptrptr_hdrcoder::Price_ptrPass(unsigned long)
 0001:00005DAC      __stdcall __ptrptr_hdrcoder::Code_ptrPass(unsigned long *, unsigned long)
 0001:00005DC4      __stdcall __ptrptr_hdrcoder::DeCode_ptrPass(unsigned long *, unsigned long *)
 0001:00005DE0      __stdcall __ptrptr_hdrcoder::Price_ptrBrun(unsigned long, unsigned long)
 0001:00005DEC      __stdcall __ptrptr_hdrcoder::Code_ptrBrun(unsigned long *, unsigned long, unsigned long)
 0001:00005E14      __stdcall __ptrptr_hdrcoder::DeCode_ptrBrun(unsigned long *, unsigned long *, unsigned long *)
 0001:00005E3C      __stdcall __ptrptr_hdrcoder::Price_ptrDict(unsigned long, unsigned long)
 0001:00005E48      __stdcall __ptrptr_hdrcoder::Code_ptrDict(unsigned long *, unsigned long, unsigned long)
 0001:00005E6C      __stdcall __ptrptr_hdrcoder::DeCode_ptrDict(unsigned long *, unsigned long *, unsigned long *)
 0001:00005E94      __stdcall TSoft_Mtf::TSoft_Mtf()
 0001:00005EF4      __tpdsc__ TSoft_Mtf *
 0001:00005F0C      __stdcall TSoft_Mtf::~TSoft_Mtf()
 0001:00005F34      __stdcall TSoft_Mtf::Initialize()
 0001:00005F54      __stdcall TSoft_Mtf::Encode(unsigned char)
 0001:00005F90      __stdcall TSoft_Mtf::Decode(unsigned char)
 0001:00005FBC      __stdcall TSoft::Kop32::SeekSrc(char *)
 0001:000064F0      __stdcall TSoft::Kop32::SeekSrcFile(char *)
 0001:0000675C      __stdcall TSoft::Kop32::SeekDst(char *)
 0001:00006BFC      __stdcall __stack::__stack()
 0001:00006C9C      __tpdsc__ __stack *
 0001:00006CB4      __stdcall __stack::Pop(int, bool)
 0001:00006D20      __stdcall __stack::Push(int)
 0001:00006D7C      __stdcall __stack::~__stack()
 0001:00006DD0      Pharser
 0001:00006F44      operator delete(void *)
 0001:00006F44      c190_0
 0001:00006F44      ___org_delete
 0001:00006F54      ___org_deletea
 0001:00006F54      operator delete[](void *)
 0001:00006F54      c192_0
 0001:00006F64      c194_0
 0001:00006F64      std::set_new_handler(void (*)())
 0001:00006F78      ___org_new
 0001:00006F78      operator new(unsigned int)
 0001:00007008      __tpdsc__ std::bad_alloc
 0001:00007060      std::bad_alloc::bad_alloc(const std::bad_alloc&)
 0001:000070A0      __tpdsc__ std::bad_alloc *
 0001:000070B8      __tpdsc__ std::exception
 0001:00007104      std::exception::what() const
 0001:00007110      std::bad_alloc::what() const
 0001:0000711C      ___org_newa
 0001:0000711C      c196_0
 0001:0000711C      operator new[](unsigned int)
 0001:0000712C      c198_0
 0001:00007180      c198_3
 0001:0000718C      c198_4
 0001:000071CC      c198_5
 0001:00007200      _virt_reserve
 0001:00007200      c218_0
 0001:0000726C      _virt_alloc
 0001:00007294      _virt_commit
 0001:000072E0      _virt_decommit
 0001:000072F8      _virt_release
 0001:00007314      c220_0
 0001:00007334      ___CRTL_MEM_GetBorMemPtrs
 0001:000073B0      ___CRTL_MEM_CheckBorMem
 0001:000073B4      c226_0
 0001:000073B4      _malloc
 0001:000073B4      ___org_malloc
 0001:000073C4      _free
 0001:000073C4      ___org_free
 0001:000073D4      c230_0
 0001:000073D4      ___CRTL_MEM_Revector
 0001:00007470      c230_2
 0001:0000747C      __free_heaps
 0001:0000748C      c232_0
 0001:0000748C      ___CRTL_MEM_UseBorMM
 0001:00007490      c236_3
 0001:00007490      __init_lock
 0001:00007490      c236_0
 0001:000074A4      __lock_heap
 0001:000074B4      __unlock_heap
 0001:00007AA8      __internal_free
 0001:00007C24      __internal_malloc
 0001:00007E48      __phys_avail
 0001:00007E60      __internal_free_heaps
 0001:00007EC0      c256_0
 0001:00007EC0      __expand
 0001:00007EC0      ___org__expand
 0001:000080C8      __internal_realloc
 0001:00008168      __msize
 0001:00008168      ___org__msize
 0001:00008184      c258_0
 0001:00008184      ___CRTL_VCL_Init
 0001:00008188      c260_0
 0001:00008188      ___CRTL_VCL_Exit
 0001:0000818C      c262_0
 0001:0000818C      ___CRTL_VCLLIB_Linkage
 0001:00008190      c264_0
 0001:000081C0      c264_3
 0001:000081FC      c264_4
 0001:00008238      __tpdsc__ std::bad_cast (rtti)
 0001:00008258      __tpdsc__ std::bad_typeid (rtti)
 0001:00008278      __tpdsc__ _RWSTDMutex (rtti)
 0001:000082C0      _RWSTDMutex::~_RWSTDMutex()
 0001:000082EC      c326_3
 0001:000082EC      c326_0
 0001:00008328      c326_4
 0001:00008364      std::exception::~exception()
 0001:00008384      std::bad_alloc::~bad_alloc()
 0001:000083E0      c406_0
 0001:000083E0      _memcpy
 0001:000083E0      ___org_memcpy
 0001:00008404      ___org_memmove
 0001:00008404      _memmove
 0001:00008404      c410_0
 0001:00008450      ___org_memset
 0001:00008450      _memset
 0001:00008450      c412_0
 0001:000084DC      c414_0
 0001:000084DC      __wmemset
 0001:000084F4      _strcat
 0001:000084F4      ___org_strcat
 0001:000084F4      c428_0
 0001:00008530      ___org_strlen
 0001:00008530      _strlen
 0001:00008530      c436_0
 0001:0000858C      ___org_strncat
 0001:0000858C      c438_0
 0001:0000858C      _strncat
 0001:000085FC      ___org_memcmp
 0001:000085FC      c454_0
 0001:000085FC      _memcmp
 0001:00008668      _wcslen
 0001:00008668      c488_0
 0001:00008680      c490_0
 0001:00008680      _wcscpy
 0001:000086C0      c530_0
 0001:000086C0      __InitExceptBlockLDTC
 0001:000086F9      __ExitExceptBlock
 0001:00008707      __ExceptionHandler
 0001:00008730      c534_0
 0001:00008887      c534_3
 0001:00008BE4      __typeIDname(tpid *)
 0001:00008C1C      __isSameTypeID(tpid *, tpid *)
 0001:00008CF8      __isCompatTypeID(tpid *, tpid *, int, tpid * *)
 0001:00008E08      std::type_info::~type_info()
 0001:00008E28      std::type_info::operator ==(const std::type_info&) const
 0001:00008E9C      __GetTypeInfo(void *, void *, void *)
 0001:00008FAC      std::type_info::name() const
 0001:00009014      __adjustClassAdr(void *, tpid *, tpid *)
 0001:00009090      __tpdsc__ std::type_info (rtti)
 0001:000090DC      __tpdsc__ type_info_hash (rtti)
 0001:00009134      type_info_hash::~type_info_hash()
 0001:0000915C      _InitTermAndUnexPtrs()
 0001:00009184      std::terminate()
 0001:000091D4      std::unexpected()
 0001:000091FC      c538_4
 0001:000091FC      c538_0
 0001:00009228      ___call_terminate
 0001:0000929C      ___call_unexpected
 0001:000092D4      __ExceptInit
 0001:00009320      __GetExceptDLLinfoInternal
 0001:00009348      ___DefHandler
 0001:00009348      c540_0
 0001:00009354      c544_0
 0001:00009444      __setexc
 0001:00009460      __unsetexc
 0001:00009470      __SetUserHandler
 0001:00009484      __unsetuserhandler
 0001:00009490      __init_except
 0001:00009490      c544_3
 0001:000094A8      c544_4
 0001:000094A8      __exit_except
 0001:000094BC      __InitDefaultHander
 0001:000094D0      __SetExceptionHandler
 0001:000094D0      c548_0
 0001:000094E5      __UnsetExceptionHandler
 0001:00009511      __UnwindException
 0001:00009518      c550_0
 0001:00009518      jump()
 0001:0000951E      ___doGlobalUnwind
 0001:00009533      invokeHnd()
 0001:0000953C      ___isatty
 0001:0000953C      c566_0
 0001:0000956C      ___isatty_osfhandle
 0001:00009584      ___lseek
 0001:00009584      c568_0
 0001:00009608      ___write
 0001:00009608      c578_0
 0001:0000973C      c580_0
 0001:00009750      c598_0
 0001:00009750      __flushall
 0001:00009794      ___org__rtl_write
 0001:00009794      __rtl_write
 0001:00009794      c654_0
 0001:000097DC      ___org__write
 0001:000097DC      __write
 0001:000097F8      __allocbuf
 0001:000097F8      c658_0
 0001:00009878      c720_0
 0001:00009878      ___org_fflush
 0001:00009878      _fflush
 0001:00009908      __flushout
 0001:00009908      c742_0
 0001:0000996C      __initfmode
 0001:0000996C      c746_0
 0001:0000997C      __initfileinfo
 0001:00009990      c808_0
 0001:00009990      __lock_all_handles
 0001:000099A0      __cleanup_handle_locks
 0001:000099C4      __unlock_all_handles
 0001:000099D4      __lock_handle
 0001:00009A68      __unlock_handle
 0001:00009AB0      __get_handle
 0001:00009AF0      __dup_handle
 0001:00009B58      __free_handle
 0001:00009C10      __init_handles
 0001:00009D7C      ___doserrno
 0001:00009D7C      c810_0
 0001:00009D88      ___IOerror
 0001:00009DD4      ___DOSerror
 0001:00009DF4      ___NTerror
 0001:00009E08      __init_streams
 0001:00009E08      c910_0
 0001:00009ED8      c910_3
 0001:00009ED8      __exit_streams
 0001:00009F3C      __lock_all_streams
 0001:00009F4C      __unlock_all_streams
 0001:00009F5C      __lock_stream
 0001:0000A000      __cleanup_stream_locks
 0001:0000A024      __unlock_stream
 0001:0000A078      __xfflush
 0001:0000A078      c1016_0
 0001:0000A0AC      c1038_0
 0001:0000A0AC      __getLocaleNumericInfo
 0001:0000A100      _isalnum
 0001:0000A100      c1046_0
 0001:0000A118      _isascii
 0001:0000A12C      _isalpha
 0001:0000A144      _iscntrl
 0001:0000A158      _isdigit
 0001:0000A16C      _isgraph
 0001:0000A184      _islower
 0001:0000A198      _isprint
 0001:0000A1B0      _ispunct
 0001:0000A1C4      _isspace
 0001:0000A1D8      _isupper
 0001:0000A1EC      _isxdigit
 0001:0000A204      _iswalnum
 0001:0000A204      c1048_0
 0001:0000A21C      _iswascii
 0001:0000A230      _iswalpha
 0001:0000A248      _iswcntrl
 0001:0000A25C      _iswdigit
 0001:0000A270      _iswgraph
 0001:0000A288      _iswlower
 0001:0000A29C      _iswprint
 0001:0000A2B4      _iswpunct
 0001:0000A2C8      _iswspace
 0001:0000A2DC      _iswupper
 0001:0000A2F0      _iswxdigit
 0001:0000A308      c1050_0
 0001:0000A308      ___isctype
 0001:0000A34C      ___iswctype
 0001:0000A34C      c1052_0
 0001:0000A3A4      c1082_0
 0001:0000A3A4      __lstrupr
 0001:0000A3C8      c1094_0
 0001:0000A3C8      __ltoupper
 0001:0000A41C      __llmul
 0001:0000A41C      c1148_0
 0001:0000A43F      __lldiv
 0001:0000A4B7      __lludiv
 0001:0000A500      __llmod
 0001:0000A57A      __llumod
 0001:0000A5C8      __llshl
 0001:0000A5E4      __llshr
 0001:0000A600      __llushr
 0001:0000A61C      c1188_0
 0001:0000A61C      __pow10
 0001:0000A7A4      c1224_0
 0001:0000A7A4      __clear87
 0001:0000A7B8      c1238_0
 0001:0000A7B8      __control87
 0001:0000A7E8      c1244_0
 0001:0000A800      c1246_0
 0001:0000A818      __fpreset
 0001:0000A818      c1286_0
 0001:0000A830      __fuildq
 0001:0000A830      c1294_0
 0001:0000A860      __fuistq
 0001:0000A860      c1296_0
 0001:0000A884      __fxam
 0001:0000A884      c1298_0
 0001:0000A898      ___ldtrunc
 0001:0000A898      c1324_0
 0001:0000A9B0      c1334_0
 0001:0000A9B0      ___longtoa
 0001:0000AA24      ___utoa
 0001:0000AA40      c1372_0
 0001:0000AA40      __qdiv10
 0001:0000AA68      __qmul10
 0001:0000AA68      c1374_0
 0001:0000AA98      c1378_0
 0001:0000AD7C      __cvt_init
 0001:0000AD94      c1380_0
 0001:0000B0B0      __cvt_initw
 0001:0000B0C8      c1388_0
 0001:0000B594      __scan_init
 0001:0000B5AC      c1390_0
 0001:0000BA74      __scan_initw
 0001:0000BA8C      ___xcvt
 0001:0000BA8C      c1434_0
 0001:0000BD60      c1436_0
 0001:0000BD60      ___xcvtw
 0001:0000C054      c1448_0
 0001:0000C054      __setmbcp
 0001:0000C178      __getmbcp
 0001:0000C180      __initMBCSTable
 0001:0000C180      c1448_3
 0001:0000C190      c1470_0
 0001:0000C190      __ismbcspace
 0001:0000C1AC      c1532_0
 0001:0000C1AC      __mbsrchr
 0001:0000C204      c1584_0
 0001:0000C24C      __assert
 0001:0000C2AC      c1600_0
 0001:0000C2FC      __ErrorMessageHelper
 0001:0000C364      c1602_0
 0001:0000C364      ___errno
 0001:0000C384      c1604_0
 0001:0000C3DC      __ErrorMessage
 0001:0000C4F8      ___ErrorMessage
 0001:0000C508      __ErrorExit
 0001:0000C520      c1612_3
 0001:0000C520      c1612_0
 0001:0000C5AC      __abort
 0001:0000C5AC      c1632_0
 0001:0000C5C0      _abort
 0001:0000C5D0      c1670_0
 0001:0000C640      _exit
 0001:0000C658      __exit
 0001:0000C670      __cexit
 0001:0000C680      __c_exit
 0001:0000C690      __argv_default_expand
 0001:0000C690      c1680_0
 0001:0000C6A4      c1682_0
 0001:0000C6A4      __wargv_default_expand
 0001:0000C6B8      __handle_setargv
 0001:0000C6B8      c1696_0
 0001:0000C810      __handle_exitargv
 0001:0000C8A0      __handle_wsetargv
 0001:0000C8A0      c1698_0
 0001:0000CA34      __handle_wexitargv
 0001:0000CAC8      c1774_0
 0001:0000CD08      _signal
 0001:0000CDBC      ___org_raise
 0001:0000CDBC      _raise
 0001:0000CE50      c1794_0
 0001:0000CE50      __terminate
 0001:0000CE60      __create_shmem
 0001:0000CE68      __init_exit_proc
 0001:0000CF3C      __cleanup
 0001:0000CFA8      __lock_exit
 0001:0000CFB8      __unlock_exit
 0001:0000CFC8      c1794_2
 0001:0000CFDC      c1800_0
 0001:0000CFDC      __startupd
 0001:0000D0DC      c1804_0
 0001:0000D170      __CRTL_DLLEntryPointWrapper
 0001:0000D1D4      c1806_0
 0001:0000D1D4      ___CRTL_DLL_Lock
 0001:0000D1D8      ___CRTL_DLL_Unlock
 0001:0000D1DC      ___GetTlsIndex
 0001:0000D1DC      c1808_0
 0001:0000D1E8      ___GetStkIndex
 0001:0000D1F4      __init_tls
 0001:0000D1F4      c1808_2
 0001:0000D244      ___CRTL_TLS_Alloc
 0001:0000D244      c1810_0
 0001:0000D24C      ___CRTL_TLS_Free
 0001:0000D25C      ___CRTL_TLS_GetValue
 0001:0000D26C      ___CRTL_TLS_SetValue
 0001:0000D280      ___CRTL_TLS_InitThread
 0001:0000D288      ___CRTL_TLS_ExitThread
 0001:0000D290      ___CRTL_TLS_GetInfo
 0001:0000D294      __thread_data
 0001:0000D294      c1816_0
 0001:0000D2BC      __thread_data_new
 0001:0000D364      __thread_data_del
 0001:0000D398      c1816_3
 0001:0000D3AC      c1816_4
 0001:0000D45C      __create_lock
 0001:0000D45C      c1822_0
 0001:0000D4C0      __lock_nt
 0001:0000D4D0      __unlock_nt
 0001:0000D4E0      __lock_error
 0001:0000D51C      c1822_3
 0001:0000D534      c1900_3
 0001:0000D534      c1900_0
 0001:0000D55F      ___JumpToCatch__
 0001:0000D7C9      ___raiseDebuggerException
 0001:0000DB84      _ThrowExceptionLDTC(void *, void *, void *, void *, unsigned int, unsigned int, unsigned int, unsigned char *, void *)
 0001:0000DBB9      _ReThrowException(unsigned int, unsigned char *)
 0001:0000DC24      __Global_unwind
 0001:0000DD60      _CatchCleanup()
 0001:0000E290      __Local_unwind
 0001:0000E2A3      __Return_unwind
 0001:0000E304      ____ExceptionHandler
 0001:0000F082      __CurrExcContext
 0001:0000F0D8      __stdcall TSoft_BinTree::TSoft_BinTree(unsigned long, unsigned long)
 0001:0000F1D0      __tpdsc__ TSoft_BinTree * (rtti)
 0001:0000F1EC      __stdcall TSoft_BinTree::~TSoft_BinTree()
 0001:0000F224      __stdcall TSoft_BinTree::Initialize(unsigned char *)
 0001:0000F29C      __stdcall TSoft_BinTree::Insert()
 0001:0000F300      __stdcall TSoft_BinTree::Skip()
 0001:0000F364      __stdcall TSoft_BinTree::Delete()
 0001:0000F3AC      __stdcall TSoft_BinTree::Search_dict()
 0001:0000F468      __stdcall TSoft_BinTree::Search_brun()
 0001:0000F5A8      __stdcall TSoft_BinTree::Update(unsigned char *, unsigned long)
 0001:0000F628      __stdcall TSoft_BinTree::Optimum_brun_match(unsigned long, unsigned long)
 0001:0000F698      __stdcall TSoft_BinTree::Optimum_dict_match(unsigned long, unsigned long)
 0002:000000B0      d1_1
 0002:000000F4      ___isGUI
 0002:0000012C      ___isVCLPackage
 0002:0000012D      ___isDLL
 0002:0000012E      ___useDynamicTLS
 0002:0000012F      __TLS_index
 0002:00000133      __TLS_index4
 0002:00000137      __hInstance
 0002:000001A8      ___CPPdebugHook
 0002:000001A8      ___CPPdebugHook_segment
 0002:000001AC      __PackageInfoTable
 0002:000001B4      __odtbl__ __stdcall DllEntryPoint(void *, unsigned long, void *)
 0002:000001D4      __ectbl__ __stdcall DllEntryPoint(void *, unsigned long, void *)
 0002:0000020C      __ectbl__ __stdcall TSoft::Kop32::__list::~__list()
 0002:00000214      __ectbl__ __stdcall TSoft::Kop32::__options::~__options()
 0002:0000021C      __ectbl__ __stdcall TSoft::Kop32::__list::__destination::~__destination()
 0002:00000224      d3_1
 0002:000003E8      __odtbl__ __stdcall TSoft::Kop32::Kop32()
 0002:000003F8      __ectbl__ __stdcall TSoft::Kop32::Kop32()
 0002:0000040C      __odtbl__ __stdcall TSoft::Kop32::Execute(const char *, const char *)
 0002:0000042C      __ectbl__ __stdcall TSoft::Kop32::Execute(const char *, const char *)
 0002:00000464      __odtbl__ __stdcall TSoft::Kop32::~Kop32()
 0002:00000474      __ectbl__ __stdcall TSoft::Kop32::~Kop32()
 0002:00000488      d4_1
 0002:0000089C      __odtbl__ __stdcall Compress_LZS(void *, void *, unsigned long, unsigned long)
 0002:000008D8      __ectbl__ __stdcall Compress_LZS(void *, void *, unsigned long, unsigned long)
 0002:00000904      __odtbl__ __stdcall UnCompress_LZS(void *, unsigned long, void *)
 0002:00000924      __ectbl__ __stdcall UnCompress_LZS(void *, unsigned long, void *)
 0002:00000944      __odtbl__ __stdcall Compress_HUF(void *, void *, unsigned long, unsigned short)
 0002:00000964      __ectbl__ __stdcall Compress_HUF(void *, void *, unsigned long, unsigned short)
 0002:00000984      __odtbl__ __stdcall UnCompress_HUF(void *, unsigned long, void *)
 0002:000009A4      __ectbl__ __stdcall UnCompress_HUF(void *, unsigned long, void *)
 0002:000009C4      __odtbl__ __stdcall Compress_ARI(void *, void *, unsigned long, unsigned short)
 0002:000009E4      __ectbl__ __stdcall Compress_ARI(void *, void *, unsigned long, unsigned short)
 0002:00000A04      __odtbl__ __stdcall UnCompress_ARI(void *, unsigned long, void *)
 0002:00000A24      __ectbl__ __stdcall UnCompress_ARI(void *, unsigned long, void *)
 0002:00000A44      __odtbl__ __stdcall Cript_MTF(void *, unsigned long)
 0002:00000A64      __ectbl__ __stdcall Cript_MTF(void *, unsigned long)
 0002:00000A84      __odtbl__ __stdcall UnCript_MTF(void *, unsigned long)
 0002:00000AA4      __ectbl__ __stdcall UnCript_MTF(void *, unsigned long)
 0002:00000AC4      __odtbl__ __stdcall Compress_BWT(void *, void *, unsigned long, unsigned short)
 0002:00000AE4      __ectbl__ __stdcall Compress_BWT(void *, void *, unsigned long, unsigned short)
 0002:00000B04      __odtbl__ __stdcall TSoft_Ari::TSoft_Ari()
 0002:00000B14      __ectbl__ __stdcall TSoft_Ari::TSoft_Ari()
 0002:00000B28      __odtbl__ __stdcall TSoft_Huff::TSoft_Huff()
 0002:00000B38      __ectbl__ __stdcall TSoft_Huff::TSoft_Huff()
 0002:00000B4C      __odtbl__ __stdcall TSoft_BWTMatrix::TSoft_BWTMatrix(unsigned long)
 0002:00000B5C      __ectbl__ __stdcall TSoft_BWTMatrix::TSoft_BWTMatrix(unsigned long)
 0002:00000B70      __odtbl__ __stdcall TSoft_Mtf::TSoft_Mtf()
 0002:00000B80      __ectbl__ __stdcall TSoft_Mtf::TSoft_Mtf()
 0002:00000B94      d10_1
 0002:00000BBC      __odtbl__ __stdcall TSoft::Kop32::SeekSrc(char *)
 0002:00000BCC      __ectbl__ __stdcall TSoft::Kop32::SeekSrc(char *)
 0002:00000BEC      __odtbl__ __stdcall __stack::__stack()
 0002:00000BFC      __ectbl__ __stdcall __stack::__stack()
 0002:00000C10      d12_1
 0002:00000C14      d194_1
 0002:00000C5C      std::exception:: (rtti)
 0002:00000C70      std::bad_alloc:: (rtti)
 0002:00000C84      d198_1
 0002:00000CF8      d218_1
 0002:00000CFC      d220_1
 0002:00000D94      d230_1
 0002:00000D98      __heap_redirector
 0002:00000DB4      __virt_heap_size
 0002:00000DB4      d236_1
 0002:00000DB8      __virt_chunk_size
 0002:00000DBC      __virt_chunk_size2
 0002:00000DC0      __nv_heap_size
 0002:00000DC4      __smalloc_threshold
 0002:00000DC8      __virt_chunk_free
 0002:00000DCC      __virt_chunk_free2
 0002:00000DD0      __firstHeap
 0002:00000DD4      __lastHeap
 0002:00000DD8      __linktable
 0002:00000DDC      __freeStart
 0002:00000DE8      __rover
 0002:00000DF0      ___allocated
 0002:00000E08      d264_1
 0002:00000E40      __rwstd::__rw_stdexcept_NoNamedException
 0002:00000E40      d326_1
 0002:00000E44      __rwstd::__rw_stdexcept_BadException
 0002:00000E48      __rwstd::__rw_stdexcept_BadAllocException
 0002:00000E4C      __rwstd::__rw_stdexcept_Error
 0002:00000EE8      __odtbl__ std::bad_alloc::~bad_alloc()
 0002:00000EF8      __ectbl__ std::bad_alloc::~bad_alloc()
 0002:00000F0C      d532_0
 0002:00000F0C      ___xxPersonality
 0002:00000F10      d534_1
 0002:00001230      type_info_hash:: (rtti)
 0002:00001240      std::type_info:: (rtti)
 0002:00001250      d536_1
 0002:00001250      ___terminatePTR
 0002:00001254      ___unexpectdPTR
 0002:00001258      __chtbl__ std::terminate()
 0002:00001278      __ectbl__ std::terminate()
 0002:0000128C      d538_1
 0002:0000128C      ___CPPexceptionList
 0002:00001290      ___exceptFlags
 0002:00001294      ___throwFileName
 0002:00001298      ___throwLineNumber
 0002:0000129C      ___throwExceptionName
 0002:000012A0      ___exceptStaticBuffP
 0002:000012A4      ___exceptMemAllocVars
 0002:000012A8      ___ExceptStaticXbuff
 0002:00001328      __ExceptVarsSize
 0002:0000133C      __chtbl__ __call_terminate()
 0002:0000135C      __ectbl__ __call_terminate()
 0002:00001370      d544_1
 0002:00001370      __stkchk
 0002:00001384      __cfinfo_get
 0002:00001384      d580_1
 0002:00001388      __fileinfo
 0002:00001388      d660_0
 0002:0000138C      d732_0
 0002:0000138C      __streams
 0002:0000183C      __nfile
 0002:0000183C      d734_0
 0002:00001840      __openfd
 0002:00001908      __fmode
 0002:00001908      d744_0
 0002:0000190C      d746_1
 0002:0000190C      __fmodeptr
 0002:00001910      d808_1
 0002:00001974      __dosErrorToSV
 0002:00001974      d810_1
 0002:00001AA0      __sys_errlist
 0002:00001AA0      d842_1
 0002:00001B64      __sys_nerr
 0002:00001F1C      d910_1
 0002:00001F84      __chartype
 0002:00001F84      d1026_0
 0002:00002188      d1036_0
 0002:00002188      __upper
 0002:00002288      d1056_0
 0002:00002288      _CMonetary
 0002:000022BC      _CNumeric
 0002:000022D4      _CTimeDate
 0002:00002398      _CLOCALE
 0002:000023C4      ___locale
 0002:000024E8      d1188_1
 0002:000025A8      __realcvtptr
 0002:000025A8      d1244_1
 0002:000025AC      __nextrealptr
 0002:000025B0      __scantodptr
 0002:000025B4      __scanrsltptr
 0002:00002610      __realcvtwptr
 0002:00002610      d1246_1
 0002:00002614      __nextrealwptr
 0002:00002618      __scanwtodptr
 0002:0000261C      __scanwrsltptr
 0002:00002678      d1248_0
 0002:00002678      __default87
 0002:0000267C      __huge_flt
 0002:0000267C      d1302_0
 0002:00002680      __huge_dble
 0002:00002688      __huge_ldble
 0002:00002692      __max_flt
 0002:00002696      __max_dble
 0002:0000269E      __max_ldble
 0002:000026A8      __indefinite
 0002:000026AC      __tiny_ldble
 0002:000026B8      ___ieee_64_p_inf
 0002:000026C0      ___ieee_64_n_inf
 0002:000026C8      ___ieee_64_p_nanq
 0002:000026D0      ___ieee_64_n_nanq
 0002:000026D8      ___ieee_64_p_nans
 0002:000026E0      ___ieee_64_n_nans
 0002:000026E8      ___ieee_64_p_zero
 0002:000026F0      ___ieee_64_n_zero
 0002:000026F8      d1312_0
 0002:000026F8      __turboFloat
 0002:000026FC      __floatconvert
 0002:00002700      d1378_1
 0002:00002714      d1380_1
 0002:0000273C      d1388_1
 0002:00002764      d1390_1
 0002:0000278C      __kalpha
 0002:0000278C      d1448_1
 0002:0000278E      __kpunct
 0002:000027D4      d1584_1
 0002:000027F8      d1600_1
 0002:0000281C      d1604_1
 0002:0000281C      __messagefunc
 0002:00002820      __messagefile
 0002:0000282C      d1612_1
 0002:00002854      d1632_1
 0002:00002874      d1634_0
 0002:00002874      ___pCallAtExitProcs
 0002:00002878      __exitbuf
 0002:00002878      d1670_1
 0002:0000287C      __exitfopen
 0002:00002880      __exitopen
 0002:00002884      d1676_0
 0002:00002884      __multidll
 0002:00002888      d1696_1
 0002:00002888      __cmdline_escapes
 0002:000028B0      d1698_1
 0002:000028D4      d1752_0
 0002:000028D4      __argv_expand_ptr
 0002:000028D8      __wargv_expand_ptr
 0002:000028D8      d1754_0
 0002:000028DC      d1774_1
 0002:0000293C      __isWindows
 0002:0000293C      d1792_0
 0002:00002940      d1794_1
 0002:0000295C      d1804_1
 0002:00002AAC      d1816_1
 0002:00002AC8      d1822_1
 0002:00002ADC      ___debuggerDisableTerminateCallback
 0002:00002ADC      d1900_1
 0002:00003368      __odtbl__ __stdcall TSoft_BinTree::TSoft_BinTree(unsigned long, unsigned long)
 0002:00003378      __ectbl__ __stdcall TSoft_BinTree::TSoft_BinTree(unsigned long, unsigned long)
 0003:00000000      b2_2
 0003:00000000      _Kop
 0003:00000004      b3_2
 0003:00000104      __new_handler
 0003:00000104      b198_2
 0003:00000108      ___bad_alloc
 0003:0000010C      b220_2
 0003:0000010C      __bormm_pfn_FreeMem
 0003:00000110      __bormm_pfn_GetMem
 0003:00000114      __bormm_pfn_ReallocMem
 0003:00000118      __bormm_pfn_HeapAddRef
 0003:0000011C      __bormm_pfn_HeapRelease
 0003:00000124      __heap_lock
 0003:00000124      b236_2
 0003:00000128      b264_2
 0003:00000154      b326_2
 0003:00000154      __rwstd::__rw_error_msg_mutex
 0003:00000170      b534_2
 0003:00000580      b538_2
 0003:00000580      __DestructorCountPtr
 0003:00000588      b544_2
 0003:00000588      __HandlerPtr
 0003:0000058C      __UserHandlerPtr
 0003:00000590      __pidtab
 0003:00000590      b734_1
 0003:00000658      __handles
 0003:00000720      b808_2
 0003:00000728      b910_2
 0003:00000730      b1448_2
 0003:00000730      __mbctype
 0003:00000834      __mbcsCodePage
 0003:00000838      b1584_2
 0003:00000938      b1600_2
 0003:00000954      b1612_2
 0003:00000954      __ostype
 0003:00000958      b1696_2
 0003:0000095C      b1698_2
 0003:00000960      __pRawDllMain
 0003:00000960      b1790_0
 0003:00000964      b1792_1
 0003:00000964      __C0argc
 0003:00000968      __C0argv
 0003:0000096C      __C0environ
 0003:00000970      __oscmd
 0003:00000974      __osenv
 0003:00000978      __argc
 0003:0000097C      __dll_table
 0003:00000984      __ExcRegPtr
 0003:00000988      __wosenv
 0003:0000098C      __woscmd
 0003:00000990      ___exit_lock
 0003:00000994      __wC0argv
 0003:00000998      __wC0environ
 0003:0000099C      __exe_table
 0003:000009A4      __stkbase
 0003:000009A8      b1800_1
 0003:000009AC      b1804_2
 0003:000009B0      b1816_2
 0003:000009B8      b1822_2
 0003:000039BC      b1900_2
 0003:000039C0      ___pCPPdebugHook
 0004:00000000      ___xxInfo
 0004:00000000      t538_3
 0004:0000009C      __stkindex
 0004:0000009C      t1808_1
 0004:000000A0      __tlsindex
